Archive member included to satisfy reference by file (symbol)

C:/ST/STM32CubeIDE_1.13.2/STM32CubeIDE/plugins/com.st.stm32cube.ide.mcu.externaltools.gnu-tools-for-stm32.12.3.rel1.win32_1.0.100.202403111256/tools/bin/../lib/gcc/arm-none-eabi/12.3.1/../../../../arm-none-eabi/lib/thumb/v7e-m+dp/hard\libc_nano.a(libc_a-exit.o)
                              C:/ST/STM32CubeIDE_1.13.2/STM32CubeIDE/plugins/com.st.stm32cube.ide.mcu.externaltools.gnu-tools-for-stm32.12.3.rel1.win32_1.0.100.202403111256/tools/bin/../lib/gcc/arm-none-eabi/12.3.1/../../../../arm-none-eabi/lib/thumb/v7e-m+dp/hard/crt0.o (exit)
C:/ST/STM32CubeIDE_1.13.2/STM32CubeIDE/plugins/com.st.stm32cube.ide.mcu.externaltools.gnu-tools-for-stm32.12.3.rel1.win32_1.0.100.202403111256/tools/bin/../lib/gcc/arm-none-eabi/12.3.1/../../../../arm-none-eabi/lib/thumb/v7e-m+dp/hard\libc_nano.a(libc_a-findfp.o)
                              C:/ST/STM32CubeIDE_1.13.2/STM32CubeIDE/plugins/com.st.stm32cube.ide.mcu.externaltools.gnu-tools-for-stm32.12.3.rel1.win32_1.0.100.202403111256/tools/bin/../lib/gcc/arm-none-eabi/12.3.1/../../../../arm-none-eabi/lib/thumb/v7e-m+dp/hard\libc_nano.a(libc_a-exit.o) (__stdio_exit_handler)
C:/ST/STM32CubeIDE_1.13.2/STM32CubeIDE/plugins/com.st.stm32cube.ide.mcu.externaltools.gnu-tools-for-stm32.12.3.rel1.win32_1.0.100.202403111256/tools/bin/../lib/gcc/arm-none-eabi/12.3.1/../../../../arm-none-eabi/lib/thumb/v7e-m+dp/hard\libc_nano.a(libc_a-fwalk.o)
                              C:/ST/STM32CubeIDE_1.13.2/STM32CubeIDE/plugins/com.st.stm32cube.ide.mcu.externaltools.gnu-tools-for-stm32.12.3.rel1.win32_1.0.100.202403111256/tools/bin/../lib/gcc/arm-none-eabi/12.3.1/../../../../arm-none-eabi/lib/thumb/v7e-m+dp/hard\libc_nano.a(libc_a-findfp.o) (_fwalk_sglue)
C:/ST/STM32CubeIDE_1.13.2/STM32CubeIDE/plugins/com.st.stm32cube.ide.mcu.externaltools.gnu-tools-for-stm32.12.3.rel1.win32_1.0.100.202403111256/tools/bin/../lib/gcc/arm-none-eabi/12.3.1/../../../../arm-none-eabi/lib/thumb/v7e-m+dp/hard\libc_nano.a(libc_a-stdio.o)
                              C:/ST/STM32CubeIDE_1.13.2/STM32CubeIDE/plugins/com.st.stm32cube.ide.mcu.externaltools.gnu-tools-for-stm32.12.3.rel1.win32_1.0.100.202403111256/tools/bin/../lib/gcc/arm-none-eabi/12.3.1/../../../../arm-none-eabi/lib/thumb/v7e-m+dp/hard\libc_nano.a(libc_a-findfp.o) (__sread)
C:/ST/STM32CubeIDE_1.13.2/STM32CubeIDE/plugins/com.st.stm32cube.ide.mcu.externaltools.gnu-tools-for-stm32.12.3.rel1.win32_1.0.100.202403111256/tools/bin/../lib/gcc/arm-none-eabi/12.3.1/../../../../arm-none-eabi/lib/thumb/v7e-m+dp/hard\libc_nano.a(libc_a-memset.o)
                              C:/ST/STM32CubeIDE_1.13.2/STM32CubeIDE/plugins/com.st.stm32cube.ide.mcu.externaltools.gnu-tools-for-stm32.12.3.rel1.win32_1.0.100.202403111256/tools/bin/../lib/gcc/arm-none-eabi/12.3.1/../../../../arm-none-eabi/lib/thumb/v7e-m+dp/hard/crt0.o (memset)
C:/ST/STM32CubeIDE_1.13.2/STM32CubeIDE/plugins/com.st.stm32cube.ide.mcu.externaltools.gnu-tools-for-stm32.12.3.rel1.win32_1.0.100.202403111256/tools/bin/../lib/gcc/arm-none-eabi/12.3.1/../../../../arm-none-eabi/lib/thumb/v7e-m+dp/hard\libc_nano.a(libc_a-closer.o)
                              C:/ST/STM32CubeIDE_1.13.2/STM32CubeIDE/plugins/com.st.stm32cube.ide.mcu.externaltools.gnu-tools-for-stm32.12.3.rel1.win32_1.0.100.202403111256/tools/bin/../lib/gcc/arm-none-eabi/12.3.1/../../../../arm-none-eabi/lib/thumb/v7e-m+dp/hard\libc_nano.a(libc_a-stdio.o) (_close_r)
C:/ST/STM32CubeIDE_1.13.2/STM32CubeIDE/plugins/com.st.stm32cube.ide.mcu.externaltools.gnu-tools-for-stm32.12.3.rel1.win32_1.0.100.202403111256/tools/bin/../lib/gcc/arm-none-eabi/12.3.1/../../../../arm-none-eabi/lib/thumb/v7e-m+dp/hard\libc_nano.a(libc_a-reent.o)
                              C:/ST/STM32CubeIDE_1.13.2/STM32CubeIDE/plugins/com.st.stm32cube.ide.mcu.externaltools.gnu-tools-for-stm32.12.3.rel1.win32_1.0.100.202403111256/tools/bin/../lib/gcc/arm-none-eabi/12.3.1/../../../../arm-none-eabi/lib/thumb/v7e-m+dp/hard\libc_nano.a(libc_a-closer.o) (errno)
C:/ST/STM32CubeIDE_1.13.2/STM32CubeIDE/plugins/com.st.stm32cube.ide.mcu.externaltools.gnu-tools-for-stm32.12.3.rel1.win32_1.0.100.202403111256/tools/bin/../lib/gcc/arm-none-eabi/12.3.1/../../../../arm-none-eabi/lib/thumb/v7e-m+dp/hard\libc_nano.a(libc_a-impure.o)
                              C:/ST/STM32CubeIDE_1.13.2/STM32CubeIDE/plugins/com.st.stm32cube.ide.mcu.externaltools.gnu-tools-for-stm32.12.3.rel1.win32_1.0.100.202403111256/tools/bin/../lib/gcc/arm-none-eabi/12.3.1/../../../../arm-none-eabi/lib/thumb/v7e-m+dp/hard\libc_nano.a(libc_a-reent.o) (_impure_ptr)
C:/ST/STM32CubeIDE_1.13.2/STM32CubeIDE/plugins/com.st.stm32cube.ide.mcu.externaltools.gnu-tools-for-stm32.12.3.rel1.win32_1.0.100.202403111256/tools/bin/../lib/gcc/arm-none-eabi/12.3.1/../../../../arm-none-eabi/lib/thumb/v7e-m+dp/hard\libc_nano.a(libc_a-lseekr.o)
[...]
Memory Configuration

Name             Origin             Length             Attributes
ITCMRAM          0x00000000         0x00010000         xrw
FLASH            0x08000000         0x00020000         xr
DTCMRAM1         0x20000000         0x00010000         xrw
DTCMRAM2         0x20010000         0x00010000         xrw
RAM              0x24000000         0x00100000         xrw
RAM_CD           0x30000000         0x00020000         xrw
RAM_SRD          0x38000000         0x00008000         xrw
*default*        0x00000000         0xffffffff

Linker script and memory map

LOAD C:/ST/STM32CubeIDE_1.13.2/STM32CubeIDE/plugins/com.st.stm32cube.ide.mcu.externaltools.gnu-tools-for-stm32.12.3.rel1.win32_1.0.100.202403111256/tools/bin/../lib/gcc/arm-none-eabi/12.3.1/thumb/v7e-m+dp/hard/crti.o
LOAD C:/ST/STM32CubeIDE_1.13.2/STM32CubeIDE/plugins/com.st.stm32cube.ide.mcu.externaltools.gnu-tools-for-stm32.12.3.rel1.win32_1.0.100.202403111256/tools/bin/../lib/gcc/arm-none-eabi/12.3.1/thumb/v7e-m+dp/hard/crtbegin.o
LOAD C:/ST/STM32CubeIDE_1.13.2/STM32CubeIDE/plugins/com.st.stm32cube.ide.mcu.externaltools.gnu-tools-for-stm32.12.3.rel1.win32_1.0.100.202403111256/tools/bin/../lib/gcc/arm-none-eabi/12.3.1/../../../../arm-none-eabi/lib/thumb/v7e-m+dp/hard/crt0.o
LOAD ./Core/Src/config.o
LOAD ./Core/Src/functions.o
LOAD ./Core/Src/main.o
LOAD ./Core/Src/stm32h7xx_hal_msp.o
LOAD ./Core/Src/stm32h7xx_it.o
LOAD ./Core/Src/syscalls.o
LOAD ./Core/Src/sysmem.o
LOAD ./Core/Src/system_stm32h7xx.o
LOAD ./Core/Src/transfer_functions.o
LOAD ./Core/Startup/startup_stm32h7b0rbtx.o
LOAD ./Drivers/STM32H7xx_HAL_Driver/Src/stm32h7xx_hal.o
LOAD ./Drivers/STM32H7xx_HAL_Driver/Src/stm32h7xx_hal_adc.o
LOAD ./Drivers/STM32H7xx_HAL_Driver/Src/stm32h7xx_hal_adc_ex.o
LOAD ./Drivers/STM32H7xx_HAL_Driver/Src/stm32h7xx_hal_cortex.o
LOAD ./Drivers/STM32H7xx_HAL_Driver/Src/stm32h7xx_hal_dma.o
LOAD ./Drivers/STM32H7xx_HAL_Driver/Src/stm32h7xx_hal_dma_ex.o
LOAD ./Drivers/STM32H7xx_HAL_Driver/Src/stm32h7xx_hal_exti.o
LOAD ./Drivers/STM32H7xx_HAL_Driver/Src/stm32h7xx_hal_fdcan.o
LOAD ./Drivers/STM32H7xx_HAL_Driver/Src/stm32h7xx_hal_flash.o
LOAD ./Drivers/STM32H7xx_HAL_Driver/Src/stm32h7xx_hal_flash_ex.o
LOAD ./Drivers/STM32H7xx_HAL_Driver/Src/stm32h7xx_hal_gpio.o
LOAD ./Drivers/STM32H7xx_HAL_Driver/Src/stm32h7xx_hal_hsem.o
LOAD ./Drivers/STM32H7xx_HAL_Driver/Src/stm32h7xx_hal_i2c.o
LOAD ./Drivers/STM32H7xx_HAL_Driver/Src/stm32h7xx_hal_i2c_ex.o
LOAD ./Drivers/STM32H7xx_HAL_Driver/Src/stm32h7xx_hal_mdma.o
LOAD ./Drivers/STM32H7xx_HAL_Driver/Src/stm32h7xx_hal_pwr.o
LOAD ./Drivers/STM32H7xx_HAL_Driver/Src/stm32h7xx_hal_pwr_ex.o
LOAD ./Drivers/STM32H7xx_HAL_Driver/Src/stm32h7xx_hal_rcc.o
LOAD ./Drivers/STM32H7xx_HAL_Driver/Src/stm32h7xx_hal_rcc_ex.o
LOAD ./Drivers/STM32H7xx_HAL_Driver/Src/stm32h7xx_hal_tim.o
LOAD ./Drivers/STM32H7xx_HAL_Driver/Src/stm32h7xx_hal_tim_ex.o
START GROUP
LOAD C:/ST/STM32CubeIDE_1.13.2/STM32CubeIDE/plugins/com.st.stm32cube.ide.mcu.externaltools.gnu-tools-for-stm32.12.3.rel1.win32_1.0.100.202403111256/tools/bin/../lib/gcc/arm-none-eabi/12.3.1/../../../../arm-none-eabi/lib/thumb/v7e-m+dp/hard\libc_nano.a
LOAD C:/ST/STM32CubeIDE_1.13.2/STM32CubeIDE/plugins/com.st.stm32cube.ide.mcu.externaltools.gnu-tools-for-stm32.12.3.rel1.win32_1.0.100.202403111256/tools/bin/../lib/gcc/arm-none-eabi/12.3.1/../../../../arm-none-eabi/lib/thumb/v7e-m+dp/hard\libm.a
END GROUP
START GROUP
LOAD C:/ST/STM32CubeIDE_1.13.2/STM32CubeIDE/plugins/com.st.stm32cube.ide.mcu.externaltools.gnu-tools-for-stm32.12.3.rel1.win32_1.0.100.202403111256/tools/bin/../lib/gcc/arm-none-eabi/12.3.1/thumb/v7e-m+dp/hard\libgcc.a
LOAD C:/ST/STM32CubeIDE_1.13.2/STM32CubeIDE/plugins/com.st.stm32cube.ide.mcu.externaltools.gnu-tools-for-stm32.12.3.rel1.win32_1.0.100.202403111256/tools/bin/../lib/gcc/arm-none-eabi/12.3.1/../../../../arm-none-eabi/lib/thumb/v7e-m+dp/hard\libc_nano.a
END GROUP
START GROUP
LOAD C:/ST/STM32CubeIDE_1.13.2/STM32CubeIDE/plugins/com.st.stm32cube.ide.mcu.externaltools.gnu-tools-for-stm32.12.3.rel1.win32_1.0.100.202403111256/tools/bin/../lib/gcc/arm-none-eabi/12.3.1/thumb/v7e-m+dp/hard\libgcc.a
LOAD C:/ST/STM32CubeIDE_1.13.2/STM32CubeIDE/plugins/com.st.stm32cube.ide.mcu.externaltools.gnu-tools-for-stm32.12.3.rel1.win32_1.0.100.202403111256/tools/bin/../lib/gcc/arm-none-eabi/12.3.1/../../../../arm-none-eabi/lib/thumb/v7e-m+dp/hard\libc_nano.a
LOAD C:/ST/STM32CubeIDE_1.13.2/STM32CubeIDE/plugins/com.st.stm32cube.ide.mcu.externaltools.gnu-tools-for-stm32.12.3.rel1.win32_1.0.100.202403111256/tools/bin/../lib/gcc/arm-none-eabi/12.3.1/../../../../arm-none-eabi/lib/thumb/v7e-m+dp/hard\libnosys.a
END GROUP
START GROUP
LOAD C:/ST/STM32CubeIDE_1.13.2/STM32CubeIDE/plugins/com.st.stm32cube.ide.mcu.externaltools.gnu-tools-for-stm32.12.3.rel1.win32_1.0.100.202403111256/tools/bin/../lib/gcc/arm-none-eabi/12.3.1/thumb/v7e-m+dp/hard\libgcc.a
LOAD C:/ST/STM32CubeIDE_1.13.2/STM32CubeIDE/plugins/com.st.stm32cube.ide.mcu.externaltools.gnu-tools-for-stm32.12.3.rel1.win32_1.0.100.202403111256/tools/bin/../lib/gcc/arm-none-eabi/12.3.1/../../../../arm-none-eabi/lib/thumb/v7e-m+dp/hard\libc_nano.a
LOAD C:/ST/STM32CubeIDE_1.13.2/STM32CubeIDE/plugins/com.st.stm32cube.ide.mcu.externaltools.gnu-tools-for-stm32.12.3.rel1.win32_1.0.100.202403111256/tools/bin/../lib/gcc/arm-none-eabi/12.3.1/../../../../arm-none-eabi/lib/thumb/v7e-m+dp/hard\libnosys.a
END GROUP
LOAD C:/ST/STM32CubeIDE_1.13.2/STM32CubeIDE/plugins/com.st.stm32cube.ide.mcu.externaltools.gnu-tools-for-stm32.12.3.rel1.win32_1.0.100.202403111256/tools/bin/../lib/gcc/arm-none-eabi/12.3.1/thumb/v7e-m+dp/hard/crtend.o
LOAD C:/ST/STM32CubeIDE_1.13.2/STM32CubeIDE/plugins/com.st.stm32cube.ide.mcu.externaltools.gnu-tools-for-stm32.12.3.rel1.win32_1.0.100.202403111256/tools/bin/../lib/gcc/arm-none-eabi/12.3.1/thumb/v7e-m+dp/hard/crtn.o
                0x24100000                        _estack = (ORIGIN (RAM) + LENGTH (RAM))
                0x00000200                        _Min_Heap_Size = 0x200
                0x00000400                        _Min_Stack_Size = 0x400

.isr_vector     0x08000000      0x2ac
                0x08000000                        . = ALIGN (0x4)
 *(.isr_vector)
 .isr_vector    0x08000000      0x2ac ./Core/Startup/startup_stm32h7b0rbtx.o
                0x08000000                g_pfnVectors
                0x080002ac                        . = ALIGN (0x4)

.text           0x080002ac     0xad80
                0x080002ac                        . = ALIGN (0x4)
 *(.text)
 .text          0x080002ac       0x40 C:/ST/STM32CubeIDE_1.13.2/STM32CubeIDE/plugins/com.st.stm32cube.ide.mcu.externaltools.gnu-tools-for-stm32.12.3.rel1.win32_1.0.100.202403111256/tools/bin/../lib/gcc/arm-none-eabi/12.3.1/thumb/v7e-m+dp/hard/crtbegin.o
 *(.text*)
 .text.Config_Setup
                0x080002ec        0xc ./Core/Src/config.o
                0x080002ec                Config_Setup
 .text.Config_1
                0x080002f8       0xe0 ./Core/Src/config.o
                0x080002f8                Config_1
 .text.CanSend  0x080003d8       0x3c ./Core/Src/functions.o
                0x080003d8                CanSend
 .text.HAL_FDCAN_RxFifo0Callback
                0x08000414       0x54 ./Core/Src/functions.o
                0x08000414                HAL_FDCAN_RxFifo0Callback
 .text.print    0x08000468       0x6c ./Core/Src/functions.o
                0x08000468                print
 .text.decode   0x080004d4       0x7c ./Core/Src/functions.o
                0x080004d4                decode
 .text.main     0x08000550       0xe4 ./Core/Src/main.o
                0x08000550                main
 .text.SystemClock_Config
                0x08000634       0xec ./Core/Src/main.o
                0x08000634                SystemClock_Config
 .text.MX_ADC1_Init
                0x08000720      0x2ec ./Core/Src/main.o
 .text.MX_FDCAN1_Init
                0x08000a0c      0x10c ./Core/Src/main.o
 .text.MX_FDCAN2_Init
                0x08000b18       0xf8 ./Core/Src/main.o
 .text.MX_I2C1_Init
                0x08000c10       0x80 ./Core/Src/main.o
 .text.MX_I2C3_Init
                0x08000c90       0x80 ./Core/Src/main.o
 .text.MX_I2C4_Init
                0x08000d10       0x80 ./Core/Src/main.o
 .text.MX_TIM1_Init
                0x08000d90       0xa8 ./Core/Src/main.o
 .text.MX_TIM3_Init
                0x08000e38       0x9c ./Core/Src/main.o
 .text.MX_DMA_Init
                0x08000ed4       0x40 ./Core/Src/main.o
 .text.MX_GPIO_Init
                0x08000f14       0x90 ./Core/Src/main.o
 .text.HAL_ADC_ConvCpltCallback
                0x08000fa4       0xe8 ./Core/Src/main.o
                0x08000fa4                HAL_ADC_ConvCpltCallback
 .text.Error_Handler
                0x0800108c        0xc ./Core/Src/main.o
                0x0800108c                Error_Handler
 .text.HAL_MspInit
                0x08001098       0x34 ./Core/Src/stm32h7xx_hal_msp.o
                0x08001098                HAL_MspInit
 .text.HAL_ADC_MspInit
                0x080010cc      0x1d0 ./Core/Src/stm32h7xx_hal_msp.o
                0x080010cc                HAL_ADC_MspInit
 .text.HAL_FDCAN_MspInit
                0x0800129c      0x1b0 ./Core/Src/stm32h7xx_hal_msp.o
                0x0800129c                HAL_FDCAN_MspInit
 .text.HAL_I2C_MspInit
                0x0800144c      0x260 ./Core/Src/stm32h7xx_hal_msp.o
                0x0800144c                HAL_I2C_MspInit
 .text.HAL_TIM_Base_MspInit
                0x080016ac       0x80 ./Core/Src/stm32h7xx_hal_msp.o
                0x080016ac                HAL_TIM_Base_MspInit
 .text.NMI_Handler
                0x0800172c        0x8 ./Core/Src/stm32h7xx_it.o
                0x0800172c                NMI_Handler
 .text.HardFault_Handler
                0x08001734        0x8 ./Core/Src/stm32h7xx_it.o
                0x08001734                HardFault_Handler
 .text.MemManage_Handler
                0x0800173c        0x8 ./Core/Src/stm32h7xx_it.o
                0x0800173c                MemManage_Handler
 .text.BusFault_Handler
                0x08001744        0x8 ./Core/Src/stm32h7xx_it.o
                0x08001744                BusFault_Handler
 .text.UsageFault_Handler
                0x0800174c        0x8 ./Core/Src/stm32h7xx_it.o
                0x0800174c                UsageFault_Handler
 .text.SVC_Handler
                0x08001754        0xe ./Core/Src/stm32h7xx_it.o
                0x08001754                SVC_Handler
 .text.DebugMon_Handler
                0x08001762        0xe ./Core/Src/stm32h7xx_it.o
                0x08001762                DebugMon_Handler
 .text.PendSV_Handler
                0x08001770        0xe ./Core/Src/stm32h7xx_it.o
                0x08001770                PendSV_Handler
 .text.SysTick_Handler
                0x0800177e        0xc ./Core/Src/stm32h7xx_it.o
                0x0800177e                SysTick_Handler
 *fill*         0x0800178a        0x2 
 .text.DMA1_Stream0_IRQHandler
                0x0800178c       0x14 ./Core/Src/stm32h7xx_it.o
                0x0800178c                DMA1_Stream0_IRQHandler
 .text.FDCAN1_IT0_IRQHandler
                0x080017a0       0x14 ./Core/Src/stm32h7xx_it.o
                0x080017a0                FDCAN1_IT0_IRQHandler
 .text.TIM3_IRQHandler
                0x080017b4       0x38 ./Core/Src/stm32h7xx_it.o
                0x080017b4                TIM3_IRQHandler
 .text.SystemInit
                0x080017ec       0xf0 ./Core/Src/system_stm32h7xx.o
                0x080017ec                SystemInit
 .text.TF_Select
                0x080018dc      0x11c ./Core/Src/transfer_functions.o
                0x080018dc                TF_Select
 .text.TF_3V3   0x080019f8       0x3c ./Core/Src/transfer_functions.o
                0x080019f8                TF_3V3
 .text.TF_5V    0x08001a34       0x3c ./Core/Src/transfer_functions.o
                0x08001a34                TF_5V
 .text.TF_BPPS  0x08001a70       0x3c ./Core/Src/transfer_functions.o
                0x08001a70                TF_BPPS
 .text.TF_APPS  0x08001aac       0x3c ./Core/Src/transfer_functions.o
                0x08001aac                TF_APPS
 .text.TF_FRONT_HEAVE
                0x08001ae8       0x1a ./Core/Src/transfer_functions.o
                0x08001ae8                TF_FRONT_HEAVE
 .text.TF_REAR_HEAVE
                0x08001b02       0x1a ./Core/Src/transfer_functions.o
                0x08001b02                TF_REAR_HEAVE
 .text.TF_FRONT_ROLL
                0x08001b1c       0x1a ./Core/Src/transfer_functions.o
                0x08001b1c                TF_FRONT_ROLL
 .text.TF_REAR_ROLL
                0x08001b36       0x1a ./Core/Src/transfer_functions.o
                0x08001b36                TF_REAR_ROLL
 .text.TF_TYRE_TEMP
                0x08001b50       0x1a ./Core/Src/transfer_functions.o
                0x08001b50                TF_TYRE_TEMP
 .text.TF_ANGLE_GEAR
                0x08001b6a       0x1a ./Core/Src/transfer_functions.o
                0x08001b6a                TF_ANGLE_GEAR
 .text.TF_WATER_LVL
                0x08001b84       0x1a ./Core/Src/transfer_functions.o
                0x08001b84                TF_WATER_LVL
 .text.TF_BRK_PRES
                0x08001b9e       0x1a ./Core/Src/transfer_functions.o
                0x08001b9e                TF_BRK_PRES
 .text.Reset_Handler
                0x08001bb8       0x50 ./Core/Startup/startup_stm32h7b0rbtx.o
                0x08001bb8                Reset_Handler
 .text.Default_Handler
                0x08001c08        0x2 ./Core/Startup/startup_stm32h7b0rbtx.o
                0x08001c08                RTC_Alarm_IRQHandler
                0x08001c08                HASH_RNG_IRQHandler
                0x08001c08                EXTI2_IRQHandler
                0x08001c08                TIM8_CC_IRQHandler
                0x08001c08                UART8_IRQHandler
                0x08001c08                BDMA2_Channel1_IRQHandler
                0x08001c08                SPI4_IRQHandler
                0x08001c08                BDMA2_Channel0_IRQHandler
                0x08001c08                TIM1_CC_IRQHandler
                0x08001c08                DMA2_Stream5_IRQHandler
                0x08001c08                JPEG_IRQHandler
                0x08001c08                DMA1_Stream5_IRQHandler
                0x08001c08                EXTI3_IRQHandler
                0x08001c08                LPTIM4_IRQHandler
                0x08001c08                TIM8_TRG_COM_TIM14_IRQHandler
                0x08001c08                LPTIM2_IRQHandler
                0x08001c08                DFSDM1_FLT1_IRQHandler
                0x08001c08                DMAMUX2_OVR_IRQHandler
                0x08001c08                GFXMMU_IRQHandler
                0x08001c08                TIM8_UP_TIM13_IRQHandler
                0x08001c08                I2C3_ER_IRQHandler
                0x08001c08                DFSDM1_FLT2_IRQHandler
                0x08001c08                USART10_IRQHandler
                0x08001c08                MDMA_IRQHandler
                0x08001c08                LPTIM3_IRQHandler
                0x08001c08                BDMA2_Channel3_IRQHandler
                0x08001c08                HSEM1_IRQHandler
                0x08001c08                EXTI0_IRQHandler
                0x08001c08                I2C2_EV_IRQHandler
                0x08001c08                DAC2_IRQHandler
                0x08001c08                DMA1_Stream2_IRQHandler
                0x08001c08                FPU_IRQHandler
                0x08001c08                OTG_HS_WKUP_IRQHandler
                0x08001c08                FDCAN1_IT1_IRQHandler
                0x08001c08                LTDC_ER_IRQHandler
                0x08001c08                DMA2_Stream2_IRQHandler
                0x08001c08                SPI1_IRQHandler
                0x08001c08                OCTOSPI1_IRQHandler
                0x08001c08                TIM6_DAC_IRQHandler
                0x08001c08                BDMA2_Channel6_IRQHandler
                0x08001c08                DMA2_Stream3_IRQHandler
                0x08001c08                OCTOSPI2_IRQHandler
                0x08001c08                SAI2_IRQHandler
                0x08001c08                BDMA1_IRQHandler
                0x08001c08                DFSDM1_FLT3_IRQHandler
                0x08001c08                USART6_IRQHandler
                0x08001c08                TIM17_IRQHandler
                0x08001c08                USART3_IRQHandler
                0x08001c08                CRYP_IRQHandler
                0x08001c08                LPTIM5_IRQHandler
                0x08001c08                UART5_IRQHandler
                0x08001c08                DMA2_Stream0_IRQHandler
                0x08001c08                TIM4_IRQHandler
                0x08001c08                I2C1_EV_IRQHandler
                0x08001c08                DMA1_Stream6_IRQHandler
                0x08001c08                DMAMUX1_OVR_IRQHandler
                0x08001c08                DMA1_Stream1_IRQHandler
                0x08001c08                TIM16_IRQHandler
                0x08001c08                UART4_IRQHandler
                0x08001c08                RCC_IRQHandler
                0x08001c08                UART9_IRQHandler
                0x08001c08                TIM8_BRK_TIM12_IRQHandler
                0x08001c08                TIM1_TRG_COM_IRQHandler
                0x08001c08                Default_Handler
                0x08001c08                ECC_IRQHandler
                0x08001c08                BDMA2_Channel2_IRQHandler
                0x08001c08                CEC_IRQHandler
                0x08001c08                EXTI15_10_IRQHandler
                0x08001c08                DFSDM1_FLT4_IRQHandler
                0x08001c08                ADC_IRQHandler
                0x08001c08                OTFDEC1_IRQHandler
                0x08001c08                DMA1_Stream7_IRQHandler
                0x08001c08                SPI5_IRQHandler
                0x08001c08                TIM7_IRQHandler
                0x08001c08                SDMMC1_IRQHandler
                0x08001c08                TIM5_IRQHandler
                0x08001c08                DMA2_Stream7_IRQHandler
                0x08001c08                TIM15_IRQHandler
                0x08001c08                I2C3_EV_IRQHandler
                0x08001c08                DFSDM2_IRQHandler
                0x08001c08                EXTI9_5_IRQHandler
                0x08001c08                RTC_WKUP_IRQHandler
                0x08001c08                LTDC_IRQHandler
                0x08001c08                SPDIF_RX_IRQHandler
                0x08001c08                PVD_PVM_IRQHandler
                0x08001c08                SPI2_IRQHandler
                0x08001c08                OTG_HS_EP1_IN_IRQHandler
                0x08001c08                DFSDM1_FLT5_IRQHandler
                0x08001c08                OTFDEC2_IRQHandler
                0x08001c08                CRS_IRQHandler
                0x08001c08                EXTI4_IRQHandler
                0x08001c08                DFSDM1_FLT6_IRQHandler
                0x08001c08                FDCAN2_IT1_IRQHandler
                0x08001c08                COMP_IRQHandler
                0x08001c08                TIM1_UP_IRQHandler
                0x08001c08                OTG_HS_EP1_OUT_IRQHandler
                0x08001c08                WWDG_IRQHandler
                0x08001c08                SPI6_IRQHandler
                0x08001c08                MDIOS_IRQHandler
                0x08001c08                I2C4_EV_IRQHandler
                0x08001c08                FDCAN2_IT0_IRQHandler
                0x08001c08                LPUART1_IRQHandler
                0x08001c08                TIM2_IRQHandler
                0x08001c08                BDMA2_Channel5_IRQHandler
                0x08001c08                OTG_HS_IRQHandler
                0x08001c08                DMA2D_IRQHandler
                0x08001c08                TIM1_BRK_IRQHandler
                0x08001c08                EXTI1_IRQHandler
                0x08001c08                SDMMC2_IRQHandler
                0x08001c08                DTS_IRQHandler
                0x08001c08                UART7_IRQHandler
                0x08001c08                MDIOS_WKUP_IRQHandler
                0x08001c08                USART2_IRQHandler
                0x08001c08                DFSDM1_FLT0_IRQHandler
                0x08001c08                I2C2_ER_IRQHandler
                0x08001c08                DMA2_Stream1_IRQHandler
                0x08001c08                DFSDM1_FLT7_IRQHandler
                0x08001c08                FLASH_IRQHandler
                0x08001c08                DMA2_Stream4_IRQHandler
                0x08001c08                USART1_IRQHandler
                0x08001c08                SPI3_IRQHandler
                0x08001c08                WAKEUP_PIN_IRQHandler
                0x08001c08                DMA1_Stream4_IRQHandler
                0x08001c08                I2C1_ER_IRQHandler
                0x08001c08                FMC_IRQHandler
                0x08001c08                BDMA2_Channel7_IRQHandler
                0x08001c08                FDCAN_CAL_IRQHandler
                0x08001c08                SWPMI1_IRQHandler
                0x08001c08                LPTIM1_IRQHandler
                0x08001c08                DCMI_PSSI_IRQHandler
                0x08001c08                I2C4_ER_IRQHandler
                0x08001c08                DMA2_Stream6_IRQHandler
                0x08001c08                SAI1_IRQHandler
                0x08001c08                DMA1_Stream3_IRQHandler
                0x08001c08                RTC_TAMP_STAMP_CSS_LSE_IRQHandler
                0x08001c08                BDMA2_Channel4_IRQHandler
 *fill*         0x08001c0a        0x2 
 .text.HAL_Init
                0x08001c0c       0x78 ./Drivers/STM32H7xx_HAL_Driver/Src/stm32h7xx_hal.o
                0x08001c0c                HAL_Init
 .text.HAL_InitTick
                0x08001c84       0x6c ./Drivers/STM32H7xx_HAL_Driver/Src/stm32h7xx_hal.o
                0x08001c84                HAL_InitTick
 .text.HAL_IncTick
                0x08001cf0       0x28 ./Drivers/STM32H7xx_HAL_Driver/Src/stm32h7xx_hal.o
                0x08001cf0                HAL_IncTick
 .text.HAL_GetTick
                0x08001d18       0x18 ./Drivers/STM32H7xx_HAL_Driver/Src/stm32h7xx_hal.o
                0x08001d18                HAL_GetTick
 .text.LL_ADC_SetCommonClock
                0x08001d30       0x26 ./Drivers/STM32H7xx_HAL_Driver/Src/stm32h7xx_hal_adc.o
 .text.LL_ADC_SetCommonPathInternalCh
                0x08001d56       0x26 ./Drivers/STM32H7xx_HAL_Driver/Src/stm32h7xx_hal_adc.o
 .text.LL_ADC_GetCommonPathInternalCh
                0x08001d7c       0x1c ./Drivers/STM32H7xx_HAL_Driver/Src/stm32h7xx_hal_adc.o
 .text.LL_ADC_SetOffset
                0x08001d98       0x40 ./Drivers/STM32H7xx_HAL_Driver/Src/stm32h7xx_hal_adc.o
 .text.LL_ADC_SetDataRightShift
                0x08001dd8       0x32 ./Drivers/STM32H7xx_HAL_Driver/Src/stm32h7xx_hal_adc.o
 .text.LL_ADC_SetOffsetSignedSaturation
                0x08001e0a       0x36 ./Drivers/STM32H7xx_HAL_Driver/Src/stm32h7xx_hal_adc.o
 .text.LL_ADC_REG_IsTriggerSourceSWStart
                0x08001e40       0x26 ./Drivers/STM32H7xx_HAL_Driver/Src/stm32h7xx_hal_adc.o
 .text.LL_ADC_REG_SetSequencerRanks
                0x08001e66       0x58 ./Drivers/STM32H7xx_HAL_Driver/Src/stm32h7xx_hal_adc.o
 .text.LL_ADC_REG_SetDataTransferMode
                0x08001ebe       0x26 ./Drivers/STM32H7xx_HAL_Driver/Src/stm32h7xx_hal_adc.o
 .text.LL_ADC_SetChannelSamplingTime
                0x08001ee4       0x56 ./Drivers/STM32H7xx_HAL_Driver/Src/stm32h7xx_hal_adc.o
 *fill*         0x08001f3a        0x2 
 .text.LL_ADC_SetChannelSingleDiff
                0x08001f3c       0x48 ./Drivers/STM32H7xx_HAL_Driver/Src/stm32h7xx_hal_adc.o
 .text.LL_ADC_GetMultimode
                0x08001f84       0x1c ./Drivers/STM32H7xx_HAL_Driver/Src/stm32h7xx_hal_adc.o
 .text.LL_ADC_DisableDeepPowerDown
                0x08001fa0       0x24 ./Drivers/STM32H7xx_HAL_Driver/Src/stm32h7xx_hal_adc.o
 .text.LL_ADC_IsDeepPowerDownEnabled
                0x08001fc4       0x28 ./Drivers/STM32H7xx_HAL_Driver/Src/stm32h7xx_hal_adc.o
 .text.LL_ADC_EnableInternalRegulator
                0x08001fec       0x28 ./Drivers/STM32H7xx_HAL_Driver/Src/stm32h7xx_hal_adc.o
 .text.LL_ADC_IsInternalRegulatorEnabled
                0x08002014       0x28 ./Drivers/STM32H7xx_HAL_Driver/Src/stm32h7xx_hal_adc.o
 .text.LL_ADC_Enable
                0x0800203c       0x28 ./Drivers/STM32H7xx_HAL_Driver/Src/stm32h7xx_hal_adc.o
 .text.LL_ADC_IsEnabled
                0x08002064       0x26 ./Drivers/STM32H7xx_HAL_Driver/Src/stm32h7xx_hal_adc.o
 *fill*         0x0800208a        0x2 
 .text.LL_ADC_REG_StartConversion
                0x0800208c       0x28 ./Drivers/STM32H7xx_HAL_Driver/Src/stm32h7xx_hal_adc.o
 .text.LL_ADC_REG_IsConversionOngoing
                0x080020b4       0x26 ./Drivers/STM32H7xx_HAL_Driver/Src/stm32h7xx_hal_adc.o
 .text.LL_ADC_INJ_IsConversionOngoing
                0x080020da       0x26 ./Drivers/STM32H7xx_HAL_Driver/Src/stm32h7xx_hal_adc.o
 .text.HAL_ADC_Init
                0x08002100      0x2b4 ./Drivers/STM32H7xx_HAL_Driver/Src/stm32h7xx_hal_adc.o
                0x08002100                HAL_ADC_Init
 .text.HAL_ADC_Start_DMA
                0x080023b4      0x168 ./Drivers/STM32H7xx_HAL_Driver/Src/stm32h7xx_hal_adc.o
                0x080023b4                HAL_ADC_Start_DMA
 .text.HAL_ADC_ConvHalfCpltCallback
                0x0800251c       0x14 ./Drivers/STM32H7xx_HAL_Driver/Src/stm32h7xx_hal_adc.o
                0x0800251c                HAL_ADC_ConvHalfCpltCallback
 .text.HAL_ADC_ErrorCallback
                0x08002530       0x14 ./Drivers/STM32H7xx_HAL_Driver/Src/stm32h7xx_hal_adc.o
                0x08002530                HAL_ADC_ErrorCallback
 .text.HAL_ADC_ConfigChannel
                0x08002544      0x5d4 ./Drivers/STM32H7xx_HAL_Driver/Src/stm32h7xx_hal_adc.o
                0x08002544                HAL_ADC_ConfigChannel
 .text.ADC_Enable
                0x08002b18       0xf8 ./Drivers/STM32H7xx_HAL_Driver/Src/stm32h7xx_hal_adc.o
                0x08002b18                ADC_Enable
 .text.ADC_DMAConvCplt
                0x08002c10       0xd8 ./Drivers/STM32H7xx_HAL_Driver/Src/stm32h7xx_hal_adc.o
                0x08002c10                ADC_DMAConvCplt
 .text.ADC_DMAHalfConvCplt
                0x08002ce8       0x1c ./Drivers/STM32H7xx_HAL_Driver/Src/stm32h7xx_hal_adc.o
                0x08002ce8                ADC_DMAHalfConvCplt
 .text.ADC_DMAError
                0x08002d04       0x34 ./Drivers/STM32H7xx_HAL_Driver/Src/stm32h7xx_hal_adc.o
                0x08002d04                ADC_DMAError
 .text.ADC_ConfigureBoostMode
                0x08002d38      0x19c ./Drivers/STM32H7xx_HAL_Driver/Src/stm32h7xx_hal_adc.o
                0x08002d38                ADC_ConfigureBoostMode
 .text.LL_ADC_IsEnabled
                0x08002ed4       0x26 ./Drivers/STM32H7xx_HAL_Driver/Src/stm32h7xx_hal_adc_ex.o
 .text.LL_ADC_REG_IsConversionOngoing
                0x08002efa       0x26 ./Drivers/STM32H7xx_HAL_Driver/Src/stm32h7xx_hal_adc_ex.o
 .text.HAL_ADCEx_MultiModeConfigChannel
                0x08002f20      0x138 ./Drivers/STM32H7xx_HAL_Driver/Src/stm32h7xx_hal_adc_ex.o
                0x08002f20                HAL_ADCEx_MultiModeConfigChannel
 .text.__NVIC_SetPriorityGrouping
                0x08003058       0x48 ./Drivers/STM32H7xx_HAL_Driver/Src/stm32h7xx_hal_cortex.o
 .text.__NVIC_GetPriorityGrouping
                0x080030a0       0x1c ./Drivers/STM32H7xx_HAL_Driver/Src/stm32h7xx_hal_cortex.o
 .text.__NVIC_EnableIRQ
                0x080030bc       0x3c ./Drivers/STM32H7xx_HAL_Driver/Src/stm32h7xx_hal_cortex.o
 .text.__NVIC_SetPriority
                0x080030f8       0x54 ./Drivers/STM32H7xx_HAL_Driver/Src/stm32h7xx_hal_cortex.o
 .text.NVIC_EncodePriority
                0x0800314c       0x66 ./Drivers/STM32H7xx_HAL_Driver/Src/stm32h7xx_hal_cortex.o
 *fill*         0x080031b2        0x2 
 .text.SysTick_Config
                0x080031b4       0x44 ./Drivers/STM32H7xx_HAL_Driver/Src/stm32h7xx_hal_cortex.o
 .text.HAL_NVIC_SetPriorityGrouping
                0x080031f8       0x16 ./Drivers/STM32H7xx_HAL_Driver/Src/stm32h7xx_hal_cortex.o
                0x080031f8                HAL_NVIC_SetPriorityGrouping
 .text.HAL_NVIC_SetPriority
                0x0800320e       0x34 ./Drivers/STM32H7xx_HAL_Driver/Src/stm32h7xx_hal_cortex.o
                0x0800320e                HAL_NVIC_SetPriority
 .text.HAL_NVIC_EnableIRQ
                0x08003242       0x1c ./Drivers/STM32H7xx_HAL_Driver/Src/stm32h7xx_hal_cortex.o
                0x08003242                HAL_NVIC_EnableIRQ
 .text.HAL_SYSTICK_Config
                0x0800325e       0x18 ./Drivers/STM32H7xx_HAL_Driver/Src/stm32h7xx_hal_cortex.o
                0x0800325e                HAL_SYSTICK_Config
 *fill*         0x08003276        0x2 
 .text.HAL_DMA_Init
                0x08003278      0x71c ./Drivers/STM32H7xx_HAL_Driver/Src/stm32h7xx_hal_dma.o
                0x08003278                HAL_DMA_Init
 .text.HAL_DMA_Start_IT
                0x08003994      0x4d4 ./Drivers/STM32H7xx_HAL_Driver/Src/stm32h7xx_hal_dma.o
                0x08003994                HAL_DMA_Start_IT
 .text.HAL_DMA_IRQHandler
                0x08003e68      0xec4 ./Drivers/STM32H7xx_HAL_Driver/Src/stm32h7xx_hal_dma.o
                0x08003e68                HAL_DMA_IRQHandler
 .text.DMA_SetConfig
                0x08004d2c      0x3c8 ./Drivers/STM32H7xx_HAL_Driver/Src/stm32h7xx_hal_dma.o
 .text.DMA_CalcBaseAndBitshift
                0x080050f4      0x164 ./Drivers/STM32H7xx_HAL_Driver/Src/stm32h7xx_hal_dma.o
 .text.DMA_CheckFifoParam
                0x08005258       0xf8 ./Drivers/STM32H7xx_HAL_Driver/Src/stm32h7xx_hal_dma.o
 .text.DMA_CalcDMAMUXChannelBaseAndMask
                0x08005350      0x134 ./Drivers/STM32H7xx_HAL_Driver/Src/stm32h7xx_hal_dma.o
 .text.DMA_CalcDMAMUXRequestGenBaseAndMask
                0x08005484       0xe8 ./Drivers/STM32H7xx_HAL_Driver/Src/stm32h7xx_hal_dma.o
 .text.HAL_FDCAN_Init
                0x0800556c      0x3bc ./Drivers/STM32H7xx_HAL_Driver/Src/stm32h7xx_hal_fdcan.o
                0x0800556c                HAL_FDCAN_Init
 .text.HAL_FDCAN_Start
                0x08005928       0x56 ./Drivers/STM32H7xx_HAL_Driver/Src/stm32h7xx_hal_fdcan.o
                0x08005928                HAL_FDCAN_Start
 .text.HAL_FDCAN_AddMessageToTxFifoQ
                0x0800597e       0xb6 ./Drivers/STM32H7xx_HAL_Driver/Src/stm32h7xx_hal_fdcan.o
                0x0800597e                HAL_FDCAN_AddMessageToTxFifoQ
 .text.HAL_FDCAN_GetRxMessage
                0x08005a34      0x2d8 ./Drivers/STM32H7xx_HAL_Driver/Src/stm32h7xx_hal_fdcan.o
                0x08005a34                HAL_FDCAN_GetRxMessage
 .text.HAL_FDCAN_GetTxFifoFreeLevel
                0x08005d0c       0x24 ./Drivers/STM32H7xx_HAL_Driver/Src/stm32h7xx_hal_fdcan.o
                0x08005d0c                HAL_FDCAN_GetTxFifoFreeLevel
 .text.HAL_FDCAN_ActivateNotification
                0x08005d30       0xf4 ./Drivers/STM32H7xx_HAL_Driver/Src/stm32h7xx_hal_fdcan.o
                0x08005d30                HAL_FDCAN_ActivateNotification
 .text.HAL_FDCAN_IRQHandler
                0x08005e24      0x498 ./Drivers/STM32H7xx_HAL_Driver/Src/stm32h7xx_hal_fdcan.o
                0x08005e24                HAL_FDCAN_IRQHandler
 .text.HAL_FDCAN_ClockCalibrationCallback
                0x080062bc       0x16 ./Drivers/STM32H7xx_HAL_Driver/Src/stm32h7xx_hal_fdcan.o
                0x080062bc                HAL_FDCAN_ClockCalibrationCallback
 .text.HAL_FDCAN_TxEventFifoCallback
                0x080062d2       0x16 ./Drivers/STM32H7xx_HAL_Driver/Src/stm32h7xx_hal_fdcan.o
                0x080062d2                HAL_FDCAN_TxEventFifoCallback
 .text.HAL_FDCAN_RxFifo1Callback
                0x080062e8       0x16 ./Drivers/STM32H7xx_HAL_Driver/Src/stm32h7xx_hal_fdcan.o
                0x080062e8                HAL_FDCAN_RxFifo1Callback
 .text.HAL_FDCAN_TxFifoEmptyCallback
                0x080062fe       0x14 ./Drivers/STM32H7xx_HAL_Driver/Src/stm32h7xx_hal_fdcan.o
                0x080062fe                HAL_FDCAN_TxFifoEmptyCallback
 .text.HAL_FDCAN_TxBufferCompleteCallback
                0x08006312       0x16 ./Drivers/STM32H7xx_HAL_Driver/Src/stm32h7xx_hal_fdcan.o
                0x08006312                HAL_FDCAN_TxBufferCompleteCallback
 .text.HAL_FDCAN_TxBufferAbortCallback
                0x08006328       0x16 ./Drivers/STM32H7xx_HAL_Driver/Src/stm32h7xx_hal_fdcan.o
                0x08006328                HAL_FDCAN_TxBufferAbortCallback
 .text.HAL_FDCAN_RxBufferNewMessageCallback
                0x0800633e       0x14 ./Drivers/STM32H7xx_HAL_Driver/Src/stm32h7xx_hal_fdcan.o
                0x0800633e                HAL_FDCAN_RxBufferNewMessageCallback
 .text.HAL_FDCAN_TimestampWraparoundCallback
                0x08006352       0x14 ./Drivers/STM32H7xx_HAL_Driver/Src/stm32h7xx_hal_fdcan.o
                0x08006352                HAL_FDCAN_TimestampWraparoundCallback
 .text.HAL_FDCAN_TimeoutOccurredCallback
                0x08006366       0x14 ./Drivers/STM32H7xx_HAL_Driver/Src/stm32h7xx_hal_fdcan.o
                0x08006366                HAL_FDCAN_TimeoutOccurredCallback
 .text.HAL_FDCAN_HighPriorityMessageCallback
                0x0800637a       0x14 ./Drivers/STM32H7xx_HAL_Driver/Src/stm32h7xx_hal_fdcan.o
                0x0800637a                HAL_FDCAN_HighPriorityMessageCallback
 .text.HAL_FDCAN_ErrorCallback
                0x0800638e       0x14 ./Drivers/STM32H7xx_HAL_Driver/Src/stm32h7xx_hal_fdcan.o
                0x0800638e                HAL_FDCAN_ErrorCallback
 .text.HAL_FDCAN_ErrorStatusCallback
                0x080063a2       0x16 ./Drivers/STM32H7xx_HAL_Driver/Src/stm32h7xx_hal_fdcan.o
                0x080063a2                HAL_FDCAN_ErrorStatusCallback
 .text.HAL_FDCAN_TT_ScheduleSyncCallback
                0x080063b8       0x16 ./Drivers/STM32H7xx_HAL_Driver/Src/stm32h7xx_hal_fdcan.o
                0x080063b8                HAL_FDCAN_TT_ScheduleSyncCallback
 .text.HAL_FDCAN_TT_TimeMarkCallback
                0x080063ce       0x16 ./Drivers/STM32H7xx_HAL_Driver/Src/stm32h7xx_hal_fdcan.o
                0x080063ce                HAL_FDCAN_TT_TimeMarkCallback
 .text.HAL_FDCAN_TT_StopWatchCallback
                0x080063e4       0x18 ./Drivers/STM32H7xx_HAL_Driver/Src/stm32h7xx_hal_fdcan.o
                0x080063e4                HAL_FDCAN_TT_StopWatchCallback
 .text.HAL_FDCAN_TT_GlobalTimeCallback
                0x080063fc       0x16 ./Drivers/STM32H7xx_HAL_Driver/Src/stm32h7xx_hal_fdcan.o
                0x080063fc                HAL_FDCAN_TT_GlobalTimeCallback
 *fill*         0x08006412        0x2 
 .text.FDCAN_CalcultateRamBlockAddresses
                0x08006414      0x30c ./Drivers/STM32H7xx_HAL_Driver/Src/stm32h7xx_hal_fdcan.o
 .text.FDCAN_CopyMessageToRAM
                0x08006720       0xfc ./Drivers/STM32H7xx_HAL_Driver/Src/stm32h7xx_hal_fdcan.o
 .text.HAL_GPIO_Init
                0x0800681c      0x360 ./Drivers/STM32H7xx_HAL_Driver/Src/stm32h7xx_hal_gpio.o
                0x0800681c                HAL_GPIO_Init
 .text.HAL_I2C_Init
                0x08006b7c      0x138 ./Drivers/STM32H7xx_HAL_Driver/Src/stm32h7xx_hal_i2c.o
                0x08006b7c                HAL_I2C_Init
 .text.HAL_I2CEx_ConfigAnalogFilter
                0x08006cb4       0x96 ./Drivers/STM32H7xx_HAL_Driver/Src/stm32h7xx_hal_i2c_ex.o
                0x08006cb4                HAL_I2CEx_ConfigAnalogFilter
 .text.HAL_I2CEx_ConfigDigitalFilter
                0x08006d4a       0x98 ./Drivers/STM32H7xx_HAL_Driver/Src/stm32h7xx_hal_i2c_ex.o
                0x08006d4a                HAL_I2CEx_ConfigDigitalFilter
 *fill*         0x08006de2        0x2 
 .text.HAL_PWREx_ConfigSupply
                0x08006de4       0x74 ./Drivers/STM32H7xx_HAL_Driver/Src/stm32h7xx_hal_pwr_ex.o
                0x08006de4                HAL_PWREx_ConfigSupply
 .text.HAL_RCC_OscConfig
                0x08006e58      0x864 ./Drivers/STM32H7xx_HAL_Driver/Src/stm32h7xx_hal_rcc.o
                0x08006e58                HAL_RCC_OscConfig
 .text.HAL_RCC_ClockConfig
                0x080076bc      0x36c ./Drivers/STM32H7xx_HAL_Driver/Src/stm32h7xx_hal_rcc.o
                0x080076bc                HAL_RCC_ClockConfig
 .text.HAL_RCC_GetSysClockFreq
                0x08007a28      0x2f4 ./Drivers/STM32H7xx_HAL_Driver/Src/stm32h7xx_hal_rcc.o
                0x08007a28                HAL_RCC_GetSysClockFreq
 .text.HAL_RCC_GetHCLKFreq
                0x08007d1c       0x60 ./Drivers/STM32H7xx_HAL_Driver/Src/stm32h7xx_hal_rcc.o
                0x08007d1c                HAL_RCC_GetHCLKFreq
 .text.HAL_RCC_GetPCLK1Freq
                0x08007d7c       0x2c ./Drivers/STM32H7xx_HAL_Driver/Src/stm32h7xx_hal_rcc.o
                0x08007d7c                HAL_RCC_GetPCLK1Freq
 .text.HAL_RCCEx_PeriphCLKConfig
                0x08007da8     0x137c ./Drivers/STM32H7xx_HAL_Driver/Src/stm32h7xx_hal_rcc_ex.o
                0x08007da8                HAL_RCCEx_PeriphCLKConfig
 .text.HAL_RCCEx_GetPeriphCLKFreq
                0x08009124      0x9b0 ./Drivers/STM32H7xx_HAL_Driver/Src/stm32h7xx_hal_rcc_ex.o
                0x08009124                HAL_RCCEx_GetPeriphCLKFreq
 .text.HAL_RCCEx_GetD3PCLK1Freq
                0x08009ad4       0x2c ./Drivers/STM32H7xx_HAL_Driver/Src/stm32h7xx_hal_rcc_ex.o
                0x08009ad4                HAL_RCCEx_GetD3PCLK1Freq
 .text.HAL_RCCEx_GetPLL2ClockFreq
                0x08009b00      0x2a8 ./Drivers/STM32H7xx_HAL_Driver/Src/stm32h7xx_hal_rcc_ex.o
                0x08009b00                HAL_RCCEx_GetPLL2ClockFreq
 .text.HAL_RCCEx_GetPLL3ClockFreq
                0x08009da8      0x2a8 ./Drivers/STM32H7xx_HAL_Driver/Src/stm32h7xx_hal_rcc_ex.o
                0x08009da8                HAL_RCCEx_GetPLL3ClockFreq
 .text.HAL_RCCEx_GetPLL1ClockFreq
                0x0800a050      0x2a4 ./Drivers/STM32H7xx_HAL_Driver/Src/stm32h7xx_hal_rcc_ex.o
                0x0800a050                HAL_RCCEx_GetPLL1ClockFreq
 .text.RCCEx_PLL2_Config
                0x0800a2f4      0x164 ./Drivers/STM32H7xx_HAL_Driver/Src/stm32h7xx_hal_rcc_ex.o
 .text.RCCEx_PLL3_Config
                0x0800a458      0x164 ./Drivers/STM32H7xx_HAL_Driver/Src/stm32h7xx_hal_rcc_ex.o
 .text.HAL_TIM_Base_Init
                0x0800a5bc       0xae ./Drivers/STM32H7xx_HAL_Driver/Src/stm32h7xx_hal_tim.o
                0x0800a5bc                HAL_TIM_Base_Init
 *fill*         0x0800a66a        0x2 
 .text.HAL_TIM_Base_Start_IT
                0x0800a66c       0xf0 ./Drivers/STM32H7xx_HAL_Driver/Src/stm32h7xx_hal_tim.o
                0x0800a66c                HAL_TIM_Base_Start_IT
 .text.HAL_TIM_IRQHandler
                0x0800a75c      0x20e ./Drivers/STM32H7xx_HAL_Driver/Src/stm32h7xx_hal_tim.o
                0x0800a75c                HAL_TIM_IRQHandler
 *fill*         0x0800a96a        0x2 
 .text.HAL_TIM_ConfigClockSource
                0x0800a96c      0x1f0 ./Drivers/STM32H7xx_HAL_Driver/Src/stm32h7xx_hal_tim.o
                0x0800a96c                HAL_TIM_ConfigClockSource
 .text.HAL_TIM_PeriodElapsedCallback
                0x0800ab5c       0x14 ./Drivers/STM32H7xx_HAL_Driver/Src/stm32h7xx_hal_tim.o
                0x0800ab5c                HAL_TIM_PeriodElapsedCallback
 .text.HAL_TIM_OC_DelayElapsedCallback
                0x0800ab70       0x14 ./Drivers/STM32H7xx_HAL_Driver/Src/stm32h7xx_hal_tim.o
                0x0800ab70                HAL_TIM_OC_DelayElapsedCallback
 .text.HAL_TIM_IC_CaptureCallback
                0x0800ab84       0x14 ./Drivers/STM32H7xx_HAL_Driver/Src/stm32h7xx_hal_tim.o
                0x0800ab84                HAL_TIM_IC_CaptureCallback
 .text.HAL_TIM_PWM_PulseFinishedCallback
                0x0800ab98       0x14 ./Drivers/STM32H7xx_HAL_Driver/Src/stm32h7xx_hal_tim.o
                0x0800ab98                HAL_TIM_PWM_PulseFinishedCallback
 .text.HAL_TIM_TriggerCallback
                0x0800abac       0x14 ./Drivers/STM32H7xx_HAL_Driver/Src/stm32h7xx_hal_tim.o
                0x0800abac                HAL_TIM_TriggerCallback
 .text.TIM_Base_SetConfig
                0x0800abc0      0x14c ./Drivers/STM32H7xx_HAL_Driver/Src/stm32h7xx_hal_tim.o
                0x0800abc0                TIM_Base_SetConfig
 .text.TIM_TI1_ConfigInputStage
                0x0800ad0c       0x5e ./Drivers/STM32H7xx_HAL_Driver/Src/stm32h7xx_hal_tim.o
 .text.TIM_TI2_ConfigInputStage
                0x0800ad6a       0x60 ./Drivers/STM32H7xx_HAL_Driver/Src/stm32h7xx_hal_tim.o
 *fill*         0x0800adca        0x2 
 .text.TIM_ITRx_SetConfig
                0x0800adcc       0x3c ./Drivers/STM32H7xx_HAL_Driver/Src/stm32h7xx_hal_tim.o
 .text.TIM_ETR_SetConfig
                0x0800ae08       0x40 ./Drivers/STM32H7xx_HAL_Driver/Src/stm32h7xx_hal_tim.o
                0x0800ae08                TIM_ETR_SetConfig
 .text.HAL_TIMEx_MasterConfigSynchronization
                0x0800ae48      0x11c ./Drivers/STM32H7xx_HAL_Driver/Src/stm32h7xx_hal_tim_ex.o
                0x0800ae48                HAL_TIMEx_MasterConfigSynchronization
 .text.HAL_TIMEx_CommutCallback
                0x0800af64       0x14 ./Drivers/STM32H7xx_HAL_Driver/Src/stm32h7xx_hal_tim_ex.o
                0x0800af64                HAL_TIMEx_CommutCallback
 .text.HAL_TIMEx_BreakCallback
                0x0800af78       0x14 ./Drivers/STM32H7xx_HAL_Driver/Src/stm32h7xx_hal_tim_ex.o
                0x0800af78                HAL_TIMEx_BreakCallback
 .text.HAL_TIMEx_Break2Callback
                0x0800af8c       0x14 ./Drivers/STM32H7xx_HAL_Driver/Src/stm32h7xx_hal_tim_ex.o
                0x0800af8c                HAL_TIMEx_Break2Callback
 .text.memset   0x0800afa0       0x10 C:/ST/STM32CubeIDE_1.13.2/STM32CubeIDE/plugins/com.st.stm32cube.ide.mcu.externaltools.gnu-tools-for-stm32.12.3.rel1.win32_1.0.100.202403111256/tools/bin/../lib/gcc/arm-none-eabi/12.3.1/../../../../arm-none-eabi/lib/thumb/v7e-m+dp/hard\libc_nano.a(libc_a-memset.o)
                0x0800afa0                memset
 .text.__libc_init_array
                0x0800afb0       0x48 C:/ST/STM32CubeIDE_1.13.2/STM32CubeIDE/plugins/com.st.stm32cube.ide.mcu.externaltools.gnu-tools-for-stm32.12.3.rel1.win32_1.0.100.202403111256/tools/bin/../lib/gcc/arm-none-eabi/12.3.1/../../../../arm-none-eabi/lib/thumb/v7e-m+dp/hard\libc_nano.a(libc_a-init.o)
                0x0800afb0                __libc_init_array
 .text.memcpy   0x0800aff8       0x1c C:/ST/STM32CubeIDE_1.13.2/STM32CubeIDE/plugins/com.st.stm32cube.ide.mcu.externaltools.gnu-tools-for-stm32.12.3.rel1.win32_1.0.100.202403111256/tools/bin/../lib/gcc/arm-none-eabi/12.3.1/../../../../arm-none-eabi/lib/thumb/v7e-m+dp/hard\libc_nano.a(libc_a-memcpy-stub.o)
                0x0800aff8                memcpy
 *(.glue_7)
 .glue_7        0x0800b014        0x0 linker stubs
 *(.glue_7t)
 .glue_7t       0x0800b014        0x0 linker stubs
 *(.eh_frame)
 .eh_frame      0x0800b014        0x0 C:/ST/STM32CubeIDE_1.13.2/STM32CubeIDE/plugins/com.st.stm32cube.ide.mcu.externaltools.gnu-tools-for-stm32.12.3.rel1.win32_1.0.100.202403111256/tools/bin/../lib/gcc/arm-none-eabi/12.3.1/thumb/v7e-m+dp/hard/crtbegin.o
 *(.init)
 .init          0x0800b014        0x4 C:/ST/STM32CubeIDE_1.13.2/STM32CubeIDE/plugins/com.st.stm32cube.ide.mcu.externaltools.gnu-tools-for-stm32.12.3.rel1.win32_1.0.100.202403111256/tools/bin/../lib/gcc/arm-none-eabi/12.3.1/thumb/v7e-m+dp/hard/crti.o
                0x0800b014                _init
 .init          0x0800b018        0x8 C:/ST/STM32CubeIDE_1.13.2/STM32CubeIDE/plugins/com.st.stm32cube.ide.mcu.externaltools.gnu-tools-for-stm32.12.3.rel1.win32_1.0.100.202403111256/tools/bin/../lib/gcc/arm-none-eabi/12.3.1/thumb/v7e-m+dp/hard/crtn.o
 *(.fini)
 .fini          0x0800b020        0x4 C:/ST/STM32CubeIDE_1.13.2/STM32CubeIDE/plugins/com.st.stm32cube.ide.mcu.externaltools.gnu-tools-for-stm32.12.3.rel1.win32_1.0.100.202403111256/tools/bin/../lib/gcc/arm-none-eabi/12.3.1/thumb/v7e-m+dp/hard/crti.o
                0x0800b020                _fini
 .fini          0x0800b024        0x8 C:/ST/STM32CubeIDE_1.13.2/STM32CubeIDE/plugins/com.st.stm32cube.ide.mcu.externaltools.gnu-tools-for-stm32.12.3.rel1.win32_1.0.100.202403111256/tools/bin/../lib/gcc/arm-none-eabi/12.3.1/thumb/v7e-m+dp/hard/crtn.o
                0x0800b02c                        . = ALIGN (0x4)
                0x0800b02c                        _etext = .

.vfp11_veneer   0x0800b02c        0x0
 .vfp11_veneer  0x0800b02c        0x0 linker stubs

.v4_bx          0x0800b02c        0x0
 .v4_bx         0x0800b02c        0x0 linker stubs

.iplt           0x0800b02c        0x0
 .iplt          0x0800b02c        0x0 C:/ST/STM32CubeIDE_1.13.2/STM32CubeIDE/plugins/com.st.stm32cube.ide.mcu.externaltools.gnu-tools-for-stm32.12.3.rel1.win32_1.0.100.202403111256/tools/bin/../lib/gcc/arm-none-eabi/12.3.1/thumb/v7e-m+dp/hard/crtbegin.o

.rodata         0x0800b02c       0x74
                0x0800b02c                        . = ALIGN (0x4)
 *(.rodata)
 .rodata        0x0800b02c       0x4c ./Drivers/STM32H7xx_HAL_Driver/Src/stm32h7xx_hal_fdcan.o
 *(.rodata*)
 .rodata.D1CorePrescTable
                0x0800b078       0x10 ./Core/Src/system_stm32h7xx.o
                0x0800b078                D1CorePrescTable
 .rodata.flagBitshiftOffset.0
                0x0800b088        0x8 ./Drivers/STM32H7xx_HAL_Driver/Src/stm32h7xx_hal_dma.o
 .rodata.DLCtoBytes
                0x0800b090       0x10 ./Drivers/STM32H7xx_HAL_Driver/Src/stm32h7xx_hal_fdcan.o
                0x0800b0a0                        . = ALIGN (0x4)

.rel.dyn        0x0800b0a0        0x0
 .rel.iplt      0x0800b0a0        0x0 C:/ST/STM32CubeIDE_1.13.2/STM32CubeIDE/plugins/com.st.stm32cube.ide.mcu.externaltools.gnu-tools-for-stm32.12.3.rel1.win32_1.0.100.202403111256/tools/bin/../lib/gcc/arm-none-eabi/12.3.1/thumb/v7e-m+dp/hard/crtbegin.o

.ARM.extab
 *(.ARM.extab* .gnu.linkonce.armextab.*)

.ARM            0x0800b0a0        0x0
                0x0800b0a0                        __exidx_start = .
 *(.ARM.exidx*)
                0x0800b0a0                        __exidx_end = .

.preinit_array  0x0800b0a0        0x0
                0x0800b0a0                        PROVIDE (__preinit_array_start = .)
 *(.preinit_array*)
                0x0800b0a0                        PROVIDE (__preinit_array_end = .)

.init_array     0x0800b0a0        0x4
                0x0800b0a0                        PROVIDE (__init_array_start = .)
 *(SORT_BY_NAME(.init_array.*))
 *(.init_array*)
 .init_array    0x0800b0a0        0x4 C:/ST/STM32CubeIDE_1.13.2/STM32CubeIDE/plugins/com.st.stm32cube.ide.mcu.externaltools.gnu-tools-for-stm32.12.3.rel1.win32_1.0.100.202403111256/tools/bin/../lib/gcc/arm-none-eabi/12.3.1/thumb/v7e-m+dp/hard/crtbegin.o
                0x0800b0a4                        PROVIDE (__init_array_end = .)

.fini_array     0x0800b0a4        0x4
                [!provide]                        PROVIDE (__fini_array_start = .)
 *(SORT_BY_NAME(.fini_array.*))
 *(.fini_array*)
 .fini_array    0x0800b0a4        0x4 C:/ST/STM32CubeIDE_1.13.2/STM32CubeIDE/plugins/com.st.stm32cube.ide.mcu.externaltools.gnu-tools-for-stm32.12.3.rel1.win32_1.0.100.202403111256/tools/bin/../lib/gcc/arm-none-eabi/12.3.1/thumb/v7e-m+dp/hard/crtbegin.o
                [!provide]                        PROVIDE (__fini_array_end = .)
                0x0800b0a8                        _sidata = LOADADDR (.data)

.data           0x24000000       0x10 load address 0x0800b0a8
                0x24000000                        . = ALIGN (0x4)
                0x24000000                        _sdata = .
 *(.data)
 *(.data*)
 .data.SystemCoreClock
                0x24000000        0x4 ./Core/Src/system_stm32h7xx.o
                0x24000000                SystemCoreClock
 .data.SystemD2Clock
                0x24000004        0x4 ./Core/Src/system_stm32h7xx.o
                0x24000004                SystemD2Clock
 .data.uwTickPrio
                0x24000008        0x4 ./Drivers/STM32H7xx_HAL_Driver/Src/stm32h7xx_hal.o
                0x24000008                uwTickPrio
 .data.uwTickFreq
                0x2400000c        0x1 ./Drivers/STM32H7xx_HAL_Driver/Src/stm32h7xx_hal.o
                0x2400000c                uwTickFreq
 *(.RamFunc)
 *(.RamFunc*)
                0x24000010                        . = ALIGN (0x4)
 *fill*         0x2400000d        0x3 
                0x24000010                        _edata = .

.igot.plt       0x24000010        0x0 load address 0x0800b0b8
 .igot.plt      0x24000010        0x0 C:/ST/STM32CubeIDE_1.13.2/STM32CubeIDE/plugins/com.st.stm32cube.ide.mcu.externaltools.gnu-tools-for-stm32.12.3.rel1.win32_1.0.100.202403111256/tools/bin/../lib/gcc/arm-none-eabi/12.3.1/thumb/v7e-m+dp/hard/crtbegin.o
                0x24000010                        . = ALIGN (0x4)

.bss            0x24000010      0x8d8 load address 0x0800b0b8
                0x24000010                        _sbss = .
                0x24000010                        __bss_start__ = _sbss
 *(.bss)
 .bss           0x24000010       0x1c C:/ST/STM32CubeIDE_1.13.2/STM32CubeIDE/plugins/com.st.stm32cube.ide.mcu.externaltools.gnu-tools-for-stm32.12.3.rel1.win32_1.0.100.202403111256/tools/bin/../lib/gcc/arm-none-eabi/12.3.1/thumb/v7e-m+dp/hard/crtbegin.o
 *(.bss*)
 .bss.TxData    0x2400002c        0x8 ./Core/Src/functions.o
                0x2400002c                TxData
 .bss.RxData    0x24000034        0x8 ./Core/Src/functions.o
                0x24000034                RxData
 .bss.hadc1     0x2400003c       0x64 ./Core/Src/main.o
                0x2400003c                hadc1
 .bss.hdma_adc1
                0x240000a0       0x78 ./Core/Src/main.o
                0x240000a0                hdma_adc1
 .bss.hfdcan1   0x24000118       0xa0 ./Core/Src/main.o
                0x24000118                hfdcan1
 .bss.hfdcan2   0x240001b8       0xa0 ./Core/Src/main.o
                0x240001b8                hfdcan2
 .bss.hi2c1     0x24000258       0x54 ./Core/Src/main.o
                0x24000258                hi2c1
 .bss.hi2c3     0x240002ac       0x54 ./Core/Src/main.o
                0x240002ac                hi2c3
 .bss.hi2c4     0x24000300       0x54 ./Core/Src/main.o
                0x24000300                hi2c4
 .bss.htim1     0x24000354       0x4c ./Core/Src/main.o
                0x24000354                htim1
 .bss.htim3     0x240003a0       0x4c ./Core/Src/main.o
                0x240003a0                htim3
 .bss.ADC1Data  0x240003ec       0x20 ./Core/Src/main.o
                0x240003ec                ADC1Data
 .bss.all_raw_data
                0x2400040c      0x400 ./Core/Src/main.o
                0x2400040c                all_raw_data
 .bss.averages  0x2400080c       0x40 ./Core/Src/main.o
                0x2400080c                averages
 .bss.AVE_POS   0x2400084c        0x1 ./Core/Src/main.o
                0x2400084c                AVE_POS
 *fill*         0x2400084d        0x1 
 .bss.CAN_interval
                0x2400084e        0x2 ./Core/Src/main.o
                0x2400084e                CAN_interval
 .bss.CAN_ID    0x24000850       0x20 ./Core/Src/main.o
                0x24000850                CAN_ID
 .bss.millis    0x24000870        0x2 ./Core/Src/main.o
                0x24000870                millis
 .bss.CAN_enable
                0x24000872        0x1 ./Core/Src/main.o
                0x24000872                CAN_enable
 *fill*         0x24000873        0x1 
 .bss.transfer_functions
                0x24000874       0x20 ./Core/Src/main.o
                0x24000874                transfer_functions
 .bss.TxHeader  0x24000894       0x24 ./Core/Src/main.o
                0x24000894                TxHeader
 .bss.RxHeader  0x240008b8       0x28 ./Core/Src/main.o
                0x240008b8                RxHeader
 .bss.HAL_RCC_FDCAN_CLK_ENABLED
                0x240008e0        0x4 ./Core/Src/stm32h7xx_hal_msp.o
 .bss.uwTick    0x240008e4        0x4 ./Drivers/STM32H7xx_HAL_Driver/Src/stm32h7xx_hal.o
                0x240008e4                uwTick
 *(COMMON)
                0x240008e8                        . = ALIGN (0x4)
                0x240008e8                        _ebss = .
                0x240008e8                        __bss_end__ = _ebss

._user_heap_stack
                0x240008e8      0x600 load address 0x0800b0b8
                0x240008e8                        . = ALIGN (0x8)
                [!provide]                        PROVIDE (end = .)
                0x240008e8                        PROVIDE (_end = .)
                0x24000ae8                        . = (. + _Min_Heap_Size)
 *fill*         0x240008e8      0x200 
                0x24000ee8                        . = (. + _Min_Stack_Size)
 *fill*         0x24000ae8      0x400 
                0x24000ee8                        . = ALIGN (0x8)

/DISCARD/
 libc.a(*)
 libm.a(*)
 libgcc.a(*)

.ARM.attributes
                0x00000000       0x2e
 *(.ARM.attributes)
 .ARM.attributes
                0x00000000       0x20 C:/ST/STM32CubeIDE_1.13.2/STM32CubeIDE/plugins/com.st.stm32cube.ide.mcu.externaltools.gnu-tools-for-stm32.12.3.rel1.win32_1.0.100.202403111256/tools/bin/../lib/gcc/arm-none-eabi/12.3.1/thumb/v7e-m+dp/hard/crti.o
 .ARM.attributes
                0x00000020       0x32 C:/ST/STM32CubeIDE_1.13.2/STM32CubeIDE/plugins/com.st.stm32cube.ide.mcu.externaltools.gnu-tools-for-stm32.12.3.rel1.win32_1.0.100.202403111256/tools/bin/../lib/gcc/arm-none-eabi/12.3.1/thumb/v7e-m+dp/hard/crtbegin.o
 .ARM.attributes
                0x00000052       0x32 ./Core/Src/config.o
 .ARM.attributes
                0x00000084       0x32 ./Core/Src/functions.o
 .ARM.attributes
                0x000000b6       0x32 ./Core/Src/main.o
 .ARM.attributes
                0x000000e8       0x32 ./Core/Src/stm32h7xx_hal_msp.o
 .ARM.attributes
                0x0000011a       0x32 ./Core/Src/stm32h7xx_it.o
 .ARM.attributes
                0x0000014c       0x32 ./Core/Src/system_stm32h7xx.o
 .ARM.attributes
                0x0000017e       0x32 ./Core/Src/transfer_functions.o
 .ARM.attributes
                0x000001b0       0x21 ./Core/Startup/startup_stm32h7b0rbtx.o
 .ARM.attributes
                0x000001d1       0x32 ./Drivers/STM32H7xx_HAL_Driver/Src/stm32h7xx_hal.o
 .ARM.attributes
                0x00000203       0x32 ./Drivers/STM32H7xx_HAL_Driver/Src/stm32h7xx_hal_adc.o
 .ARM.attributes
                0x00000235       0x32 ./Drivers/STM32H7xx_HAL_Driver/Src/stm32h7xx_hal_adc_ex.o
 .ARM.attributes
                0x00000267       0x32 ./Drivers/STM32H7xx_HAL_Driver/Src/stm32h7xx_hal_cortex.o
 .ARM.attributes
                0x00000299       0x32 ./Drivers/STM32H7xx_HAL_Driver/Src/stm32h7xx_hal_dma.o
 .ARM.attributes
                0x000002cb       0x32 ./Drivers/STM32H7xx_HAL_Driver/Src/stm32h7xx_hal_fdcan.o
 .ARM.attributes
                0x000002fd       0x32 ./Drivers/STM32H7xx_HAL_Driver/Src/stm32h7xx_hal_gpio.o
 .ARM.attributes
                0x0000032f       0x32 ./Drivers/STM32H7xx_HAL_Driver/Src/stm32h7xx_hal_i2c.o
 .ARM.attributes
                0x00000361       0x32 ./Drivers/STM32H7xx_HAL_Driver/Src/stm32h7xx_hal_i2c_ex.o
 .ARM.attributes
                0x00000393       0x32 ./Drivers/STM32H7xx_HAL_Driver/Src/stm32h7xx_hal_pwr_ex.o
 .ARM.attributes
                0x000003c5       0x32 ./Drivers/STM32H7xx_HAL_Driver/Src/stm32h7xx_hal_rcc.o
 .ARM.attributes
                0x000003f7       0x32 ./Drivers/STM32H7xx_HAL_Driver/Src/stm32h7xx_hal_rcc_ex.o
 .ARM.attributes
                0x00000429       0x32 ./Drivers/STM32H7xx_HAL_Driver/Src/stm32h7xx_hal_tim.o
 .ARM.attributes
                0x0000045b       0x32 ./Drivers/STM32H7xx_HAL_Driver/Src/stm32h7xx_hal_tim_ex.o
 .ARM.attributes
                0x0000048d       0x32 C:/ST/STM32CubeIDE_1.13.2/STM32CubeIDE/plugins/com.st.stm32cube.ide.mcu.externaltools.gnu-tools-for-stm32.12.3.rel1.win32_1.0.100.202403111256/tools/bin/../lib/gcc/arm-none-eabi/12.3.1/../../../../arm-none-eabi/lib/thumb/v7e-m+dp/hard\libc_nano.a(libc_a-memset.o)
 .ARM.attributes
                0x000004bf       0x32 C:/ST/STM32CubeIDE_1.13.2/STM32CubeIDE/plugins/com.st.stm32cube.ide.mcu.externaltools.gnu-tools-for-stm32.12.3.rel1.win32_1.0.100.202403111256/tools/bin/../lib/gcc/arm-none-eabi/12.3.1/../../../../arm-none-eabi/lib/thumb/v7e-m+dp/hard\libc_nano.a(libc_a-init.o)
 .ARM.attributes
                0x000004f1       0x32 C:/ST/STM32CubeIDE_1.13.2/STM32CubeIDE/plugins/com.st.stm32cube.ide.mcu.externaltools.gnu-tools-for-stm32.12.3.rel1.win32_1.0.100.202403111256/tools/bin/../lib/gcc/arm-none-eabi/12.3.1/../../../../arm-none-eabi/lib/thumb/v7e-m+dp/hard\libc_nano.a(libc_a-memcpy-stub.o)
 .ARM.attributes
                0x00000523       0x20 C:/ST/STM32CubeIDE_1.13.2/STM32CubeIDE/plugins/com.st.stm32cube.ide.mcu.externaltools.gnu-tools-for-stm32.12.3.rel1.win32_1.0.100.202403111256/tools/bin/../lib/gcc/arm-none-eabi/12.3.1/thumb/v7e-m+dp/hard/crtn.o
OUTPUT(SensorBox24Analog_H7B0.elf elf32-littlearm)
LOAD linker stubs
LOAD C:/ST/STM32CubeIDE_1.13.2/STM32CubeIDE/plugins/com.st.stm32cube.ide.mcu.externaltools.gnu-tools-for-stm32.12.3.rel1.win32_1.0.100.202403111256/tools/bin/../lib/gcc/arm-none-eabi/12.3.1/../../../../arm-none-eabi/lib/thumb/v7e-m+dp/hard\libc.a
LOAD C:/ST/STM32CubeIDE_1.13.2/STM32CubeIDE/plugins/com.st.stm32cube.ide.mcu.externaltools.gnu-tools-for-stm32.12.3.rel1.win32_1.0.100.202403111256/tools/bin/../lib/gcc/arm-none-eabi/12.3.1/../../../../arm-none-eabi/lib/thumb/v7e-m+dp/hard\libm.a
LOAD C:/ST/STM32CubeIDE_1.13.2/STM32CubeIDE/plugins/com.st.stm32cube.ide.mcu.externaltools.gnu-tools-for-stm32.12.3.rel1.win32_1.0.100.202403111256/tools/bin/../lib/gcc/arm-none-eabi/12.3.1/thumb/v7e-m+dp/hard\libgcc.a

.debug_info     0x00000000    0x1c427
 .debug_info    0x00000000       0xf7 ./Core/Src/config.o
 .debug_info    0x000000f7      0xbe8 ./Core/Src/functions.o
 .debug_info    0x00000cdf     0x295a ./Core/Src/main.o
 .debug_info    0x00003639     0x263e ./Core/Src/stm32h7xx_hal_msp.o
 .debug_info    0x00005c77     0x1032 ./Core/Src/stm32h7xx_it.o
 .debug_info    0x00006ca9      0xc73 ./Core/Src/system_stm32h7xx.o
 .debug_info    0x0000791c      0x407 ./Core/Src/transfer_functions.o
 .debug_info    0x00007d23     0x1403 ./Drivers/STM32H7xx_HAL_Driver/Src/stm32h7xx_hal.o
 .debug_info    0x00009126     0x1df8 ./Drivers/STM32H7xx_HAL_Driver/Src/stm32h7xx_hal_adc.o
 .debug_info    0x0000af1e     0x1f1f ./Drivers/STM32H7xx_HAL_Driver/Src/stm32h7xx_hal_adc_ex.o
 .debug_info    0x0000ce3d     0x10a0 ./Drivers/STM32H7xx_HAL_Driver/Src/stm32h7xx_hal_cortex.o
 .debug_info    0x0000dedd      0xb67 ./Drivers/STM32H7xx_HAL_Driver/Src/stm32h7xx_hal_dma.o
 .debug_info    0x0000ea44     0x2baf ./Drivers/STM32H7xx_HAL_Driver/Src/stm32h7xx_hal_fdcan.o
 .debug_info    0x000115f3      0xb2b ./Drivers/STM32H7xx_HAL_Driver/Src/stm32h7xx_hal_gpio.o
 .debug_info    0x0001211e     0x22a1 ./Drivers/STM32H7xx_HAL_Driver/Src/stm32h7xx_hal_i2c.o
 .debug_info    0x000143bf      0xc64 ./Drivers/STM32H7xx_HAL_Driver/Src/stm32h7xx_hal_i2c_ex.o
 .debug_info    0x00015023      0xef7 ./Drivers/STM32H7xx_HAL_Driver/Src/stm32h7xx_hal_pwr_ex.o
 .debug_info    0x00015f1a      0xea1 ./Drivers/STM32H7xx_HAL_Driver/Src/stm32h7xx_hal_rcc.o
 .debug_info    0x00016dbb     0x11fd ./Drivers/STM32H7xx_HAL_Driver/Src/stm32h7xx_hal_rcc_ex.o
 .debug_info    0x00017fb8     0x2bae ./Drivers/STM32H7xx_HAL_Driver/Src/stm32h7xx_hal_tim.o
 .debug_info    0x0001ab66     0x18c1 ./Drivers/STM32H7xx_HAL_Driver/Src/stm32h7xx_hal_tim_ex.o

.debug_abbrev   0x00000000     0x2ff1
 .debug_abbrev  0x00000000       0x92 ./Core/Src/config.o
 .debug_abbrev  0x00000092      0x205 ./Core/Src/functions.o
 .debug_abbrev  0x00000297      0x372 ./Core/Src/main.o
 .debug_abbrev  0x00000609      0x28e ./Core/Src/stm32h7xx_hal_msp.o
 .debug_abbrev  0x00000897      0x1b2 ./Core/Src/stm32h7xx_it.o
 .debug_abbrev  0x00000a49      0x14a ./Core/Src/system_stm32h7xx.o
 .debug_abbrev  0x00000b93       0xac ./Core/Src/transfer_functions.o
 .debug_abbrev  0x00000c3f      0x291 ./Drivers/STM32H7xx_HAL_Driver/Src/stm32h7xx_hal.o
 .debug_abbrev  0x00000ed0      0x2d3 ./Drivers/STM32H7xx_HAL_Driver/Src/stm32h7xx_hal_adc.o
 .debug_abbrev  0x000011a3      0x31b ./Drivers/STM32H7xx_HAL_Driver/Src/stm32h7xx_hal_adc_ex.o
 .debug_abbrev  0x000014be      0x339 ./Drivers/STM32H7xx_HAL_Driver/Src/stm32h7xx_hal_cortex.o
 .debug_abbrev  0x000017f7      0x248 ./Drivers/STM32H7xx_HAL_Driver/Src/stm32h7xx_hal_dma.o
 .debug_abbrev  0x00001a3f      0x288 ./Drivers/STM32H7xx_HAL_Driver/Src/stm32h7xx_hal_fdcan.o
 .debug_abbrev  0x00001cc7      0x1fa ./Drivers/STM32H7xx_HAL_Driver/Src/stm32h7xx_hal_gpio.o
 .debug_abbrev  0x00001ec1      0x25d ./Drivers/STM32H7xx_HAL_Driver/Src/stm32h7xx_hal_i2c.o
 .debug_abbrev  0x0000211e      0x1f1 ./Drivers/STM32H7xx_HAL_Driver/Src/stm32h7xx_hal_i2c_ex.o
 .debug_abbrev  0x0000230f      0x297 ./Drivers/STM32H7xx_HAL_Driver/Src/stm32h7xx_hal_pwr_ex.o
 .debug_abbrev  0x000025a6      0x2c5 ./Drivers/STM32H7xx_HAL_Driver/Src/stm32h7xx_hal_rcc.o
 .debug_abbrev  0x0000286b      0x27a ./Drivers/STM32H7xx_HAL_Driver/Src/stm32h7xx_hal_rcc_ex.o
 .debug_abbrev  0x00002ae5      0x276 ./Drivers/STM32H7xx_HAL_Driver/Src/stm32h7xx_hal_tim.o
 .debug_abbrev  0x00002d5b      0x296 ./Drivers/STM32H7xx_HAL_Driver/Src/stm32h7xx_hal_tim_ex.o

.debug_aranges  0x00000000     0x18c8
 .debug_aranges
                0x00000000       0x28 ./Core/Src/config.o
 .debug_aranges
                0x00000028       0x38 ./Core/Src/functions.o
 .debug_aranges
                0x00000060       0x88 ./Core/Src/main.o
 .debug_aranges
                0x000000e8       0x60 ./Core/Src/stm32h7xx_hal_msp.o
 .debug_aranges
                0x00000148       0x78 ./Core/Src/stm32h7xx_it.o
 .debug_aranges
                0x000001c0       0x28 ./Core/Src/system_stm32h7xx.o
 .debug_aranges
                0x000001e8       0x80 ./Core/Src/transfer_functions.o
 .debug_aranges
                0x00000268      0x1a0 ./Drivers/STM32H7xx_HAL_Driver/Src/stm32h7xx_hal.o
 .debug_aranges
                0x00000408      0x228 ./Drivers/STM32H7xx_HAL_Driver/Src/stm32h7xx_hal_adc.o
 .debug_aranges
                0x00000630      0x1d8 ./Drivers/STM32H7xx_HAL_Driver/Src/stm32h7xx_hal_adc_ex.o
 .debug_aranges
                0x00000808      0x130 ./Drivers/STM32H7xx_HAL_Driver/Src/stm32h7xx_hal_cortex.o
 .debug_aranges
                0x00000938       0xa0 ./Drivers/STM32H7xx_HAL_Driver/Src/stm32h7xx_hal_dma.o
 .debug_aranges
                0x000009d8      0x338 ./Drivers/STM32H7xx_HAL_Driver/Src/stm32h7xx_hal_fdcan.o
 .debug_aranges
                0x00000d10       0x58 ./Drivers/STM32H7xx_HAL_Driver/Src/stm32h7xx_hal_gpio.o
 .debug_aranges
                0x00000d68      0x2a0 ./Drivers/STM32H7xx_HAL_Driver/Src/stm32h7xx_hal_i2c.o
 .debug_aranges
                0x00001008       0x48 ./Drivers/STM32H7xx_HAL_Driver/Src/stm32h7xx_hal_i2c_ex.o
 .debug_aranges
                0x00001050      0x188 ./Drivers/STM32H7xx_HAL_Driver/Src/stm32h7xx_hal_pwr_ex.o
 .debug_aranges
                0x000011d8       0x88 ./Drivers/STM32H7xx_HAL_Driver/Src/stm32h7xx_hal_rcc.o
 .debug_aranges
                0x00001260       0xf0 ./Drivers/STM32H7xx_HAL_Driver/Src/stm32h7xx_hal_rcc_ex.o
 .debug_aranges
                0x00001350      0x3e0 ./Drivers/STM32H7xx_HAL_Driver/Src/stm32h7xx_hal_tim.o
 .debug_aranges
                0x00001730      0x198 ./Drivers/STM32H7xx_HAL_Driver/Src/stm32h7xx_hal_tim_ex.o

.debug_rnglists
                0x00000000     0x1358
 .debug_rnglists
                0x00000000       0x1a ./Core/Src/config.o
 .debug_rnglists
                0x0000001a       0x25 ./Core/Src/functions.o
 .debug_rnglists
                0x0000003f       0x6d ./Core/Src/main.o
 .debug_rnglists
                0x000000ac       0x49 ./Core/Src/stm32h7xx_hal_msp.o
 .debug_rnglists
                0x000000f5       0x55 ./Core/Src/stm32h7xx_it.o
 .debug_rnglists
                0x0000014a       0x1b ./Core/Src/system_stm32h7xx.o
 .debug_rnglists
                0x00000165       0x5c ./Core/Src/transfer_functions.o
 .debug_rnglists
                0x000001c1      0x137 ./Drivers/STM32H7xx_HAL_Driver/Src/stm32h7xx_hal.o
 .debug_rnglists
                0x000002f8      0x1a9 ./Drivers/STM32H7xx_HAL_Driver/Src/stm32h7xx_hal_adc.o
 .debug_rnglists
                0x000004a1      0x16f ./Drivers/STM32H7xx_HAL_Driver/Src/stm32h7xx_hal_adc_ex.o
 .debug_rnglists
                0x00000610       0xe0 ./Drivers/STM32H7xx_HAL_Driver/Src/stm32h7xx_hal_cortex.o
 .debug_rnglists
                0x000006f0       0x82 ./Drivers/STM32H7xx_HAL_Driver/Src/stm32h7xx_hal_dma.o
 .debug_rnglists
                0x00000772      0x28b ./Drivers/STM32H7xx_HAL_Driver/Src/stm32h7xx_hal_fdcan.o
 .debug_rnglists
                0x000009fd       0x3f ./Drivers/STM32H7xx_HAL_Driver/Src/stm32h7xx_hal_gpio.o
 .debug_rnglists
                0x00000a3c      0x22a ./Drivers/STM32H7xx_HAL_Driver/Src/stm32h7xx_hal_i2c.o
 .debug_rnglists
                0x00000c66       0x35 ./Drivers/STM32H7xx_HAL_Driver/Src/stm32h7xx_hal_i2c_ex.o
 .debug_rnglists
                0x00000c9b      0x126 ./Drivers/STM32H7xx_HAL_Driver/Src/stm32h7xx_hal_pwr_ex.o
 .debug_rnglists
                0x00000dc1       0x68 ./Drivers/STM32H7xx_HAL_Driver/Src/stm32h7xx_hal_rcc.o
 .debug_rnglists
                0x00000e29       0xba ./Drivers/STM32H7xx_HAL_Driver/Src/stm32h7xx_hal_rcc_ex.o
 .debug_rnglists
                0x00000ee3      0x328 ./Drivers/STM32H7xx_HAL_Driver/Src/stm32h7xx_hal_tim.o
 .debug_rnglists
                0x0000120b      0x14d ./Drivers/STM32H7xx_HAL_Driver/Src/stm32h7xx_hal_tim_ex.o

.debug_macro    0x00000000    0x33e53
 .debug_macro   0x00000000      0x306 ./Core/Src/config.o
 .debug_macro   0x00000306      0xacc ./Core/Src/config.o
 .debug_macro   0x00000dd2      0x23e ./Core/Src/config.o
 .debug_macro   0x00001010       0x2e ./Core/Src/config.o
 .debug_macro   0x0000103e       0x3b ./Core/Src/config.o
 .debug_macro   0x00001079       0x22 ./Core/Src/config.o
 .debug_macro   0x0000109b       0x8e ./Core/Src/config.o
 .debug_macro   0x00001129       0x51 ./Core/Src/config.o
 .debug_macro   0x0000117a      0x103 ./Core/Src/config.o
 .debug_macro   0x0000127d       0x6a ./Core/Src/config.o
 .debug_macro   0x000012e7      0x1df ./Core/Src/config.o
 .debug_macro   0x000014c6       0x1c ./Core/Src/config.o
 .debug_macro   0x000014e2       0x22 ./Core/Src/config.o
 .debug_macro   0x00001504       0xfb ./Core/Src/config.o
 .debug_macro   0x000015ff     0x1305 ./Core/Src/config.o
 .debug_macro   0x00002904      0x11f ./Core/Src/config.o
 .debug_macro   0x00002a23       0x27 ./Core/Src/config.o
 .debug_macro   0x00002a4a    0x1f2aa ./Core/Src/config.o
 .debug_macro   0x00021cf4       0x6d ./Core/Src/config.o
 .debug_macro   0x00021d61     0x3d80 ./Core/Src/config.o
 .debug_macro   0x00025ae1      0x189 ./Core/Src/config.o
 .debug_macro   0x00025c6a       0x61 ./Core/Src/config.o
 .debug_macro   0x00025ccb       0x29 ./Core/Src/config.o
 .debug_macro   0x00025cf4       0x43 ./Core/Src/config.o
 .debug_macro   0x00025d37       0x34 ./Core/Src/config.o
 .debug_macro   0x00025d6b       0x16 ./Core/Src/config.o
 .debug_macro   0x00025d81       0x43 ./Core/Src/config.o
 .debug_macro   0x00025dc4       0x34 ./Core/Src/config.o
 .debug_macro   0x00025df8       0x10 ./Core/Src/config.o
 .debug_macro   0x00025e08       0x58 ./Core/Src/config.o
 .debug_macro   0x00025e60       0x8e ./Core/Src/config.o
 .debug_macro   0x00025eee       0x1c ./Core/Src/config.o
 .debug_macro   0x00025f0a      0x177 ./Core/Src/config.o
 .debug_macro   0x00026081      0x369 ./Core/Src/config.o
 .debug_macro   0x000263ea      0x19b ./Core/Src/config.o
 .debug_macro   0x00026585       0x5d ./Core/Src/config.o
 .debug_macro   0x000265e2     0x2606 ./Core/Src/config.o
 .debug_macro   0x00028be8     0x103a ./Core/Src/config.o
 .debug_macro   0x00029c22      0x154 ./Core/Src/config.o
 .debug_macro   0x00029d76      0x114 ./Core/Src/config.o
 .debug_macro   0x00029e8a      0x3d5 ./Core/Src/config.o
 .debug_macro   0x0002a25f       0xac ./Core/Src/config.o
 .debug_macro   0x0002a30b      0x70a ./Core/Src/config.o
 .debug_macro   0x0002aa15      0x20c ./Core/Src/config.o
 .debug_macro   0x0002ac21       0x66 ./Core/Src/config.o
 .debug_macro   0x0002ac87      0x3c9 ./Core/Src/config.o
 .debug_macro   0x0002b050      0x3eb ./Core/Src/config.o
 .debug_macro   0x0002b43b      0x275 ./Core/Src/config.o
 .debug_macro   0x0002b6b0     0x102f ./Core/Src/config.o
 .debug_macro   0x0002c6df      0x6c5 ./Core/Src/config.o
 .debug_macro   0x0002cda4      0x34b ./Core/Src/config.o
 .debug_macro   0x0002d0ef      0xe42 ./Core/Src/config.o
 .debug_macro   0x0002df31      0x380 ./Core/Src/config.o
 .debug_macro   0x0002e2b1      0x44e ./Core/Src/config.o
 .debug_macro   0x0002e6ff       0x43 ./Core/Src/config.o
 .debug_macro   0x0002e742       0x4a ./Core/Src/config.o
 .debug_macro   0x0002e78c      0x22c ./Core/Src/config.o
 .debug_macro   0x0002e9b8       0x67 ./Core/Src/config.o
 .debug_macro   0x0002ea1f       0xa5 ./Core/Src/config.o
 .debug_macro   0x0002eac4      0x1bd ./Core/Src/config.o
 .debug_macro   0x0002ec81      0x2ab ./Core/Src/config.o
 .debug_macro   0x0002ef2c       0x35 ./Core/Src/config.o
 .debug_macro   0x0002ef61      0xb24 ./Core/Src/config.o
 .debug_macro   0x0002fa85      0x29f ./Core/Src/config.o
 .debug_macro   0x0002fd24      0x5be ./Core/Src/config.o
 .debug_macro   0x000302e2       0x4c ./Core/Src/config.o
 .debug_macro   0x0003032e      0x308 ./Core/Src/functions.o
 .debug_macro   0x00030636      0x2fc ./Core/Src/main.o
 .debug_macro   0x00030932      0x2fc ./Core/Src/stm32h7xx_hal_msp.o
 .debug_macro   0x00030c2e      0x306 ./Core/Src/stm32h7xx_it.o
 .debug_macro   0x00030f34      0x2c1 ./Core/Src/system_stm32h7xx.o
 .debug_macro   0x000311f5      0x308 ./Core/Src/transfer_functions.o
 .debug_macro   0x000314fd      0x2eb ./Drivers/STM32H7xx_HAL_Driver/Src/stm32h7xx_hal.o
 .debug_macro   0x000317e8      0x2e5 ./Drivers/STM32H7xx_HAL_Driver/Src/stm32h7xx_hal_adc.o
 .debug_macro   0x00031acd      0x2cd ./Drivers/STM32H7xx_HAL_Driver/Src/stm32h7xx_hal_adc_ex.o
 .debug_macro   0x00031d9a      0x2c1 ./Drivers/STM32H7xx_HAL_Driver/Src/stm32h7xx_hal_cortex.o
 .debug_macro   0x0003205b      0x315 ./Drivers/STM32H7xx_HAL_Driver/Src/stm32h7xx_hal_dma.o
 .debug_macro   0x00032370      0x386 ./Drivers/STM32H7xx_HAL_Driver/Src/stm32h7xx_hal_fdcan.o
 .debug_macro   0x000326f6      0x2c8 ./Drivers/STM32H7xx_HAL_Driver/Src/stm32h7xx_hal_gpio.o
 .debug_macro   0x000329be      0x38d ./Drivers/STM32H7xx_HAL_Driver/Src/stm32h7xx_hal_i2c.o
 .debug_macro   0x00032d4b      0x2c1 ./Drivers/STM32H7xx_HAL_Driver/Src/stm32h7xx_hal_i2c_ex.o
 .debug_macro   0x0003300c      0x2fa ./Drivers/STM32H7xx_HAL_Driver/Src/stm32h7xx_hal_pwr_ex.o
 .debug_macro   0x00033306      0x2e5 ./Drivers/STM32H7xx_HAL_Driver/Src/stm32h7xx_hal_rcc.o
 .debug_macro   0x000335eb      0x2df ./Drivers/STM32H7xx_HAL_Driver/Src/stm32h7xx_hal_rcc_ex.o
 .debug_macro   0x000338ca      0x2c2 ./Drivers/STM32H7xx_HAL_Driver/Src/stm32h7xx_hal_tim.o
 .debug_macro   0x00033b8c      0x2c7 ./Drivers/STM32H7xx_HAL_Driver/Src/stm32h7xx_hal_tim_ex.o

.debug_line     0x00000000    0x1f69f
 .debug_line    0x00000000      0x977 ./Core/Src/config.o
 .debug_line    0x00000977      0x9f7 ./Core/Src/functions.o
 .debug_line    0x0000136e      0xee1 ./Core/Src/main.o
 .debug_line    0x0000224f      0xc0d ./Core/Src/stm32h7xx_hal_msp.o
 .debug_line    0x00002e5c      0xa5b ./Core/Src/stm32h7xx_it.o
 .debug_line    0x000038b7      0xac2 ./Core/Src/system_stm32h7xx.o
 .debug_line    0x00004379      0xaca ./Core/Src/transfer_functions.o
 .debug_line    0x00004e43      0xecf ./Drivers/STM32H7xx_HAL_Driver/Src/stm32h7xx_hal.o
 .debug_line    0x00005d12     0x210c ./Drivers/STM32H7xx_HAL_Driver/Src/stm32h7xx_hal_adc.o
 .debug_line    0x00007e1e     0x1e1c ./Drivers/STM32H7xx_HAL_Driver/Src/stm32h7xx_hal_adc_ex.o
 .debug_line    0x00009c3a      0xef1 ./Drivers/STM32H7xx_HAL_Driver/Src/stm32h7xx_hal_cortex.o
 .debug_line    0x0000ab2b     0x2952 ./Drivers/STM32H7xx_HAL_Driver/Src/stm32h7xx_hal_dma.o
 .debug_line    0x0000d47d     0x2980 ./Drivers/STM32H7xx_HAL_Driver/Src/stm32h7xx_hal_fdcan.o
 .debug_line    0x0000fdfd      0xd9a ./Drivers/STM32H7xx_HAL_Driver/Src/stm32h7xx_hal_gpio.o
 .debug_line    0x00010b97     0x3f2e ./Drivers/STM32H7xx_HAL_Driver/Src/stm32h7xx_hal_i2c.o
 .debug_line    0x00014ac5      0xb2f ./Drivers/STM32H7xx_HAL_Driver/Src/stm32h7xx_hal_i2c_ex.o
 .debug_line    0x000155f4     0x102e ./Drivers/STM32H7xx_HAL_Driver/Src/stm32h7xx_hal_pwr_ex.o
 .debug_line    0x00016622     0x141d ./Drivers/STM32H7xx_HAL_Driver/Src/stm32h7xx_hal_rcc.o
 .debug_line    0x00017a3f     0x1cb6 ./Drivers/STM32H7xx_HAL_Driver/Src/stm32h7xx_hal_rcc_ex.o
 .debug_line    0x000196f5     0x4058 ./Drivers/STM32H7xx_HAL_Driver/Src/stm32h7xx_hal_tim.o
 .debug_line    0x0001d74d     0x1f52 ./Drivers/STM32H7xx_HAL_Driver/Src/stm32h7xx_hal_tim_ex.o

.debug_str      0x00000000   0x15a11e
 .debug_str     0x00000000   0x1504ce ./Core/Src/config.o
                             0x150b67 (size before relaxing)
 .debug_str     0x001504ce      0x6f9 ./Core/Src/functions.o
                             0x1512a4 (size before relaxing)
 .debug_str     0x00150bc7     0x17ca ./Core/Src/main.o
                             0x152cbd (size before relaxing)
 .debug_str     0x00152391      0x4bb ./Core/Src/stm32h7xx_hal_msp.o
                             0x152abb (size before relaxing)
 .debug_str     0x0015284c      0x142 ./Core/Src/stm32h7xx_it.o
                             0x151777 (size before relaxing)
 .debug_str     0x0015298e      0x30e ./Core/Src/system_stm32h7xx.o
                             0x150fb3 (size before relaxing)
 .debug_str     0x00152c9c       0xe5 ./Core/Src/transfer_functions.o
                             0x150c38 (size before relaxing)
 .debug_str     0x00152d81      0x7f2 ./Drivers/STM32H7xx_HAL_Driver/Src/stm32h7xx_hal.o
                             0x151eb0 (size before relaxing)
 .debug_str     0x00153573      0xaff ./Drivers/STM32H7xx_HAL_Driver/Src/stm32h7xx_hal_adc.o
                             0x151d11 (size before relaxing)
 .debug_str     0x00154072      0x7c4 ./Drivers/STM32H7xx_HAL_Driver/Src/stm32h7xx_hal_adc_ex.o
                             0x151d5d (size before relaxing)
 .debug_str     0x00154836      0x364 ./Drivers/STM32H7xx_HAL_Driver/Src/stm32h7xx_hal_cortex.o
                             0x1518f8 (size before relaxing)
 .debug_str     0x00154b9a      0x883 ./Drivers/STM32H7xx_HAL_Driver/Src/stm32h7xx_hal_dma.o
                             0x1516e2 (size before relaxing)
 .debug_str     0x0015541d     0x1a1f ./Drivers/STM32H7xx_HAL_Driver/Src/stm32h7xx_hal_fdcan.o
                             0x152cad (size before relaxing)
 .debug_str     0x00156e3c      0x12d ./Drivers/STM32H7xx_HAL_Driver/Src/stm32h7xx_hal_gpio.o
                             0x150f64 (size before relaxing)
 .debug_str     0x00156f69      0xdc7 ./Drivers/STM32H7xx_HAL_Driver/Src/stm32h7xx_hal_i2c.o
                             0x15200e (size before relaxing)
 .debug_str     0x00157d30       0xb8 ./Drivers/STM32H7xx_HAL_Driver/Src/stm32h7xx_hal_i2c_ex.o
                             0x1513a9 (size before relaxing)
 .debug_str     0x00157de8      0x738 ./Drivers/STM32H7xx_HAL_Driver/Src/stm32h7xx_hal_pwr_ex.o
                             0x1514e9 (size before relaxing)
 .debug_str     0x00158520      0x21a ./Drivers/STM32H7xx_HAL_Driver/Src/stm32h7xx_hal_rcc.o
                             0x15138c (size before relaxing)
 .debug_str     0x0015873a      0x5f6 ./Drivers/STM32H7xx_HAL_Driver/Src/stm32h7xx_hal_rcc_ex.o
                             0x151821 (size before relaxing)
 .debug_str     0x00158d30      0xdf8 ./Drivers/STM32H7xx_HAL_Driver/Src/stm32h7xx_hal_tim.o
                             0x1520f9 (size before relaxing)
 .debug_str     0x00159b28      0x5f6 ./Drivers/STM32H7xx_HAL_Driver/Src/stm32h7xx_hal_tim_ex.o
                             0x151aa6 (size before relaxing)

.comment        0x00000000       0x43
 .comment       0x00000000       0x43 ./Core/Src/config.o
                                 0x44 (size before relaxing)
 .comment       0x00000043       0x44 ./Core/Src/functions.o
 .comment       0x00000043       0x44 ./Core/Src/main.o
 .comment       0x00000043       0x44 ./Core/Src/stm32h7xx_hal_msp.o
 .comment       0x00000043       0x44 ./Core/Src/stm32h7xx_it.o
 .comment       0x00000043       0x44 ./Core/Src/system_stm32h7xx.o
 .comment       0x00000043       0x44 ./Core/Src/transfer_functions.o
 .comment       0x00000043       0x44 ./Drivers/STM32H7xx_HAL_Driver/Src/stm32h7xx_hal.o
 .comment       0x00000043       0x44 ./Drivers/STM32H7xx_HAL_Driver/Src/stm32h7xx_hal_adc.o
 .comment       0x00000043       0x44 ./Drivers/STM32H7xx_HAL_Driver/Src/stm32h7xx_hal_adc_ex.o
 .comment       0x00000043       0x44 ./Drivers/STM32H7xx_HAL_Driver/Src/stm32h7xx_hal_cortex.o
 .comment       0x00000043       0x44 ./Drivers/STM32H7xx_HAL_Driver/Src/stm32h7xx_hal_dma.o
 .comment       0x00000043       0x44 ./Drivers/STM32H7xx_HAL_Driver/Src/stm32h7xx_hal_fdcan.o
 .comment       0x00000043       0x44 ./Drivers/STM32H7xx_HAL_Driver/Src/stm32h7xx_hal_gpio.o
 .comment       0x00000043       0x44 ./Drivers/STM32H7xx_HAL_Driver/Src/stm32h7xx_hal_i2c.o
 .comment       0x00000043       0x44 ./Drivers/STM32H7xx_HAL_Driver/Src/stm32h7xx_hal_i2c_ex.o
 .comment       0x00000043       0x44 ./Drivers/STM32H7xx_HAL_Driver/Src/stm32h7xx_hal_pwr_ex.o
 .comment       0x00000043       0x44 ./Drivers/STM32H7xx_HAL_Driver/Src/stm32h7xx_hal_rcc.o
 .comment       0x00000043       0x44 ./Drivers/STM32H7xx_HAL_Driver/Src/stm32h7xx_hal_rcc_ex.o
 .comment       0x00000043       0x44 ./Drivers/STM32H7xx_HAL_Driver/Src/stm32h7xx_hal_tim.o
 .comment       0x00000043       0x44 ./Drivers/STM32H7xx_HAL_Driver/Src/stm32h7xx_hal_tim_ex.o

.debug_frame    0x00000000     0x6d30
 .debug_frame   0x00000000       0x4c ./Core/Src/config.o
 .debug_frame   0x0000004c       0xa4 ./Core/Src/functions.o
 .debug_frame   0x000000f0      0x1dc ./Core/Src/main.o
 .debug_frame   0x000002cc      0x164 ./Core/Src/stm32h7xx_hal_msp.o
 .debug_frame   0x00000430      0x158 ./Core/Src/stm32h7xx_it.o
 .debug_frame   0x00000588       0x58 ./Core/Src/system_stm32h7xx.o
 .debug_frame   0x000005e0      0x214 ./Core/Src/transfer_functions.o
 .debug_frame   0x000007f4      0x6a8 ./Drivers/STM32H7xx_HAL_Driver/Src/stm32h7xx_hal.o
 .debug_frame   0x00000e9c      0xa28 ./Drivers/STM32H7xx_HAL_Driver/Src/stm32h7xx_hal_adc.o
 .debug_frame   0x000018c4      0x88c ./Drivers/STM32H7xx_HAL_Driver/Src/stm32h7xx_hal_adc_ex.o
 .debug_frame   0x00002150      0x508 ./Drivers/STM32H7xx_HAL_Driver/Src/stm32h7xx_hal_cortex.o
 .debug_frame   0x00002658      0x2b4 ./Drivers/STM32H7xx_HAL_Driver/Src/stm32h7xx_hal_dma.o
 .debug_frame   0x0000290c      0xf9c ./Drivers/STM32H7xx_HAL_Driver/Src/stm32h7xx_hal_fdcan.o
 .debug_frame   0x000038a8      0x14c ./Drivers/STM32H7xx_HAL_Driver/Src/stm32h7xx_hal_gpio.o
 .debug_frame   0x000039f4      0xc40 ./Drivers/STM32H7xx_HAL_Driver/Src/stm32h7xx_hal_i2c.o
 .debug_frame   0x00004634      0x100 ./Drivers/STM32H7xx_HAL_Driver/Src/stm32h7xx_hal_i2c_ex.o
 .debug_frame   0x00004734      0x660 ./Drivers/STM32H7xx_HAL_Driver/Src/stm32h7xx_hal_pwr_ex.o
 .debug_frame   0x00004d94      0x1fc ./Drivers/STM32H7xx_HAL_Driver/Src/stm32h7xx_hal_rcc.o
 .debug_frame   0x00004f90      0x3ec ./Drivers/STM32H7xx_HAL_Driver/Src/stm32h7xx_hal_rcc_ex.o
 .debug_frame   0x0000537c     0x121c ./Drivers/STM32H7xx_HAL_Driver/Src/stm32h7xx_hal_tim.o
 .debug_frame   0x00006598      0x724 ./Drivers/STM32H7xx_HAL_Driver/Src/stm32h7xx_hal_tim_ex.o
 .debug_frame   0x00006cbc       0x20 C:/ST/STM32CubeIDE_1.13.2/STM32CubeIDE/plugins/com.st.stm32cube.ide.mcu.externaltools.gnu-tools-for-stm32.12.3.rel1.win32_1.0.100.202403111256/tools/bin/../lib/gcc/arm-none-eabi/12.3.1/../../../../arm-none-eabi/lib/thumb/v7e-m+dp/hard\libc_nano.a(libc_a-memset.o)
 .debug_frame   0x00006cdc       0x2c C:/ST/STM32CubeIDE_1.13.2/STM32CubeIDE/plugins/com.st.stm32cube.ide.mcu.externaltools.gnu-tools-for-stm32.12.3.rel1.win32_1.0.100.202403111256/tools/bin/../lib/gcc/arm-none-eabi/12.3.1/../../../../arm-none-eabi/lib/thumb/v7e-m+dp/hard\libc_nano.a(libc_a-init.o)
 .debug_frame   0x00006d08       0x28 C:/ST/STM32CubeIDE_1.13.2/STM32CubeIDE/plugins/com.st.stm32cube.ide.mcu.externaltools.gnu-tools-for-stm32.12.3.rel1.win32_1.0.100.202403111256/tools/bin/../lib/gcc/arm-none-eabi/12.3.1/../../../../arm-none-eabi/lib/thumb/v7e-m+dp/hard\libc_nano.a(libc_a-memcpy-stub.o)
