Archive member included to satisfy reference by file (symbol)

C:/ST/STM32CubeIDE_1.11.0/STM32CubeIDE/plugins/com.st.stm32cube.ide.mcu.externaltools.gnu-tools-for-stm32.11.3.rel1.win32_1.1.100.202309141235/tools/bin/../lib/gcc/arm-none-eabi/11.3.1/../../../../arm-none-eabi/lib/thumb/v7e-m+dp/hard\libc_nano.a(libc_a-exit.o)
                              C:/ST/STM32CubeIDE_1.11.0/STM32CubeIDE/plugins/com.st.stm32cube.ide.mcu.externaltools.gnu-tools-for-stm32.11.3.rel1.win32_1.1.100.202309141235/tools/bin/../lib/gcc/arm-none-eabi/11.3.1/../../../../arm-none-eabi/lib/thumb/v7e-m+dp/hard/crt0.o (exit)
C:/ST/STM32CubeIDE_1.11.0/STM32CubeIDE/plugins/com.st.stm32cube.ide.mcu.externaltools.gnu-tools-for-stm32.11.3.rel1.win32_1.1.100.202309141235/tools/bin/../lib/gcc/arm-none-eabi/11.3.1/../../../../arm-none-eabi/lib/thumb/v7e-m+dp/hard\libc_nano.a(libc_a-findfp.o)
                              C:/ST/STM32CubeIDE_1.11.0/STM32CubeIDE/plugins/com.st.stm32cube.ide.mcu.externaltools.gnu-tools-for-stm32.11.3.rel1.win32_1.1.100.202309141235/tools/bin/../lib/gcc/arm-none-eabi/11.3.1/../../../../arm-none-eabi/lib/thumb/v7e-m+dp/hard\libc_nano.a(libc_a-exit.o) (__stdio_exit_handler)
C:/ST/STM32CubeIDE_1.11.0/STM32CubeIDE/plugins/com.st.stm32cube.ide.mcu.externaltools.gnu-tools-for-stm32.11.3.rel1.win32_1.1.100.202309141235/tools/bin/../lib/gcc/arm-none-eabi/11.3.1/../../../../arm-none-eabi/lib/thumb/v7e-m+dp/hard\libc_nano.a(libc_a-fwalk.o)
                              C:/ST/STM32CubeIDE_1.11.0/STM32CubeIDE/plugins/com.st.stm32cube.ide.mcu.externaltools.gnu-tools-for-stm32.11.3.rel1.win32_1.1.100.202309141235/tools/bin/../lib/gcc/arm-none-eabi/11.3.1/../../../../arm-none-eabi/lib/thumb/v7e-m+dp/hard\libc_nano.a(libc_a-findfp.o) (_fwalk_sglue)
C:/ST/STM32CubeIDE_1.11.0/STM32CubeIDE/plugins/com.st.stm32cube.ide.mcu.externaltools.gnu-tools-for-stm32.11.3.rel1.win32_1.1.100.202309141235/tools/bin/../lib/gcc/arm-none-eabi/11.3.1/../../../../arm-none-eabi/lib/thumb/v7e-m+dp/hard\libc_nano.a(libc_a-stdio.o)
                              C:/ST/STM32CubeIDE_1.11.0/STM32CubeIDE/plugins/com.st.stm32cube.ide.mcu.externaltools.gnu-tools-for-stm32.11.3.rel1.win32_1.1.100.202309141235/tools/bin/../lib/gcc/arm-none-eabi/11.3.1/../../../../arm-none-eabi/lib/thumb/v7e-m+dp/hard\libc_nano.a(libc_a-findfp.o) (__sread)
C:/ST/STM32CubeIDE_1.11.0/STM32CubeIDE/plugins/com.st.stm32cube.ide.mcu.externaltools.gnu-tools-for-stm32.11.3.rel1.win32_1.1.100.202309141235/tools/bin/../lib/gcc/arm-none-eabi/11.3.1/../../../../arm-none-eabi/lib/thumb/v7e-m+dp/hard\libc_nano.a(libc_a-memset.o)
                              C:/ST/STM32CubeIDE_1.11.0/STM32CubeIDE/plugins/com.st.stm32cube.ide.mcu.externaltools.gnu-tools-for-stm32.11.3.rel1.win32_1.1.100.202309141235/tools/bin/../lib/gcc/arm-none-eabi/11.3.1/../../../../arm-none-eabi/lib/thumb/v7e-m+dp/hard/crt0.o (memset)
C:/ST/STM32CubeIDE_1.11.0/STM32CubeIDE/plugins/com.st.stm32cube.ide.mcu.externaltools.gnu-tools-for-stm32.11.3.rel1.win32_1.1.100.202309141235/tools/bin/../lib/gcc/arm-none-eabi/11.3.1/../../../../arm-none-eabi/lib/thumb/v7e-m+dp/hard\libc_nano.a(libc_a-closer.o)
                              C:/ST/STM32CubeIDE_1.11.0/STM32CubeIDE/plugins/com.st.stm32cube.ide.mcu.externaltools.gnu-tools-for-stm32.11.3.rel1.win32_1.1.100.202309141235/tools/bin/../lib/gcc/arm-none-eabi/11.3.1/../../../../arm-none-eabi/lib/thumb/v7e-m+dp/hard\libc_nano.a(libc_a-stdio.o) (_close_r)
C:/ST/STM32CubeIDE_1.11.0/STM32CubeIDE/plugins/com.st.stm32cube.ide.mcu.externaltools.gnu-tools-for-stm32.11.3.rel1.win32_1.1.100.202309141235/tools/bin/../lib/gcc/arm-none-eabi/11.3.1/../../../../arm-none-eabi/lib/thumb/v7e-m+dp/hard\libc_nano.a(libc_a-reent.o)
                              C:/ST/STM32CubeIDE_1.11.0/STM32CubeIDE/plugins/com.st.stm32cube.ide.mcu.externaltools.gnu-tools-for-stm32.11.3.rel1.win32_1.1.100.202309141235/tools/bin/../lib/gcc/arm-none-eabi/11.3.1/../../../../arm-none-eabi/lib/thumb/v7e-m+dp/hard\libc_nano.a(libc_a-closer.o) (errno)
C:/ST/STM32CubeIDE_1.11.0/STM32CubeIDE/plugins/com.st.stm32cube.ide.mcu.externaltools.gnu-tools-for-stm32.11.3.rel1.win32_1.1.100.202309141235/tools/bin/../lib/gcc/arm-none-eabi/11.3.1/../../../../arm-none-eabi/lib/thumb/v7e-m+dp/hard\libc_nano.a(libc_a-impure.o)
                              C:/ST/STM32CubeIDE_1.11.0/STM32CubeIDE/plugins/com.st.stm32cube.ide.mcu.externaltools.gnu-tools-for-stm32.11.3.rel1.win32_1.1.100.202309141235/tools/bin/../lib/gcc/arm-none-eabi/11.3.1/../../../../arm-none-eabi/lib/thumb/v7e-m+dp/hard\libc_nano.a(libc_a-reent.o) (_impure_ptr)
C:/ST/STM32CubeIDE_1.11.0/STM32CubeIDE/plugins/com.st.stm32cube.ide.mcu.externaltools.gnu-tools-for-stm32.11.3.rel1.win32_1.1.100.202309141235/tools/bin/../lib/gcc/arm-none-eabi/11.3.1/../../../../arm-none-eabi/lib/thumb/v7e-m+dp/hard\libc_nano.a(libc_a-lseekr.o)
[...]
Memory Configuration

Name             Origin             Length             Attributes
ITCMRAM          0x0000000000000000 0x0000000000010000 xrw
FLASH            0x0000000008000000 0x0000000000020000 xr
DTCMRAM1         0x0000000020000000 0x0000000000010000 xrw
DTCMRAM2         0x0000000020010000 0x0000000000010000 xrw
RAM              0x0000000024000000 0x0000000000100000 xrw
RAM_CD           0x0000000030000000 0x0000000000020000 xrw
RAM_SRD          0x0000000038000000 0x0000000000008000 xrw
*default*        0x0000000000000000 0xffffffffffffffff

Linker script and memory map

LOAD C:/ST/STM32CubeIDE_1.11.0/STM32CubeIDE/plugins/com.st.stm32cube.ide.mcu.externaltools.gnu-tools-for-stm32.11.3.rel1.win32_1.1.100.202309141235/tools/bin/../lib/gcc/arm-none-eabi/11.3.1/thumb/v7e-m+dp/hard/crti.o
LOAD C:/ST/STM32CubeIDE_1.11.0/STM32CubeIDE/plugins/com.st.stm32cube.ide.mcu.externaltools.gnu-tools-for-stm32.11.3.rel1.win32_1.1.100.202309141235/tools/bin/../lib/gcc/arm-none-eabi/11.3.1/thumb/v7e-m+dp/hard/crtbegin.o
LOAD C:/ST/STM32CubeIDE_1.11.0/STM32CubeIDE/plugins/com.st.stm32cube.ide.mcu.externaltools.gnu-tools-for-stm32.11.3.rel1.win32_1.1.100.202309141235/tools/bin/../lib/gcc/arm-none-eabi/11.3.1/../../../../arm-none-eabi/lib/thumb/v7e-m+dp/hard/crt0.o
LOAD ./Core/Src/config.o
LOAD ./Core/Src/functions.o
LOAD ./Core/Src/main.o
LOAD ./Core/Src/stm32h7xx_hal_msp.o
LOAD ./Core/Src/stm32h7xx_it.o
LOAD ./Core/Src/syscalls.o
LOAD ./Core/Src/sysmem.o
LOAD ./Core/Src/system_stm32h7xx.o
LOAD ./Core/Src/transfer_functions.o
LOAD ./Core/Startup/startup_stm32h7b0rbtx.o
LOAD ./Drivers/STM32H7xx_HAL_Driver/Src/stm32h7xx_hal.o
LOAD ./Drivers/STM32H7xx_HAL_Driver/Src/stm32h7xx_hal_adc.o
LOAD ./Drivers/STM32H7xx_HAL_Driver/Src/stm32h7xx_hal_adc_ex.o
LOAD ./Drivers/STM32H7xx_HAL_Driver/Src/stm32h7xx_hal_cortex.o
LOAD ./Drivers/STM32H7xx_HAL_Driver/Src/stm32h7xx_hal_dma.o
LOAD ./Drivers/STM32H7xx_HAL_Driver/Src/stm32h7xx_hal_dma_ex.o
LOAD ./Drivers/STM32H7xx_HAL_Driver/Src/stm32h7xx_hal_exti.o
LOAD ./Drivers/STM32H7xx_HAL_Driver/Src/stm32h7xx_hal_fdcan.o
LOAD ./Drivers/STM32H7xx_HAL_Driver/Src/stm32h7xx_hal_flash.o
LOAD ./Drivers/STM32H7xx_HAL_Driver/Src/stm32h7xx_hal_flash_ex.o
LOAD ./Drivers/STM32H7xx_HAL_Driver/Src/stm32h7xx_hal_gpio.o
LOAD ./Drivers/STM32H7xx_HAL_Driver/Src/stm32h7xx_hal_hsem.o
LOAD ./Drivers/STM32H7xx_HAL_Driver/Src/stm32h7xx_hal_i2c.o
LOAD ./Drivers/STM32H7xx_HAL_Driver/Src/stm32h7xx_hal_i2c_ex.o
LOAD ./Drivers/STM32H7xx_HAL_Driver/Src/stm32h7xx_hal_mdma.o
LOAD ./Drivers/STM32H7xx_HAL_Driver/Src/stm32h7xx_hal_pwr.o
LOAD ./Drivers/STM32H7xx_HAL_Driver/Src/stm32h7xx_hal_pwr_ex.o
LOAD ./Drivers/STM32H7xx_HAL_Driver/Src/stm32h7xx_hal_rcc.o
LOAD ./Drivers/STM32H7xx_HAL_Driver/Src/stm32h7xx_hal_rcc_ex.o
LOAD ./Drivers/STM32H7xx_HAL_Driver/Src/stm32h7xx_hal_tim.o
LOAD ./Drivers/STM32H7xx_HAL_Driver/Src/stm32h7xx_hal_tim_ex.o
START GROUP
LOAD C:/ST/STM32CubeIDE_1.11.0/STM32CubeIDE/plugins/com.st.stm32cube.ide.mcu.externaltools.gnu-tools-for-stm32.11.3.rel1.win32_1.1.100.202309141235/tools/bin/../lib/gcc/arm-none-eabi/11.3.1/../../../../arm-none-eabi/lib/thumb/v7e-m+dp/hard\libc_nano.a
LOAD C:/ST/STM32CubeIDE_1.11.0/STM32CubeIDE/plugins/com.st.stm32cube.ide.mcu.externaltools.gnu-tools-for-stm32.11.3.rel1.win32_1.1.100.202309141235/tools/bin/../lib/gcc/arm-none-eabi/11.3.1/../../../../arm-none-eabi/lib/thumb/v7e-m+dp/hard\libm.a
END GROUP
START GROUP
LOAD C:/ST/STM32CubeIDE_1.11.0/STM32CubeIDE/plugins/com.st.stm32cube.ide.mcu.externaltools.gnu-tools-for-stm32.11.3.rel1.win32_1.1.100.202309141235/tools/bin/../lib/gcc/arm-none-eabi/11.3.1/thumb/v7e-m+dp/hard\libgcc.a
LOAD C:/ST/STM32CubeIDE_1.11.0/STM32CubeIDE/plugins/com.st.stm32cube.ide.mcu.externaltools.gnu-tools-for-stm32.11.3.rel1.win32_1.1.100.202309141235/tools/bin/../lib/gcc/arm-none-eabi/11.3.1/../../../../arm-none-eabi/lib/thumb/v7e-m+dp/hard\libc_nano.a
END GROUP
START GROUP
LOAD C:/ST/STM32CubeIDE_1.11.0/STM32CubeIDE/plugins/com.st.stm32cube.ide.mcu.externaltools.gnu-tools-for-stm32.11.3.rel1.win32_1.1.100.202309141235/tools/bin/../lib/gcc/arm-none-eabi/11.3.1/thumb/v7e-m+dp/hard\libgcc.a
LOAD C:/ST/STM32CubeIDE_1.11.0/STM32CubeIDE/plugins/com.st.stm32cube.ide.mcu.externaltools.gnu-tools-for-stm32.11.3.rel1.win32_1.1.100.202309141235/tools/bin/../lib/gcc/arm-none-eabi/11.3.1/../../../../arm-none-eabi/lib/thumb/v7e-m+dp/hard\libc_nano.a
LOAD C:/ST/STM32CubeIDE_1.11.0/STM32CubeIDE/plugins/com.st.stm32cube.ide.mcu.externaltools.gnu-tools-for-stm32.11.3.rel1.win32_1.1.100.202309141235/tools/bin/../lib/gcc/arm-none-eabi/11.3.1/../../../../arm-none-eabi/lib/thumb/v7e-m+dp/hard\libnosys.a
END GROUP
START GROUP
LOAD C:/ST/STM32CubeIDE_1.11.0/STM32CubeIDE/plugins/com.st.stm32cube.ide.mcu.externaltools.gnu-tools-for-stm32.11.3.rel1.win32_1.1.100.202309141235/tools/bin/../lib/gcc/arm-none-eabi/11.3.1/thumb/v7e-m+dp/hard\libgcc.a
LOAD C:/ST/STM32CubeIDE_1.11.0/STM32CubeIDE/plugins/com.st.stm32cube.ide.mcu.externaltools.gnu-tools-for-stm32.11.3.rel1.win32_1.1.100.202309141235/tools/bin/../lib/gcc/arm-none-eabi/11.3.1/../../../../arm-none-eabi/lib/thumb/v7e-m+dp/hard\libc_nano.a
LOAD C:/ST/STM32CubeIDE_1.11.0/STM32CubeIDE/plugins/com.st.stm32cube.ide.mcu.externaltools.gnu-tools-for-stm32.11.3.rel1.win32_1.1.100.202309141235/tools/bin/../lib/gcc/arm-none-eabi/11.3.1/../../../../arm-none-eabi/lib/thumb/v7e-m+dp/hard\libnosys.a
END GROUP
LOAD C:/ST/STM32CubeIDE_1.11.0/STM32CubeIDE/plugins/com.st.stm32cube.ide.mcu.externaltools.gnu-tools-for-stm32.11.3.rel1.win32_1.1.100.202309141235/tools/bin/../lib/gcc/arm-none-eabi/11.3.1/thumb/v7e-m+dp/hard/crtend.o
LOAD C:/ST/STM32CubeIDE_1.11.0/STM32CubeIDE/plugins/com.st.stm32cube.ide.mcu.externaltools.gnu-tools-for-stm32.11.3.rel1.win32_1.1.100.202309141235/tools/bin/../lib/gcc/arm-none-eabi/11.3.1/thumb/v7e-m+dp/hard/crtn.o
                0x0000000024100000                _estack = (ORIGIN (RAM) + LENGTH (RAM))
                0x0000000000000200                _Min_Heap_Size = 0x200
                0x0000000000000400                _Min_Stack_Size = 0x400

.isr_vector     0x0000000008000000      0x2ac
                0x0000000008000000                . = ALIGN (0x4)
 *(.isr_vector)
 .isr_vector    0x0000000008000000      0x2ac ./Core/Startup/startup_stm32h7b0rbtx.o
                0x0000000008000000                g_pfnVectors
                0x00000000080002ac                . = ALIGN (0x4)

.text           0x00000000080002ac     0xb090
                0x00000000080002ac                . = ALIGN (0x4)
 *(.text)
 .text          0x00000000080002ac       0x40 C:/ST/STM32CubeIDE_1.11.0/STM32CubeIDE/plugins/com.st.stm32cube.ide.mcu.externaltools.gnu-tools-for-stm32.11.3.rel1.win32_1.1.100.202309141235/tools/bin/../lib/gcc/arm-none-eabi/11.3.1/thumb/v7e-m+dp/hard/crtbegin.o
 *(.text*)
 .text.Config_Setup
                0x00000000080002ec        0xc ./Core/Src/config.o
                0x00000000080002ec                Config_Setup
 .text.Config_1
                0x00000000080002f8      0x2c4 ./Core/Src/config.o
                0x00000000080002f8                Config_1
 .text.CanSend  0x00000000080005bc       0x3c ./Core/Src/functions.o
                0x00000000080005bc                CanSend
 .text.HAL_FDCAN_RxFifo0Callback
                0x00000000080005f8       0x60 ./Core/Src/functions.o
                0x00000000080005f8                HAL_FDCAN_RxFifo0Callback
 .text.print    0x0000000008000658       0xcc ./Core/Src/functions.o
                0x0000000008000658                print
 .text.decode   0x0000000008000724        0xe ./Core/Src/functions.o
                0x0000000008000724                decode
 *fill*         0x0000000008000732        0x2 
 .text.calibrate
                0x0000000008000734       0x88 ./Core/Src/functions.o
                0x0000000008000734                calibrate
 .text.calibration
                0x00000000080007bc      0x1bc ./Core/Src/functions.o
                0x00000000080007bc                calibration
 .text.main     0x0000000008000978      0x104 ./Core/Src/main.o
                0x0000000008000978                main
 .text.SystemClock_Config
                0x0000000008000a7c       0xdc ./Core/Src/main.o
                0x0000000008000a7c                SystemClock_Config
 .text.MX_ADC1_Init
                0x0000000008000b58      0x2ec ./Core/Src/main.o
 .text.MX_FDCAN1_Init
                0x0000000008000e44      0x104 ./Core/Src/main.o
 .text.MX_FDCAN2_Init
                0x0000000008000f48      0x104 ./Core/Src/main.o
 .text.MX_I2C1_Init
                0x000000000800104c       0x80 ./Core/Src/main.o
 .text.MX_I2C3_Init
                0x00000000080010cc       0x80 ./Core/Src/main.o
 .text.MX_I2C4_Init
                0x000000000800114c       0x80 ./Core/Src/main.o
 .text.MX_TIM3_Init
                0x00000000080011cc       0x9c ./Core/Src/main.o
 .text.MX_DMA_Init
                0x0000000008001268       0x40 ./Core/Src/main.o
 .text.MX_GPIO_Init
                0x00000000080012a8       0xf4 ./Core/Src/main.o
 .text.HAL_ADC_ConvCpltCallback
                0x000000000800139c      0x104 ./Core/Src/main.o
                0x000000000800139c                HAL_ADC_ConvCpltCallback
 .text.Error_Handler
                0x00000000080014a0        0xa ./Core/Src/main.o
                0x00000000080014a0                Error_Handler
 *fill*         0x00000000080014aa        0x2 
 .text.HAL_MspInit
                0x00000000080014ac       0x40 ./Core/Src/stm32h7xx_hal_msp.o
                0x00000000080014ac                HAL_MspInit
 .text.HAL_ADC_MspInit
                0x00000000080014ec      0x1d0 ./Core/Src/stm32h7xx_hal_msp.o
                0x00000000080014ec                HAL_ADC_MspInit
 .text.HAL_FDCAN_MspInit
                0x00000000080016bc      0x1ac ./Core/Src/stm32h7xx_hal_msp.o
                0x00000000080016bc                HAL_FDCAN_MspInit
 .text.HAL_I2C_MspInit
                0x0000000008001868      0x260 ./Core/Src/stm32h7xx_hal_msp.o
                0x0000000008001868                HAL_I2C_MspInit
 .text.HAL_TIM_Base_MspInit
                0x0000000008001ac8       0x50 ./Core/Src/stm32h7xx_hal_msp.o
                0x0000000008001ac8                HAL_TIM_Base_MspInit
 .text.NMI_Handler
                0x0000000008001b18        0x6 ./Core/Src/stm32h7xx_it.o
                0x0000000008001b18                NMI_Handler
 .text.HardFault_Handler
                0x0000000008001b1e        0x6 ./Core/Src/stm32h7xx_it.o
                0x0000000008001b1e                HardFault_Handler
 .text.MemManage_Handler
                0x0000000008001b24        0x6 ./Core/Src/stm32h7xx_it.o
                0x0000000008001b24                MemManage_Handler
 .text.BusFault_Handler
                0x0000000008001b2a        0x6 ./Core/Src/stm32h7xx_it.o
                0x0000000008001b2a                BusFault_Handler
 .text.UsageFault_Handler
                0x0000000008001b30        0x6 ./Core/Src/stm32h7xx_it.o
                0x0000000008001b30                UsageFault_Handler
 .text.SVC_Handler
                0x0000000008001b36        0xe ./Core/Src/stm32h7xx_it.o
                0x0000000008001b36                SVC_Handler
 .text.DebugMon_Handler
                0x0000000008001b44        0xe ./Core/Src/stm32h7xx_it.o
                0x0000000008001b44                DebugMon_Handler
 .text.PendSV_Handler
                0x0000000008001b52        0xe ./Core/Src/stm32h7xx_it.o
                0x0000000008001b52                PendSV_Handler
 .text.SysTick_Handler
                0x0000000008001b60        0xc ./Core/Src/stm32h7xx_it.o
                0x0000000008001b60                SysTick_Handler
 .text.RCC_IRQHandler
                0x0000000008001b6c        0xe ./Core/Src/stm32h7xx_it.o
                0x0000000008001b6c                RCC_IRQHandler
 *fill*         0x0000000008001b7a        0x2 
 .text.DMA1_Stream0_IRQHandler
                0x0000000008001b7c       0x14 ./Core/Src/stm32h7xx_it.o
                0x0000000008001b7c                DMA1_Stream0_IRQHandler
 .text.FDCAN1_IT0_IRQHandler
                0x0000000008001b90       0x14 ./Core/Src/stm32h7xx_it.o
                0x0000000008001b90                FDCAN1_IT0_IRQHandler
 .text.TIM3_IRQHandler
                0x0000000008001ba4       0x38 ./Core/Src/stm32h7xx_it.o
                0x0000000008001ba4                TIM3_IRQHandler
 .text.SystemInit
                0x0000000008001bdc       0xf8 ./Core/Src/system_stm32h7xx.o
                0x0000000008001bdc                SystemInit
 .text.TF_3V3   0x0000000008001cd4       0x3c ./Core/Src/transfer_functions.o
                0x0000000008001cd4                TF_3V3
 .text.TF_BPPS  0x0000000008001d10       0x58 ./Core/Src/transfer_functions.o
                0x0000000008001d10                TF_BPPS
 .text.TF_APPS1
                0x0000000008001d68       0x54 ./Core/Src/transfer_functions.o
                0x0000000008001d68                TF_APPS1
 .text.TF_APPS2
                0x0000000008001dbc       0x58 ./Core/Src/transfer_functions.o
                0x0000000008001dbc                TF_APPS2
 .text.TF_BTN   0x0000000008001e14       0x4c ./Core/Src/transfer_functions.o
                0x0000000008001e14                TF_BTN
 .text.Reset_Handler
                0x0000000008001e60       0x50 ./Core/Startup/startup_stm32h7b0rbtx.o
                0x0000000008001e60                Reset_Handler
 .text.Default_Handler
                0x0000000008001eb0        0x2 ./Core/Startup/startup_stm32h7b0rbtx.o
                0x0000000008001eb0                RTC_Alarm_IRQHandler
                0x0000000008001eb0                HASH_RNG_IRQHandler
                0x0000000008001eb0                EXTI2_IRQHandler
                0x0000000008001eb0                TIM8_CC_IRQHandler
                0x0000000008001eb0                UART8_IRQHandler
                0x0000000008001eb0                BDMA2_Channel1_IRQHandler
                0x0000000008001eb0                SPI4_IRQHandler
                0x0000000008001eb0                BDMA2_Channel0_IRQHandler
                0x0000000008001eb0                TIM1_CC_IRQHandler
                0x0000000008001eb0                DMA2_Stream5_IRQHandler
                0x0000000008001eb0                JPEG_IRQHandler
                0x0000000008001eb0                DMA1_Stream5_IRQHandler
                0x0000000008001eb0                EXTI3_IRQHandler
                0x0000000008001eb0                LPTIM4_IRQHandler
                0x0000000008001eb0                TIM8_TRG_COM_TIM14_IRQHandler
                0x0000000008001eb0                LPTIM2_IRQHandler
                0x0000000008001eb0                DFSDM1_FLT1_IRQHandler
                0x0000000008001eb0                DMAMUX2_OVR_IRQHandler
                0x0000000008001eb0                GFXMMU_IRQHandler
                0x0000000008001eb0                TIM8_UP_TIM13_IRQHandler
                0x0000000008001eb0                I2C3_ER_IRQHandler
                0x0000000008001eb0                DFSDM1_FLT2_IRQHandler
                0x0000000008001eb0                USART10_IRQHandler
                0x0000000008001eb0                MDMA_IRQHandler
                0x0000000008001eb0                LPTIM3_IRQHandler
                0x0000000008001eb0                BDMA2_Channel3_IRQHandler
                0x0000000008001eb0                HSEM1_IRQHandler
                0x0000000008001eb0                EXTI0_IRQHandler
                0x0000000008001eb0                I2C2_EV_IRQHandler
                0x0000000008001eb0                DAC2_IRQHandler
                0x0000000008001eb0                DMA1_Stream2_IRQHandler
                0x0000000008001eb0                FPU_IRQHandler
                0x0000000008001eb0                OTG_HS_WKUP_IRQHandler
                0x0000000008001eb0                FDCAN1_IT1_IRQHandler
                0x0000000008001eb0                LTDC_ER_IRQHandler
                0x0000000008001eb0                DMA2_Stream2_IRQHandler
                0x0000000008001eb0                SPI1_IRQHandler
                0x0000000008001eb0                OCTOSPI1_IRQHandler
                0x0000000008001eb0                TIM6_DAC_IRQHandler
                0x0000000008001eb0                BDMA2_Channel6_IRQHandler
                0x0000000008001eb0                DMA2_Stream3_IRQHandler
                0x0000000008001eb0                OCTOSPI2_IRQHandler
                0x0000000008001eb0                SAI2_IRQHandler
                0x0000000008001eb0                BDMA1_IRQHandler
                0x0000000008001eb0                DFSDM1_FLT3_IRQHandler
                0x0000000008001eb0                USART6_IRQHandler
                0x0000000008001eb0                TIM17_IRQHandler
                0x0000000008001eb0                USART3_IRQHandler
                0x0000000008001eb0                CRYP_IRQHandler
                0x0000000008001eb0                LPTIM5_IRQHandler
                0x0000000008001eb0                UART5_IRQHandler
                0x0000000008001eb0                DMA2_Stream0_IRQHandler
                0x0000000008001eb0                TIM4_IRQHandler
                0x0000000008001eb0                I2C1_EV_IRQHandler
                0x0000000008001eb0                DMA1_Stream6_IRQHandler
                0x0000000008001eb0                DMAMUX1_OVR_IRQHandler
                0x0000000008001eb0                DMA1_Stream1_IRQHandler
                0x0000000008001eb0                TIM16_IRQHandler
                0x0000000008001eb0                UART4_IRQHandler
                0x0000000008001eb0                UART9_IRQHandler
                0x0000000008001eb0                TIM8_BRK_TIM12_IRQHandler
                0x0000000008001eb0                TIM1_TRG_COM_IRQHandler
                0x0000000008001eb0                Default_Handler
                0x0000000008001eb0                ECC_IRQHandler
                0x0000000008001eb0                BDMA2_Channel2_IRQHandler
                0x0000000008001eb0                CEC_IRQHandler
                0x0000000008001eb0                EXTI15_10_IRQHandler
                0x0000000008001eb0                DFSDM1_FLT4_IRQHandler
                0x0000000008001eb0                ADC_IRQHandler
                0x0000000008001eb0                OTFDEC1_IRQHandler
                0x0000000008001eb0                DMA1_Stream7_IRQHandler
                0x0000000008001eb0                SPI5_IRQHandler
                0x0000000008001eb0                TIM7_IRQHandler
                0x0000000008001eb0                SDMMC1_IRQHandler
                0x0000000008001eb0                TIM5_IRQHandler
                0x0000000008001eb0                DMA2_Stream7_IRQHandler
                0x0000000008001eb0                TIM15_IRQHandler
                0x0000000008001eb0                I2C3_EV_IRQHandler
                0x0000000008001eb0                DFSDM2_IRQHandler
                0x0000000008001eb0                EXTI9_5_IRQHandler
                0x0000000008001eb0                RTC_WKUP_IRQHandler
                0x0000000008001eb0                LTDC_IRQHandler
                0x0000000008001eb0                SPDIF_RX_IRQHandler
                0x0000000008001eb0                PVD_PVM_IRQHandler
                0x0000000008001eb0                SPI2_IRQHandler
                0x0000000008001eb0                OTG_HS_EP1_IN_IRQHandler
                0x0000000008001eb0                DFSDM1_FLT5_IRQHandler
                0x0000000008001eb0                OTFDEC2_IRQHandler
                0x0000000008001eb0                CRS_IRQHandler
                0x0000000008001eb0                EXTI4_IRQHandler
                0x0000000008001eb0                DFSDM1_FLT6_IRQHandler
                0x0000000008001eb0                FDCAN2_IT1_IRQHandler
                0x0000000008001eb0                COMP_IRQHandler
                0x0000000008001eb0                TIM1_UP_IRQHandler
                0x0000000008001eb0                OTG_HS_EP1_OUT_IRQHandler
                0x0000000008001eb0                WWDG_IRQHandler
                0x0000000008001eb0                SPI6_IRQHandler
                0x0000000008001eb0                MDIOS_IRQHandler
                0x0000000008001eb0                I2C4_EV_IRQHandler
                0x0000000008001eb0                FDCAN2_IT0_IRQHandler
                0x0000000008001eb0                LPUART1_IRQHandler
                0x0000000008001eb0                TIM2_IRQHandler
                0x0000000008001eb0                BDMA2_Channel5_IRQHandler
                0x0000000008001eb0                OTG_HS_IRQHandler
                0x0000000008001eb0                DMA2D_IRQHandler
                0x0000000008001eb0                TIM1_BRK_IRQHandler
                0x0000000008001eb0                EXTI1_IRQHandler
                0x0000000008001eb0                SDMMC2_IRQHandler
                0x0000000008001eb0                DTS_IRQHandler
                0x0000000008001eb0                UART7_IRQHandler
                0x0000000008001eb0                MDIOS_WKUP_IRQHandler
                0x0000000008001eb0                USART2_IRQHandler
                0x0000000008001eb0                DFSDM1_FLT0_IRQHandler
                0x0000000008001eb0                I2C2_ER_IRQHandler
                0x0000000008001eb0                DMA2_Stream1_IRQHandler
                0x0000000008001eb0                DFSDM1_FLT7_IRQHandler
                0x0000000008001eb0                FLASH_IRQHandler
                0x0000000008001eb0                DMA2_Stream4_IRQHandler
                0x0000000008001eb0                USART1_IRQHandler
                0x0000000008001eb0                SPI3_IRQHandler
                0x0000000008001eb0                WAKEUP_PIN_IRQHandler
                0x0000000008001eb0                DMA1_Stream4_IRQHandler
                0x0000000008001eb0                I2C1_ER_IRQHandler
                0x0000000008001eb0                FMC_IRQHandler
                0x0000000008001eb0                BDMA2_Channel7_IRQHandler
                0x0000000008001eb0                FDCAN_CAL_IRQHandler
                0x0000000008001eb0                SWPMI1_IRQHandler
                0x0000000008001eb0                LPTIM1_IRQHandler
                0x0000000008001eb0                DCMI_PSSI_IRQHandler
                0x0000000008001eb0                I2C4_ER_IRQHandler
                0x0000000008001eb0                DMA2_Stream6_IRQHandler
                0x0000000008001eb0                SAI1_IRQHandler
                0x0000000008001eb0                DMA1_Stream3_IRQHandler
                0x0000000008001eb0                RTC_TAMP_STAMP_CSS_LSE_IRQHandler
                0x0000000008001eb0                BDMA2_Channel4_IRQHandler
 *fill*         0x0000000008001eb2        0x2 
 .text.HAL_Init
                0x0000000008001eb4       0x78 ./Drivers/STM32H7xx_HAL_Driver/Src/stm32h7xx_hal.o
                0x0000000008001eb4                HAL_Init
 .text.HAL_InitTick
                0x0000000008001f2c       0x6c ./Drivers/STM32H7xx_HAL_Driver/Src/stm32h7xx_hal.o
                0x0000000008001f2c                HAL_InitTick
 .text.HAL_IncTick
                0x0000000008001f98       0x28 ./Drivers/STM32H7xx_HAL_Driver/Src/stm32h7xx_hal.o
                0x0000000008001f98                HAL_IncTick
 .text.HAL_GetTick
                0x0000000008001fc0       0x18 ./Drivers/STM32H7xx_HAL_Driver/Src/stm32h7xx_hal.o
                0x0000000008001fc0                HAL_GetTick
 .text.LL_ADC_SetCommonClock
                0x0000000008001fd8       0x26 ./Drivers/STM32H7xx_HAL_Driver/Src/stm32h7xx_hal_adc.o
 .text.LL_ADC_SetCommonPathInternalCh
                0x0000000008001ffe       0x26 ./Drivers/STM32H7xx_HAL_Driver/Src/stm32h7xx_hal_adc.o
 .text.LL_ADC_GetCommonPathInternalCh
                0x0000000008002024       0x1c ./Drivers/STM32H7xx_HAL_Driver/Src/stm32h7xx_hal_adc.o
 .text.LL_ADC_SetOffset
                0x0000000008002040       0x40 ./Drivers/STM32H7xx_HAL_Driver/Src/stm32h7xx_hal_adc.o
 .text.LL_ADC_SetDataRightShift
                0x0000000008002080       0x32 ./Drivers/STM32H7xx_HAL_Driver/Src/stm32h7xx_hal_adc.o
 .text.LL_ADC_SetOffsetSignedSaturation
                0x00000000080020b2       0x36 ./Drivers/STM32H7xx_HAL_Driver/Src/stm32h7xx_hal_adc.o
 .text.LL_ADC_REG_IsTriggerSourceSWStart
                0x00000000080020e8       0x26 ./Drivers/STM32H7xx_HAL_Driver/Src/stm32h7xx_hal_adc.o
 .text.LL_ADC_REG_SetSequencerRanks
                0x000000000800210e       0x58 ./Drivers/STM32H7xx_HAL_Driver/Src/stm32h7xx_hal_adc.o
 .text.LL_ADC_REG_SetDataTransferMode
                0x0000000008002166       0x26 ./Drivers/STM32H7xx_HAL_Driver/Src/stm32h7xx_hal_adc.o
 .text.LL_ADC_SetChannelSamplingTime
                0x000000000800218c       0x56 ./Drivers/STM32H7xx_HAL_Driver/Src/stm32h7xx_hal_adc.o
 *fill*         0x00000000080021e2        0x2 
 .text.LL_ADC_SetChannelSingleDiff
                0x00000000080021e4       0x48 ./Drivers/STM32H7xx_HAL_Driver/Src/stm32h7xx_hal_adc.o
 .text.LL_ADC_GetMultimode
                0x000000000800222c       0x1c ./Drivers/STM32H7xx_HAL_Driver/Src/stm32h7xx_hal_adc.o
 .text.LL_ADC_DisableDeepPowerDown
                0x0000000008002248       0x24 ./Drivers/STM32H7xx_HAL_Driver/Src/stm32h7xx_hal_adc.o
 .text.LL_ADC_IsDeepPowerDownEnabled
                0x000000000800226c       0x28 ./Drivers/STM32H7xx_HAL_Driver/Src/stm32h7xx_hal_adc.o
 .text.LL_ADC_EnableInternalRegulator
                0x0000000008002294       0x28 ./Drivers/STM32H7xx_HAL_Driver/Src/stm32h7xx_hal_adc.o
 .text.LL_ADC_IsInternalRegulatorEnabled
                0x00000000080022bc       0x28 ./Drivers/STM32H7xx_HAL_Driver/Src/stm32h7xx_hal_adc.o
 .text.LL_ADC_Enable
                0x00000000080022e4       0x28 ./Drivers/STM32H7xx_HAL_Driver/Src/stm32h7xx_hal_adc.o
 .text.LL_ADC_IsEnabled
                0x000000000800230c       0x26 ./Drivers/STM32H7xx_HAL_Driver/Src/stm32h7xx_hal_adc.o
 *fill*         0x0000000008002332        0x2 
 .text.LL_ADC_REG_StartConversion
                0x0000000008002334       0x28 ./Drivers/STM32H7xx_HAL_Driver/Src/stm32h7xx_hal_adc.o
 .text.LL_ADC_REG_IsConversionOngoing
                0x000000000800235c       0x26 ./Drivers/STM32H7xx_HAL_Driver/Src/stm32h7xx_hal_adc.o
 .text.LL_ADC_INJ_IsConversionOngoing
                0x0000000008002382       0x26 ./Drivers/STM32H7xx_HAL_Driver/Src/stm32h7xx_hal_adc.o
 .text.HAL_ADC_Init
                0x00000000080023a8      0x2b4 ./Drivers/STM32H7xx_HAL_Driver/Src/stm32h7xx_hal_adc.o
                0x00000000080023a8                HAL_ADC_Init
 .text.HAL_ADC_Start_DMA
                0x000000000800265c      0x168 ./Drivers/STM32H7xx_HAL_Driver/Src/stm32h7xx_hal_adc.o
                0x000000000800265c                HAL_ADC_Start_DMA
 .text.HAL_ADC_ConvHalfCpltCallback
                0x00000000080027c4       0x14 ./Drivers/STM32H7xx_HAL_Driver/Src/stm32h7xx_hal_adc.o
                0x00000000080027c4                HAL_ADC_ConvHalfCpltCallback
 .text.HAL_ADC_ErrorCallback
                0x00000000080027d8       0x14 ./Drivers/STM32H7xx_HAL_Driver/Src/stm32h7xx_hal_adc.o
                0x00000000080027d8                HAL_ADC_ErrorCallback
 .text.HAL_ADC_ConfigChannel
                0x00000000080027ec      0x5d4 ./Drivers/STM32H7xx_HAL_Driver/Src/stm32h7xx_hal_adc.o
                0x00000000080027ec                HAL_ADC_ConfigChannel
 .text.ADC_Enable
                0x0000000008002dc0       0xf8 ./Drivers/STM32H7xx_HAL_Driver/Src/stm32h7xx_hal_adc.o
                0x0000000008002dc0                ADC_Enable
 .text.ADC_DMAConvCplt
                0x0000000008002eb8       0xd8 ./Drivers/STM32H7xx_HAL_Driver/Src/stm32h7xx_hal_adc.o
                0x0000000008002eb8                ADC_DMAConvCplt
 .text.ADC_DMAHalfConvCplt
                0x0000000008002f90       0x1c ./Drivers/STM32H7xx_HAL_Driver/Src/stm32h7xx_hal_adc.o
                0x0000000008002f90                ADC_DMAHalfConvCplt
 .text.ADC_DMAError
                0x0000000008002fac       0x34 ./Drivers/STM32H7xx_HAL_Driver/Src/stm32h7xx_hal_adc.o
                0x0000000008002fac                ADC_DMAError
 .text.ADC_ConfigureBoostMode
                0x0000000008002fe0      0x19c ./Drivers/STM32H7xx_HAL_Driver/Src/stm32h7xx_hal_adc.o
                0x0000000008002fe0                ADC_ConfigureBoostMode
 .text.LL_ADC_IsEnabled
                0x000000000800317c       0x26 ./Drivers/STM32H7xx_HAL_Driver/Src/stm32h7xx_hal_adc_ex.o
 .text.LL_ADC_REG_IsConversionOngoing
                0x00000000080031a2       0x26 ./Drivers/STM32H7xx_HAL_Driver/Src/stm32h7xx_hal_adc_ex.o
 .text.HAL_ADCEx_MultiModeConfigChannel
                0x00000000080031c8      0x138 ./Drivers/STM32H7xx_HAL_Driver/Src/stm32h7xx_hal_adc_ex.o
                0x00000000080031c8                HAL_ADCEx_MultiModeConfigChannel
 .text.__NVIC_SetPriorityGrouping
                0x0000000008003300       0x48 ./Drivers/STM32H7xx_HAL_Driver/Src/stm32h7xx_hal_cortex.o
 .text.__NVIC_GetPriorityGrouping
                0x0000000008003348       0x1c ./Drivers/STM32H7xx_HAL_Driver/Src/stm32h7xx_hal_cortex.o
 .text.__NVIC_EnableIRQ
                0x0000000008003364       0x3c ./Drivers/STM32H7xx_HAL_Driver/Src/stm32h7xx_hal_cortex.o
 .text.__NVIC_SetPriority
                0x00000000080033a0       0x54 ./Drivers/STM32H7xx_HAL_Driver/Src/stm32h7xx_hal_cortex.o
 .text.NVIC_EncodePriority
                0x00000000080033f4       0x66 ./Drivers/STM32H7xx_HAL_Driver/Src/stm32h7xx_hal_cortex.o
 *fill*         0x000000000800345a        0x2 
 .text.SysTick_Config
                0x000000000800345c       0x44 ./Drivers/STM32H7xx_HAL_Driver/Src/stm32h7xx_hal_cortex.o
 .text.HAL_NVIC_SetPriorityGrouping
                0x00000000080034a0       0x16 ./Drivers/STM32H7xx_HAL_Driver/Src/stm32h7xx_hal_cortex.o
                0x00000000080034a0                HAL_NVIC_SetPriorityGrouping
 .text.HAL_NVIC_SetPriority
                0x00000000080034b6       0x34 ./Drivers/STM32H7xx_HAL_Driver/Src/stm32h7xx_hal_cortex.o
                0x00000000080034b6                HAL_NVIC_SetPriority
 .text.HAL_NVIC_EnableIRQ
                0x00000000080034ea       0x1c ./Drivers/STM32H7xx_HAL_Driver/Src/stm32h7xx_hal_cortex.o
                0x00000000080034ea                HAL_NVIC_EnableIRQ
 .text.HAL_SYSTICK_Config
                0x0000000008003506       0x18 ./Drivers/STM32H7xx_HAL_Driver/Src/stm32h7xx_hal_cortex.o
                0x0000000008003506                HAL_SYSTICK_Config
 *fill*         0x000000000800351e        0x2 
 .text.HAL_DMA_Init
                0x0000000008003520      0x71c ./Drivers/STM32H7xx_HAL_Driver/Src/stm32h7xx_hal_dma.o
                0x0000000008003520                HAL_DMA_Init
 .text.HAL_DMA_Start_IT
                0x0000000008003c3c      0x4d4 ./Drivers/STM32H7xx_HAL_Driver/Src/stm32h7xx_hal_dma.o
                0x0000000008003c3c                HAL_DMA_Start_IT
 .text.HAL_DMA_IRQHandler
                0x0000000008004110      0xec4 ./Drivers/STM32H7xx_HAL_Driver/Src/stm32h7xx_hal_dma.o
                0x0000000008004110                HAL_DMA_IRQHandler
 .text.DMA_SetConfig
                0x0000000008004fd4      0x3c8 ./Drivers/STM32H7xx_HAL_Driver/Src/stm32h7xx_hal_dma.o
 .text.DMA_CalcBaseAndBitshift
                0x000000000800539c      0x164 ./Drivers/STM32H7xx_HAL_Driver/Src/stm32h7xx_hal_dma.o
 .text.DMA_CheckFifoParam
                0x0000000008005500       0xf8 ./Drivers/STM32H7xx_HAL_Driver/Src/stm32h7xx_hal_dma.o
 .text.DMA_CalcDMAMUXChannelBaseAndMask
                0x00000000080055f8      0x134 ./Drivers/STM32H7xx_HAL_Driver/Src/stm32h7xx_hal_dma.o
 .text.DMA_CalcDMAMUXRequestGenBaseAndMask
                0x000000000800572c       0xe8 ./Drivers/STM32H7xx_HAL_Driver/Src/stm32h7xx_hal_dma.o
 .text.HAL_FDCAN_Init
                0x0000000008005814      0x3bc ./Drivers/STM32H7xx_HAL_Driver/Src/stm32h7xx_hal_fdcan.o
                0x0000000008005814                HAL_FDCAN_Init
 .text.HAL_FDCAN_Start
                0x0000000008005bd0       0x56 ./Drivers/STM32H7xx_HAL_Driver/Src/stm32h7xx_hal_fdcan.o
                0x0000000008005bd0                HAL_FDCAN_Start
 .text.HAL_FDCAN_AddMessageToTxFifoQ
                0x0000000008005c26       0xb6 ./Drivers/STM32H7xx_HAL_Driver/Src/stm32h7xx_hal_fdcan.o
                0x0000000008005c26                HAL_FDCAN_AddMessageToTxFifoQ
 .text.HAL_FDCAN_GetRxMessage
                0x0000000008005cdc      0x2d8 ./Drivers/STM32H7xx_HAL_Driver/Src/stm32h7xx_hal_fdcan.o
                0x0000000008005cdc                HAL_FDCAN_GetRxMessage
 .text.HAL_FDCAN_GetTxFifoFreeLevel
                0x0000000008005fb4       0x24 ./Drivers/STM32H7xx_HAL_Driver/Src/stm32h7xx_hal_fdcan.o
                0x0000000008005fb4                HAL_FDCAN_GetTxFifoFreeLevel
 .text.HAL_FDCAN_ActivateNotification
                0x0000000008005fd8       0xf4 ./Drivers/STM32H7xx_HAL_Driver/Src/stm32h7xx_hal_fdcan.o
                0x0000000008005fd8                HAL_FDCAN_ActivateNotification
 .text.HAL_FDCAN_IRQHandler
                0x00000000080060cc      0x498 ./Drivers/STM32H7xx_HAL_Driver/Src/stm32h7xx_hal_fdcan.o
                0x00000000080060cc                HAL_FDCAN_IRQHandler
 .text.HAL_FDCAN_ClockCalibrationCallback
                0x0000000008006564       0x16 ./Drivers/STM32H7xx_HAL_Driver/Src/stm32h7xx_hal_fdcan.o
                0x0000000008006564                HAL_FDCAN_ClockCalibrationCallback
 .text.HAL_FDCAN_TxEventFifoCallback
                0x000000000800657a       0x16 ./Drivers/STM32H7xx_HAL_Driver/Src/stm32h7xx_hal_fdcan.o
                0x000000000800657a                HAL_FDCAN_TxEventFifoCallback
 .text.HAL_FDCAN_RxFifo1Callback
                0x0000000008006590       0x16 ./Drivers/STM32H7xx_HAL_Driver/Src/stm32h7xx_hal_fdcan.o
                0x0000000008006590                HAL_FDCAN_RxFifo1Callback
 .text.HAL_FDCAN_TxFifoEmptyCallback
                0x00000000080065a6       0x14 ./Drivers/STM32H7xx_HAL_Driver/Src/stm32h7xx_hal_fdcan.o
                0x00000000080065a6                HAL_FDCAN_TxFifoEmptyCallback
 .text.HAL_FDCAN_TxBufferCompleteCallback
                0x00000000080065ba       0x16 ./Drivers/STM32H7xx_HAL_Driver/Src/stm32h7xx_hal_fdcan.o
                0x00000000080065ba                HAL_FDCAN_TxBufferCompleteCallback
 .text.HAL_FDCAN_TxBufferAbortCallback
                0x00000000080065d0       0x16 ./Drivers/STM32H7xx_HAL_Driver/Src/stm32h7xx_hal_fdcan.o
                0x00000000080065d0                HAL_FDCAN_TxBufferAbortCallback
 .text.HAL_FDCAN_RxBufferNewMessageCallback
                0x00000000080065e6       0x14 ./Drivers/STM32H7xx_HAL_Driver/Src/stm32h7xx_hal_fdcan.o
                0x00000000080065e6                HAL_FDCAN_RxBufferNewMessageCallback
 .text.HAL_FDCAN_TimestampWraparoundCallback
                0x00000000080065fa       0x14 ./Drivers/STM32H7xx_HAL_Driver/Src/stm32h7xx_hal_fdcan.o
                0x00000000080065fa                HAL_FDCAN_TimestampWraparoundCallback
 .text.HAL_FDCAN_TimeoutOccurredCallback
                0x000000000800660e       0x14 ./Drivers/STM32H7xx_HAL_Driver/Src/stm32h7xx_hal_fdcan.o
                0x000000000800660e                HAL_FDCAN_TimeoutOccurredCallback
 .text.HAL_FDCAN_HighPriorityMessageCallback
                0x0000000008006622       0x14 ./Drivers/STM32H7xx_HAL_Driver/Src/stm32h7xx_hal_fdcan.o
                0x0000000008006622                HAL_FDCAN_HighPriorityMessageCallback
 .text.HAL_FDCAN_ErrorCallback
                0x0000000008006636       0x14 ./Drivers/STM32H7xx_HAL_Driver/Src/stm32h7xx_hal_fdcan.o
                0x0000000008006636                HAL_FDCAN_ErrorCallback
 .text.HAL_FDCAN_ErrorStatusCallback
                0x000000000800664a       0x16 ./Drivers/STM32H7xx_HAL_Driver/Src/stm32h7xx_hal_fdcan.o
                0x000000000800664a                HAL_FDCAN_ErrorStatusCallback
 .text.HAL_FDCAN_TT_ScheduleSyncCallback
                0x0000000008006660       0x16 ./Drivers/STM32H7xx_HAL_Driver/Src/stm32h7xx_hal_fdcan.o
                0x0000000008006660                HAL_FDCAN_TT_ScheduleSyncCallback
 .text.HAL_FDCAN_TT_TimeMarkCallback
                0x0000000008006676       0x16 ./Drivers/STM32H7xx_HAL_Driver/Src/stm32h7xx_hal_fdcan.o
                0x0000000008006676                HAL_FDCAN_TT_TimeMarkCallback
 .text.HAL_FDCAN_TT_StopWatchCallback
                0x000000000800668c       0x18 ./Drivers/STM32H7xx_HAL_Driver/Src/stm32h7xx_hal_fdcan.o
                0x000000000800668c                HAL_FDCAN_TT_StopWatchCallback
 .text.HAL_FDCAN_TT_GlobalTimeCallback
                0x00000000080066a4       0x16 ./Drivers/STM32H7xx_HAL_Driver/Src/stm32h7xx_hal_fdcan.o
                0x00000000080066a4                HAL_FDCAN_TT_GlobalTimeCallback
 *fill*         0x00000000080066ba        0x2 
 .text.FDCAN_CalcultateRamBlockAddresses
                0x00000000080066bc      0x30c ./Drivers/STM32H7xx_HAL_Driver/Src/stm32h7xx_hal_fdcan.o
 .text.FDCAN_CopyMessageToRAM
                0x00000000080069c8       0xfc ./Drivers/STM32H7xx_HAL_Driver/Src/stm32h7xx_hal_fdcan.o
 .text.HAL_GPIO_Init
                0x0000000008006ac4      0x360 ./Drivers/STM32H7xx_HAL_Driver/Src/stm32h7xx_hal_gpio.o
                0x0000000008006ac4                HAL_GPIO_Init
 .text.HAL_GPIO_WritePin
                0x0000000008006e24       0x32 ./Drivers/STM32H7xx_HAL_Driver/Src/stm32h7xx_hal_gpio.o
                0x0000000008006e24                HAL_GPIO_WritePin
 .text.HAL_GPIO_TogglePin
                0x0000000008006e56       0x34 ./Drivers/STM32H7xx_HAL_Driver/Src/stm32h7xx_hal_gpio.o
                0x0000000008006e56                HAL_GPIO_TogglePin
 *fill*         0x0000000008006e8a        0x2 
 .text.HAL_I2C_Init
                0x0000000008006e8c      0x138 ./Drivers/STM32H7xx_HAL_Driver/Src/stm32h7xx_hal_i2c.o
                0x0000000008006e8c                HAL_I2C_Init
 .text.HAL_I2CEx_ConfigAnalogFilter
                0x0000000008006fc4       0x96 ./Drivers/STM32H7xx_HAL_Driver/Src/stm32h7xx_hal_i2c_ex.o
                0x0000000008006fc4                HAL_I2CEx_ConfigAnalogFilter
 .text.HAL_I2CEx_ConfigDigitalFilter
                0x000000000800705a       0x98 ./Drivers/STM32H7xx_HAL_Driver/Src/stm32h7xx_hal_i2c_ex.o
                0x000000000800705a                HAL_I2CEx_ConfigDigitalFilter
 *fill*         0x00000000080070f2        0x2 
 .text.HAL_PWREx_ConfigSupply
                0x00000000080070f4       0x74 ./Drivers/STM32H7xx_HAL_Driver/Src/stm32h7xx_hal_pwr_ex.o
                0x00000000080070f4                HAL_PWREx_ConfigSupply
 .text.HAL_RCC_OscConfig
                0x0000000008007168      0x864 ./Drivers/STM32H7xx_HAL_Driver/Src/stm32h7xx_hal_rcc.o
                0x0000000008007168                HAL_RCC_OscConfig
 .text.HAL_RCC_ClockConfig
                0x00000000080079cc      0x36c ./Drivers/STM32H7xx_HAL_Driver/Src/stm32h7xx_hal_rcc.o
                0x00000000080079cc                HAL_RCC_ClockConfig
 .text.HAL_RCC_GetSysClockFreq
                0x0000000008007d38      0x2f4 ./Drivers/STM32H7xx_HAL_Driver/Src/stm32h7xx_hal_rcc.o
                0x0000000008007d38                HAL_RCC_GetSysClockFreq
 .text.HAL_RCC_GetHCLKFreq
                0x000000000800802c       0x60 ./Drivers/STM32H7xx_HAL_Driver/Src/stm32h7xx_hal_rcc.o
                0x000000000800802c                HAL_RCC_GetHCLKFreq
 .text.HAL_RCC_GetPCLK1Freq
                0x000000000800808c       0x2c ./Drivers/STM32H7xx_HAL_Driver/Src/stm32h7xx_hal_rcc.o
                0x000000000800808c                HAL_RCC_GetPCLK1Freq
 .text.HAL_RCCEx_PeriphCLKConfig
                0x00000000080080b8     0x137c ./Drivers/STM32H7xx_HAL_Driver/Src/stm32h7xx_hal_rcc_ex.o
                0x00000000080080b8                HAL_RCCEx_PeriphCLKConfig
 .text.HAL_RCCEx_GetPeriphCLKFreq
                0x0000000008009434      0x9b0 ./Drivers/STM32H7xx_HAL_Driver/Src/stm32h7xx_hal_rcc_ex.o
                0x0000000008009434                HAL_RCCEx_GetPeriphCLKFreq
 .text.HAL_RCCEx_GetD3PCLK1Freq
                0x0000000008009de4       0x2c ./Drivers/STM32H7xx_HAL_Driver/Src/stm32h7xx_hal_rcc_ex.o
                0x0000000008009de4                HAL_RCCEx_GetD3PCLK1Freq
 .text.HAL_RCCEx_GetPLL2ClockFreq
                0x0000000008009e10      0x2a8 ./Drivers/STM32H7xx_HAL_Driver/Src/stm32h7xx_hal_rcc_ex.o
                0x0000000008009e10                HAL_RCCEx_GetPLL2ClockFreq
 .text.HAL_RCCEx_GetPLL3ClockFreq
                0x000000000800a0b8      0x2a8 ./Drivers/STM32H7xx_HAL_Driver/Src/stm32h7xx_hal_rcc_ex.o
                0x000000000800a0b8                HAL_RCCEx_GetPLL3ClockFreq
 .text.HAL_RCCEx_GetPLL1ClockFreq
                0x000000000800a360      0x2a4 ./Drivers/STM32H7xx_HAL_Driver/Src/stm32h7xx_hal_rcc_ex.o
                0x000000000800a360                HAL_RCCEx_GetPLL1ClockFreq
 .text.RCCEx_PLL2_Config
                0x000000000800a604      0x164 ./Drivers/STM32H7xx_HAL_Driver/Src/stm32h7xx_hal_rcc_ex.o
 .text.RCCEx_PLL3_Config
                0x000000000800a768      0x164 ./Drivers/STM32H7xx_HAL_Driver/Src/stm32h7xx_hal_rcc_ex.o
 .text.HAL_TIM_Base_Init
                0x000000000800a8cc       0xae ./Drivers/STM32H7xx_HAL_Driver/Src/stm32h7xx_hal_tim.o
                0x000000000800a8cc                HAL_TIM_Base_Init
 *fill*         0x000000000800a97a        0x2 
 .text.HAL_TIM_Base_Start_IT
                0x000000000800a97c       0xf0 ./Drivers/STM32H7xx_HAL_Driver/Src/stm32h7xx_hal_tim.o
                0x000000000800a97c                HAL_TIM_Base_Start_IT
 .text.HAL_TIM_IRQHandler
                0x000000000800aa6c      0x20e ./Drivers/STM32H7xx_HAL_Driver/Src/stm32h7xx_hal_tim.o
                0x000000000800aa6c                HAL_TIM_IRQHandler
 *fill*         0x000000000800ac7a        0x2 
 .text.HAL_TIM_ConfigClockSource
                0x000000000800ac7c      0x1f0 ./Drivers/STM32H7xx_HAL_Driver/Src/stm32h7xx_hal_tim.o
                0x000000000800ac7c                HAL_TIM_ConfigClockSource
 .text.HAL_TIM_PeriodElapsedCallback
                0x000000000800ae6c       0x14 ./Drivers/STM32H7xx_HAL_Driver/Src/stm32h7xx_hal_tim.o
                0x000000000800ae6c                HAL_TIM_PeriodElapsedCallback
 .text.HAL_TIM_OC_DelayElapsedCallback
                0x000000000800ae80       0x14 ./Drivers/STM32H7xx_HAL_Driver/Src/stm32h7xx_hal_tim.o
                0x000000000800ae80                HAL_TIM_OC_DelayElapsedCallback
 .text.HAL_TIM_IC_CaptureCallback
                0x000000000800ae94       0x14 ./Drivers/STM32H7xx_HAL_Driver/Src/stm32h7xx_hal_tim.o
                0x000000000800ae94                HAL_TIM_IC_CaptureCallback
 .text.HAL_TIM_PWM_PulseFinishedCallback
                0x000000000800aea8       0x14 ./Drivers/STM32H7xx_HAL_Driver/Src/stm32h7xx_hal_tim.o
                0x000000000800aea8                HAL_TIM_PWM_PulseFinishedCallback
 .text.HAL_TIM_TriggerCallback
                0x000000000800aebc       0x14 ./Drivers/STM32H7xx_HAL_Driver/Src/stm32h7xx_hal_tim.o
                0x000000000800aebc                HAL_TIM_TriggerCallback
 .text.TIM_Base_SetConfig
                0x000000000800aed0      0x14c ./Drivers/STM32H7xx_HAL_Driver/Src/stm32h7xx_hal_tim.o
                0x000000000800aed0                TIM_Base_SetConfig
 .text.TIM_TI1_ConfigInputStage
                0x000000000800b01c       0x5e ./Drivers/STM32H7xx_HAL_Driver/Src/stm32h7xx_hal_tim.o
 .text.TIM_TI2_ConfigInputStage
                0x000000000800b07a       0x60 ./Drivers/STM32H7xx_HAL_Driver/Src/stm32h7xx_hal_tim.o
 *fill*         0x000000000800b0da        0x2 
 .text.TIM_ITRx_SetConfig
                0x000000000800b0dc       0x3c ./Drivers/STM32H7xx_HAL_Driver/Src/stm32h7xx_hal_tim.o
 .text.TIM_ETR_SetConfig
                0x000000000800b118       0x40 ./Drivers/STM32H7xx_HAL_Driver/Src/stm32h7xx_hal_tim.o
                0x000000000800b118                TIM_ETR_SetConfig
 .text.HAL_TIMEx_MasterConfigSynchronization
                0x000000000800b158      0x11c ./Drivers/STM32H7xx_HAL_Driver/Src/stm32h7xx_hal_tim_ex.o
                0x000000000800b158                HAL_TIMEx_MasterConfigSynchronization
 .text.HAL_TIMEx_CommutCallback
                0x000000000800b274       0x14 ./Drivers/STM32H7xx_HAL_Driver/Src/stm32h7xx_hal_tim_ex.o
                0x000000000800b274                HAL_TIMEx_CommutCallback
 .text.HAL_TIMEx_BreakCallback
                0x000000000800b288       0x14 ./Drivers/STM32H7xx_HAL_Driver/Src/stm32h7xx_hal_tim_ex.o
                0x000000000800b288                HAL_TIMEx_BreakCallback
 .text.HAL_TIMEx_Break2Callback
                0x000000000800b29c       0x14 ./Drivers/STM32H7xx_HAL_Driver/Src/stm32h7xx_hal_tim_ex.o
                0x000000000800b29c                HAL_TIMEx_Break2Callback
 .text.memset   0x000000000800b2b0       0x10 C:/ST/STM32CubeIDE_1.11.0/STM32CubeIDE/plugins/com.st.stm32cube.ide.mcu.externaltools.gnu-tools-for-stm32.11.3.rel1.win32_1.1.100.202309141235/tools/bin/../lib/gcc/arm-none-eabi/11.3.1/../../../../arm-none-eabi/lib/thumb/v7e-m+dp/hard\libc_nano.a(libc_a-memset.o)
                0x000000000800b2b0                memset
 .text.__libc_init_array
                0x000000000800b2c0       0x48 C:/ST/STM32CubeIDE_1.11.0/STM32CubeIDE/plugins/com.st.stm32cube.ide.mcu.externaltools.gnu-tools-for-stm32.11.3.rel1.win32_1.1.100.202309141235/tools/bin/../lib/gcc/arm-none-eabi/11.3.1/../../../../arm-none-eabi/lib/thumb/v7e-m+dp/hard\libc_nano.a(libc_a-init.o)
                0x000000000800b2c0                __libc_init_array
 .text.memcpy   0x000000000800b308       0x1c C:/ST/STM32CubeIDE_1.11.0/STM32CubeIDE/plugins/com.st.stm32cube.ide.mcu.externaltools.gnu-tools-for-stm32.11.3.rel1.win32_1.1.100.202309141235/tools/bin/../lib/gcc/arm-none-eabi/11.3.1/../../../../arm-none-eabi/lib/thumb/v7e-m+dp/hard\libc_nano.a(libc_a-memcpy-stub.o)
                0x000000000800b308                memcpy
 *(.glue_7)
 .glue_7        0x000000000800b324        0x0 linker stubs
 *(.glue_7t)
 .glue_7t       0x000000000800b324        0x0 linker stubs
 *(.eh_frame)
 .eh_frame      0x000000000800b324        0x0 C:/ST/STM32CubeIDE_1.11.0/STM32CubeIDE/plugins/com.st.stm32cube.ide.mcu.externaltools.gnu-tools-for-stm32.11.3.rel1.win32_1.1.100.202309141235/tools/bin/../lib/gcc/arm-none-eabi/11.3.1/thumb/v7e-m+dp/hard/crtbegin.o
 *(.init)
 .init          0x000000000800b324        0x4 C:/ST/STM32CubeIDE_1.11.0/STM32CubeIDE/plugins/com.st.stm32cube.ide.mcu.externaltools.gnu-tools-for-stm32.11.3.rel1.win32_1.1.100.202309141235/tools/bin/../lib/gcc/arm-none-eabi/11.3.1/thumb/v7e-m+dp/hard/crti.o
                0x000000000800b324                _init
 .init          0x000000000800b328        0x8 C:/ST/STM32CubeIDE_1.11.0/STM32CubeIDE/plugins/com.st.stm32cube.ide.mcu.externaltools.gnu-tools-for-stm32.11.3.rel1.win32_1.1.100.202309141235/tools/bin/../lib/gcc/arm-none-eabi/11.3.1/thumb/v7e-m+dp/hard/crtn.o
 *(.fini)
 .fini          0x000000000800b330        0x4 C:/ST/STM32CubeIDE_1.11.0/STM32CubeIDE/plugins/com.st.stm32cube.ide.mcu.externaltools.gnu-tools-for-stm32.11.3.rel1.win32_1.1.100.202309141235/tools/bin/../lib/gcc/arm-none-eabi/11.3.1/thumb/v7e-m+dp/hard/crti.o
                0x000000000800b330                _fini
 .fini          0x000000000800b334        0x8 C:/ST/STM32CubeIDE_1.11.0/STM32CubeIDE/plugins/com.st.stm32cube.ide.mcu.externaltools.gnu-tools-for-stm32.11.3.rel1.win32_1.1.100.202309141235/tools/bin/../lib/gcc/arm-none-eabi/11.3.1/thumb/v7e-m+dp/hard/crtn.o
                0x000000000800b33c                . = ALIGN (0x4)
                0x000000000800b33c                _etext = .

.vfp11_veneer   0x000000000800b33c        0x0
 .vfp11_veneer  0x000000000800b33c        0x0 linker stubs

.v4_bx          0x000000000800b33c        0x0
 .v4_bx         0x000000000800b33c        0x0 linker stubs

.iplt           0x000000000800b33c        0x0
 .iplt          0x000000000800b33c        0x0 C:/ST/STM32CubeIDE_1.11.0/STM32CubeIDE/plugins/com.st.stm32cube.ide.mcu.externaltools.gnu-tools-for-stm32.11.3.rel1.win32_1.1.100.202309141235/tools/bin/../lib/gcc/arm-none-eabi/11.3.1/thumb/v7e-m+dp/hard/crtbegin.o

.rodata         0x000000000800b33c       0x74
                0x000000000800b33c                . = ALIGN (0x4)
 *(.rodata)
 .rodata        0x000000000800b33c       0x4c ./Drivers/STM32H7xx_HAL_Driver/Src/stm32h7xx_hal_fdcan.o
 *(.rodata*)
 .rodata.D1CorePrescTable
                0x000000000800b388       0x10 ./Core/Src/system_stm32h7xx.o
                0x000000000800b388                D1CorePrescTable
 .rodata.flagBitshiftOffset.0
                0x000000000800b398        0x8 ./Drivers/STM32H7xx_HAL_Driver/Src/stm32h7xx_hal_dma.o
 .rodata.DLCtoBytes
                0x000000000800b3a0       0x10 ./Drivers/STM32H7xx_HAL_Driver/Src/stm32h7xx_hal_fdcan.o
                0x000000000800b3b0                . = ALIGN (0x4)

.rel.dyn        0x000000000800b3b0        0x0
 .rel.iplt      0x000000000800b3b0        0x0 C:/ST/STM32CubeIDE_1.11.0/STM32CubeIDE/plugins/com.st.stm32cube.ide.mcu.externaltools.gnu-tools-for-stm32.11.3.rel1.win32_1.1.100.202309141235/tools/bin/../lib/gcc/arm-none-eabi/11.3.1/thumb/v7e-m+dp/hard/crtbegin.o

.ARM.extab
 *(.ARM.extab* .gnu.linkonce.armextab.*)

.ARM            0x000000000800b3b0        0x0
                0x000000000800b3b0                __exidx_start = .
 *(.ARM.exidx*)
                0x000000000800b3b0                __exidx_end = .

.preinit_array  0x000000000800b3b0        0x0
                0x000000000800b3b0                PROVIDE (__preinit_array_start = .)
 *(.preinit_array*)
                0x000000000800b3b0                PROVIDE (__preinit_array_end = .)

.init_array     0x000000000800b3b0        0x4
                0x000000000800b3b0                PROVIDE (__init_array_start = .)
 *(SORT_BY_NAME(.init_array.*))
 *(.init_array*)
 .init_array    0x000000000800b3b0        0x4 C:/ST/STM32CubeIDE_1.11.0/STM32CubeIDE/plugins/com.st.stm32cube.ide.mcu.externaltools.gnu-tools-for-stm32.11.3.rel1.win32_1.1.100.202309141235/tools/bin/../lib/gcc/arm-none-eabi/11.3.1/thumb/v7e-m+dp/hard/crtbegin.o
                0x000000000800b3b4                PROVIDE (__init_array_end = .)

.fini_array     0x000000000800b3b4        0x4
                [!provide]                        PROVIDE (__fini_array_start = .)
 *(SORT_BY_NAME(.fini_array.*))
 *(.fini_array*)
 .fini_array    0x000000000800b3b4        0x4 C:/ST/STM32CubeIDE_1.11.0/STM32CubeIDE/plugins/com.st.stm32cube.ide.mcu.externaltools.gnu-tools-for-stm32.11.3.rel1.win32_1.1.100.202309141235/tools/bin/../lib/gcc/arm-none-eabi/11.3.1/thumb/v7e-m+dp/hard/crtbegin.o
                [!provide]                        PROVIDE (__fini_array_end = .)
                0x000000000800b3b8                _sidata = LOADADDR (.data)

.data           0x0000000024000000       0x10 load address 0x000000000800b3b8
                0x0000000024000000                . = ALIGN (0x4)
                0x0000000024000000                _sdata = .
 *(.data)
 *(.data*)
 .data.SystemCoreClock
                0x0000000024000000        0x4 ./Core/Src/system_stm32h7xx.o
                0x0000000024000000                SystemCoreClock
 .data.SystemD2Clock
                0x0000000024000004        0x4 ./Core/Src/system_stm32h7xx.o
                0x0000000024000004                SystemD2Clock
 .data.uwTickPrio
                0x0000000024000008        0x4 ./Drivers/STM32H7xx_HAL_Driver/Src/stm32h7xx_hal.o
                0x0000000024000008                uwTickPrio
 .data.uwTickFreq
                0x000000002400000c        0x1 ./Drivers/STM32H7xx_HAL_Driver/Src/stm32h7xx_hal.o
                0x000000002400000c                uwTickFreq
 *(.RamFunc)
 *(.RamFunc*)
                0x0000000024000010                . = ALIGN (0x4)
 *fill*         0x000000002400000d        0x3 
                0x0000000024000010                _edata = .

.igot.plt       0x0000000024000010        0x0 load address 0x000000000800b3c8
 .igot.plt      0x0000000024000010        0x0 C:/ST/STM32CubeIDE_1.11.0/STM32CubeIDE/plugins/com.st.stm32cube.ide.mcu.externaltools.gnu-tools-for-stm32.11.3.rel1.win32_1.1.100.202309141235/tools/bin/../lib/gcc/arm-none-eabi/11.3.1/thumb/v7e-m+dp/hard/crtbegin.o
                0x0000000024000010                . = ALIGN (0x4)

.bss            0x0000000024000010      0x994 load address 0x000000000800b3c8
                0x0000000024000010                _sbss = .
                0x0000000024000010                __bss_start__ = _sbss
 *(.bss)
 .bss           0x0000000024000010       0x1c C:/ST/STM32CubeIDE_1.11.0/STM32CubeIDE/plugins/com.st.stm32cube.ide.mcu.externaltools.gnu-tools-for-stm32.11.3.rel1.win32_1.1.100.202309141235/tools/bin/../lib/gcc/arm-none-eabi/11.3.1/thumb/v7e-m+dp/hard/crtbegin.o
 *(.bss*)
 .bss.hadc1     0x000000002400002c       0x64 ./Core/Src/main.o
                0x000000002400002c                hadc1
 .bss.hdma_adc1
                0x0000000024000090       0x78 ./Core/Src/main.o
                0x0000000024000090                hdma_adc1
 .bss.hfdcan1   0x0000000024000108       0xa0 ./Core/Src/main.o
                0x0000000024000108                hfdcan1
 .bss.hfdcan2   0x00000000240001a8       0xa0 ./Core/Src/main.o
                0x00000000240001a8                hfdcan2
 .bss.hi2c1     0x0000000024000248       0x54 ./Core/Src/main.o
                0x0000000024000248                hi2c1
 .bss.hi2c3     0x000000002400029c       0x54 ./Core/Src/main.o
                0x000000002400029c                hi2c3
 .bss.hi2c4     0x00000000240002f0       0x54 ./Core/Src/main.o
                0x00000000240002f0                hi2c4
 .bss.htim3     0x0000000024000344       0x4c ./Core/Src/main.o
                0x0000000024000344                htim3
 .bss.sensors   0x0000000024000390      0x180 ./Core/Src/main.o
                0x0000000024000390                sensors
 .bss.ADC1Data  0x0000000024000510       0x20 ./Core/Src/main.o
                0x0000000024000510                ADC1Data
 .bss.all_raw_data
                0x0000000024000530      0x400 ./Core/Src/main.o
                0x0000000024000530                all_raw_data
 .bss.AVE_POS   0x0000000024000930        0x1 ./Core/Src/main.o
                0x0000000024000930                AVE_POS
 *fill*         0x0000000024000931        0x1 
 .bss.CAN_interval
                0x0000000024000932        0x2 ./Core/Src/main.o
                0x0000000024000932                CAN_interval
 .bss.millis    0x0000000024000934        0x2 ./Core/Src/main.o
                0x0000000024000934                millis
 .bss.CAN_enable
                0x0000000024000936        0x1 ./Core/Src/main.o
                0x0000000024000936                CAN_enable
 .bss.CAL_counter
                0x0000000024000937        0x1 ./Core/Src/main.o
                0x0000000024000937                CAL_counter
 .bss.TxHeader  0x0000000024000938       0x24 ./Core/Src/main.o
                0x0000000024000938                TxHeader
 .bss.RxHeader  0x000000002400095c       0x28 ./Core/Src/main.o
                0x000000002400095c                RxHeader
 .bss.RxMessage
                0x0000000024000984        0x9 ./Core/Src/main.o
                0x0000000024000984                RxMessage
 *fill*         0x000000002400098d        0x3 
 .bss.TxMessage
                0x0000000024000990        0x9 ./Core/Src/main.o
                0x0000000024000990                TxMessage
 *fill*         0x0000000024000999        0x3 
 .bss.HAL_RCC_FDCAN_CLK_ENABLED
                0x000000002400099c        0x4 ./Core/Src/stm32h7xx_hal_msp.o
 .bss.uwTick    0x00000000240009a0        0x4 ./Drivers/STM32H7xx_HAL_Driver/Src/stm32h7xx_hal.o
                0x00000000240009a0                uwTick
 *(COMMON)
                0x00000000240009a4                . = ALIGN (0x4)
                0x00000000240009a4                _ebss = .
                0x00000000240009a4                __bss_end__ = _ebss

._user_heap_stack
                0x00000000240009a4      0x604 load address 0x000000000800b3c8
                0x00000000240009a8                . = ALIGN (0x8)
 *fill*         0x00000000240009a4        0x4 
                [!provide]                        PROVIDE (end = .)
                0x00000000240009a8                PROVIDE (_end = .)
                0x0000000024000ba8                . = (. + _Min_Heap_Size)
 *fill*         0x00000000240009a8      0x200 
                0x0000000024000fa8                . = (. + _Min_Stack_Size)
 *fill*         0x0000000024000ba8      0x400 
                0x0000000024000fa8                . = ALIGN (0x8)

/DISCARD/
 libc.a(*)
 libm.a(*)
 libgcc.a(*)

.ARM.attributes
                0x0000000000000000       0x2e
 *(.ARM.attributes)
 .ARM.attributes
                0x0000000000000000       0x1e C:/ST/STM32CubeIDE_1.11.0/STM32CubeIDE/plugins/com.st.stm32cube.ide.mcu.externaltools.gnu-tools-for-stm32.11.3.rel1.win32_1.1.100.202309141235/tools/bin/../lib/gcc/arm-none-eabi/11.3.1/thumb/v7e-m+dp/hard/crti.o
 .ARM.attributes
                0x000000000000001e       0x32 C:/ST/STM32CubeIDE_1.11.0/STM32CubeIDE/plugins/com.st.stm32cube.ide.mcu.externaltools.gnu-tools-for-stm32.11.3.rel1.win32_1.1.100.202309141235/tools/bin/../lib/gcc/arm-none-eabi/11.3.1/thumb/v7e-m+dp/hard/crtbegin.o
 .ARM.attributes
                0x0000000000000050       0x32 ./Core/Src/config.o
 .ARM.attributes
                0x0000000000000082       0x32 ./Core/Src/functions.o
 .ARM.attributes
                0x00000000000000b4       0x32 ./Core/Src/main.o
 .ARM.attributes
                0x00000000000000e6       0x32 ./Core/Src/stm32h7xx_hal_msp.o
 .ARM.attributes
                0x0000000000000118       0x32 ./Core/Src/stm32h7xx_it.o
 .ARM.attributes
                0x000000000000014a       0x32 ./Core/Src/system_stm32h7xx.o
 .ARM.attributes
                0x000000000000017c       0x32 ./Core/Src/transfer_functions.o
 .ARM.attributes
                0x00000000000001ae       0x21 ./Core/Startup/startup_stm32h7b0rbtx.o
 .ARM.attributes
                0x00000000000001cf       0x32 ./Drivers/STM32H7xx_HAL_Driver/Src/stm32h7xx_hal.o
 .ARM.attributes
                0x0000000000000201       0x32 ./Drivers/STM32H7xx_HAL_Driver/Src/stm32h7xx_hal_adc.o
 .ARM.attributes
                0x0000000000000233       0x32 ./Drivers/STM32H7xx_HAL_Driver/Src/stm32h7xx_hal_adc_ex.o
 .ARM.attributes
                0x0000000000000265       0x32 ./Drivers/STM32H7xx_HAL_Driver/Src/stm32h7xx_hal_cortex.o
 .ARM.attributes
                0x0000000000000297       0x32 ./Drivers/STM32H7xx_HAL_Driver/Src/stm32h7xx_hal_dma.o
 .ARM.attributes
                0x00000000000002c9       0x32 ./Drivers/STM32H7xx_HAL_Driver/Src/stm32h7xx_hal_fdcan.o
 .ARM.attributes
                0x00000000000002fb       0x32 ./Drivers/STM32H7xx_HAL_Driver/Src/stm32h7xx_hal_gpio.o
 .ARM.attributes
                0x000000000000032d       0x32 ./Drivers/STM32H7xx_HAL_Driver/Src/stm32h7xx_hal_i2c.o
 .ARM.attributes
                0x000000000000035f       0x32 ./Drivers/STM32H7xx_HAL_Driver/Src/stm32h7xx_hal_i2c_ex.o
 .ARM.attributes
                0x0000000000000391       0x32 ./Drivers/STM32H7xx_HAL_Driver/Src/stm32h7xx_hal_pwr_ex.o
 .ARM.attributes
                0x00000000000003c3       0x32 ./Drivers/STM32H7xx_HAL_Driver/Src/stm32h7xx_hal_rcc.o
 .ARM.attributes
                0x00000000000003f5       0x32 ./Drivers/STM32H7xx_HAL_Driver/Src/stm32h7xx_hal_rcc_ex.o
 .ARM.attributes
                0x0000000000000427       0x32 ./Drivers/STM32H7xx_HAL_Driver/Src/stm32h7xx_hal_tim.o
 .ARM.attributes
                0x0000000000000459       0x32 ./Drivers/STM32H7xx_HAL_Driver/Src/stm32h7xx_hal_tim_ex.o
 .ARM.attributes
                0x000000000000048b       0x32 C:/ST/STM32CubeIDE_1.11.0/STM32CubeIDE/plugins/com.st.stm32cube.ide.mcu.externaltools.gnu-tools-for-stm32.11.3.rel1.win32_1.1.100.202309141235/tools/bin/../lib/gcc/arm-none-eabi/11.3.1/../../../../arm-none-eabi/lib/thumb/v7e-m+dp/hard\libc_nano.a(libc_a-memset.o)
 .ARM.attributes
                0x00000000000004bd       0x32 C:/ST/STM32CubeIDE_1.11.0/STM32CubeIDE/plugins/com.st.stm32cube.ide.mcu.externaltools.gnu-tools-for-stm32.11.3.rel1.win32_1.1.100.202309141235/tools/bin/../lib/gcc/arm-none-eabi/11.3.1/../../../../arm-none-eabi/lib/thumb/v7e-m+dp/hard\libc_nano.a(libc_a-init.o)
 .ARM.attributes
                0x00000000000004ef       0x32 C:/ST/STM32CubeIDE_1.11.0/STM32CubeIDE/plugins/com.st.stm32cube.ide.mcu.externaltools.gnu-tools-for-stm32.11.3.rel1.win32_1.1.100.202309141235/tools/bin/../lib/gcc/arm-none-eabi/11.3.1/../../../../arm-none-eabi/lib/thumb/v7e-m+dp/hard\libc_nano.a(libc_a-memcpy-stub.o)
 .ARM.attributes
                0x0000000000000521       0x1e C:/ST/STM32CubeIDE_1.11.0/STM32CubeIDE/plugins/com.st.stm32cube.ide.mcu.externaltools.gnu-tools-for-stm32.11.3.rel1.win32_1.1.100.202309141235/tools/bin/../lib/gcc/arm-none-eabi/11.3.1/thumb/v7e-m+dp/hard/crtn.o
OUTPUT(SensorBox24Analog_H7B0.elf elf32-littlearm)
LOAD linker stubs
LOAD C:/ST/STM32CubeIDE_1.11.0/STM32CubeIDE/plugins/com.st.stm32cube.ide.mcu.externaltools.gnu-tools-for-stm32.11.3.rel1.win32_1.1.100.202309141235/tools/bin/../lib/gcc/arm-none-eabi/11.3.1/../../../../arm-none-eabi/lib/thumb/v7e-m+dp/hard\libc.a
LOAD C:/ST/STM32CubeIDE_1.11.0/STM32CubeIDE/plugins/com.st.stm32cube.ide.mcu.externaltools.gnu-tools-for-stm32.11.3.rel1.win32_1.1.100.202309141235/tools/bin/../lib/gcc/arm-none-eabi/11.3.1/../../../../arm-none-eabi/lib/thumb/v7e-m+dp/hard\libm.a
LOAD C:/ST/STM32CubeIDE_1.11.0/STM32CubeIDE/plugins/com.st.stm32cube.ide.mcu.externaltools.gnu-tools-for-stm32.11.3.rel1.win32_1.1.100.202309141235/tools/bin/../lib/gcc/arm-none-eabi/11.3.1/thumb/v7e-m+dp/hard\libgcc.a

.comment        0x0000000000000000       0x43
 .comment       0x0000000000000000       0x43 C:/ST/STM32CubeIDE_1.11.0/STM32CubeIDE/plugins/com.st.stm32cube.ide.mcu.externaltools.gnu-tools-for-stm32.11.3.rel1.win32_1.1.100.202309141235/tools/bin/../lib/gcc/arm-none-eabi/11.3.1/thumb/v7e-m+dp/hard/crtbegin.o
                                         0x44 (size before relaxing)
 .comment       0x0000000000000043       0x44 ./Core/Src/config.o
 .comment       0x0000000000000043       0x44 ./Core/Src/functions.o
 .comment       0x0000000000000043       0x44 ./Core/Src/main.o
 .comment       0x0000000000000043       0x44 ./Core/Src/stm32h7xx_hal_msp.o
 .comment       0x0000000000000043       0x44 ./Core/Src/stm32h7xx_it.o
 .comment       0x0000000000000043       0x44 ./Core/Src/system_stm32h7xx.o
 .comment       0x0000000000000043       0x44 ./Core/Src/transfer_functions.o
 .comment       0x0000000000000043       0x44 ./Drivers/STM32H7xx_HAL_Driver/Src/stm32h7xx_hal.o
 .comment       0x0000000000000043       0x44 ./Drivers/STM32H7xx_HAL_Driver/Src/stm32h7xx_hal_adc.o
 .comment       0x0000000000000043       0x44 ./Drivers/STM32H7xx_HAL_Driver/Src/stm32h7xx_hal_adc_ex.o
 .comment       0x0000000000000043       0x44 ./Drivers/STM32H7xx_HAL_Driver/Src/stm32h7xx_hal_cortex.o
 .comment       0x0000000000000043       0x44 ./Drivers/STM32H7xx_HAL_Driver/Src/stm32h7xx_hal_dma.o
 .comment       0x0000000000000043       0x44 ./Drivers/STM32H7xx_HAL_Driver/Src/stm32h7xx_hal_fdcan.o
 .comment       0x0000000000000043       0x44 ./Drivers/STM32H7xx_HAL_Driver/Src/stm32h7xx_hal_gpio.o
 .comment       0x0000000000000043       0x44 ./Drivers/STM32H7xx_HAL_Driver/Src/stm32h7xx_hal_i2c.o
 .comment       0x0000000000000043       0x44 ./Drivers/STM32H7xx_HAL_Driver/Src/stm32h7xx_hal_i2c_ex.o
 .comment       0x0000000000000043       0x44 ./Drivers/STM32H7xx_HAL_Driver/Src/stm32h7xx_hal_pwr_ex.o
 .comment       0x0000000000000043       0x44 ./Drivers/STM32H7xx_HAL_Driver/Src/stm32h7xx_hal_rcc.o
 .comment       0x0000000000000043       0x44 ./Drivers/STM32H7xx_HAL_Driver/Src/stm32h7xx_hal_rcc_ex.o
 .comment       0x0000000000000043       0x44 ./Drivers/STM32H7xx_HAL_Driver/Src/stm32h7xx_hal_tim.o
 .comment       0x0000000000000043       0x44 ./Drivers/STM32H7xx_HAL_Driver/Src/stm32h7xx_hal_tim_ex.o

.debug_info     0x0000000000000000    0x1cc0b
 .debug_info    0x0000000000000000      0x35c ./Core/Src/config.o
 .debug_info    0x000000000000035c      0xce1 ./Core/Src/functions.o
 .debug_info    0x000000000000103d     0x2bfa ./Core/Src/main.o
 .debug_info    0x0000000000003c37     0x2621 ./Core/Src/stm32h7xx_hal_msp.o
 .debug_info    0x0000000000006258     0x1042 ./Core/Src/stm32h7xx_it.o
 .debug_info    0x000000000000729a      0xc73 ./Core/Src/system_stm32h7xx.o
 .debug_info    0x0000000000007f0d      0x5f5 ./Core/Src/transfer_functions.o
 .debug_info    0x0000000000008502     0x1403 ./Drivers/STM32H7xx_HAL_Driver/Src/stm32h7xx_hal.o
 .debug_info    0x0000000000009905     0x1df8 ./Drivers/STM32H7xx_HAL_Driver/Src/stm32h7xx_hal_adc.o
 .debug_info    0x000000000000b6fd     0x1f1f ./Drivers/STM32H7xx_HAL_Driver/Src/stm32h7xx_hal_adc_ex.o
 .debug_info    0x000000000000d61c     0x10a0 ./Drivers/STM32H7xx_HAL_Driver/Src/stm32h7xx_hal_cortex.o
 .debug_info    0x000000000000e6bc      0xb67 ./Drivers/STM32H7xx_HAL_Driver/Src/stm32h7xx_hal_dma.o
 .debug_info    0x000000000000f223     0x2bb4 ./Drivers/STM32H7xx_HAL_Driver/Src/stm32h7xx_hal_fdcan.o
 .debug_info    0x0000000000011dd7      0xb2b ./Drivers/STM32H7xx_HAL_Driver/Src/stm32h7xx_hal_gpio.o
 .debug_info    0x0000000000012902     0x22a1 ./Drivers/STM32H7xx_HAL_Driver/Src/stm32h7xx_hal_i2c.o
 .debug_info    0x0000000000014ba3      0xc64 ./Drivers/STM32H7xx_HAL_Driver/Src/stm32h7xx_hal_i2c_ex.o
 .debug_info    0x0000000000015807      0xef7 ./Drivers/STM32H7xx_HAL_Driver/Src/stm32h7xx_hal_pwr_ex.o
 .debug_info    0x00000000000166fe      0xea1 ./Drivers/STM32H7xx_HAL_Driver/Src/stm32h7xx_hal_rcc.o
 .debug_info    0x000000000001759f     0x11fd ./Drivers/STM32H7xx_HAL_Driver/Src/stm32h7xx_hal_rcc_ex.o
 .debug_info    0x000000000001879c     0x2bae ./Drivers/STM32H7xx_HAL_Driver/Src/stm32h7xx_hal_tim.o
 .debug_info    0x000000000001b34a     0x18c1 ./Drivers/STM32H7xx_HAL_Driver/Src/stm32h7xx_hal_tim_ex.o

.debug_abbrev   0x0000000000000000     0x313a
 .debug_abbrev  0x0000000000000000      0x151 ./Core/Src/config.o
 .debug_abbrev  0x0000000000000151      0x227 ./Core/Src/functions.o
 .debug_abbrev  0x0000000000000378      0x360 ./Core/Src/main.o
 .debug_abbrev  0x00000000000006d8      0x28e ./Core/Src/stm32h7xx_hal_msp.o
 .debug_abbrev  0x0000000000000966      0x1b2 ./Core/Src/stm32h7xx_it.o
 .debug_abbrev  0x0000000000000b18      0x14a ./Core/Src/system_stm32h7xx.o
 .debug_abbrev  0x0000000000000c62      0x126 ./Core/Src/transfer_functions.o
 .debug_abbrev  0x0000000000000d88      0x291 ./Drivers/STM32H7xx_HAL_Driver/Src/stm32h7xx_hal.o
 .debug_abbrev  0x0000000000001019      0x2d3 ./Drivers/STM32H7xx_HAL_Driver/Src/stm32h7xx_hal_adc.o
 .debug_abbrev  0x00000000000012ec      0x31b ./Drivers/STM32H7xx_HAL_Driver/Src/stm32h7xx_hal_adc_ex.o
 .debug_abbrev  0x0000000000001607      0x339 ./Drivers/STM32H7xx_HAL_Driver/Src/stm32h7xx_hal_cortex.o
 .debug_abbrev  0x0000000000001940      0x248 ./Drivers/STM32H7xx_HAL_Driver/Src/stm32h7xx_hal_dma.o
 .debug_abbrev  0x0000000000001b88      0x288 ./Drivers/STM32H7xx_HAL_Driver/Src/stm32h7xx_hal_fdcan.o
 .debug_abbrev  0x0000000000001e10      0x1fa ./Drivers/STM32H7xx_HAL_Driver/Src/stm32h7xx_hal_gpio.o
 .debug_abbrev  0x000000000000200a      0x25d ./Drivers/STM32H7xx_HAL_Driver/Src/stm32h7xx_hal_i2c.o
 .debug_abbrev  0x0000000000002267      0x1f1 ./Drivers/STM32H7xx_HAL_Driver/Src/stm32h7xx_hal_i2c_ex.o
 .debug_abbrev  0x0000000000002458      0x297 ./Drivers/STM32H7xx_HAL_Driver/Src/stm32h7xx_hal_pwr_ex.o
 .debug_abbrev  0x00000000000026ef      0x2c5 ./Drivers/STM32H7xx_HAL_Driver/Src/stm32h7xx_hal_rcc.o
 .debug_abbrev  0x00000000000029b4      0x27a ./Drivers/STM32H7xx_HAL_Driver/Src/stm32h7xx_hal_rcc_ex.o
 .debug_abbrev  0x0000000000002c2e      0x276 ./Drivers/STM32H7xx_HAL_Driver/Src/stm32h7xx_hal_tim.o
 .debug_abbrev  0x0000000000002ea4      0x296 ./Drivers/STM32H7xx_HAL_Driver/Src/stm32h7xx_hal_tim_ex.o

.debug_aranges  0x0000000000000000     0x18f0
 .debug_aranges
                0x0000000000000000       0x30 ./Core/Src/config.o
 .debug_aranges
                0x0000000000000030       0x48 ./Core/Src/functions.o
 .debug_aranges
                0x0000000000000078       0x80 ./Core/Src/main.o
 .debug_aranges
                0x00000000000000f8       0x60 ./Core/Src/stm32h7xx_hal_msp.o
 .debug_aranges
                0x0000000000000158       0x80 ./Core/Src/stm32h7xx_it.o
 .debug_aranges
                0x00000000000001d8       0x28 ./Core/Src/system_stm32h7xx.o
 .debug_aranges
                0x0000000000000200       0x90 ./Core/Src/transfer_functions.o
 .debug_aranges
                0x0000000000000290      0x1a0 ./Drivers/STM32H7xx_HAL_Driver/Src/stm32h7xx_hal.o
 .debug_aranges
                0x0000000000000430      0x228 ./Drivers/STM32H7xx_HAL_Driver/Src/stm32h7xx_hal_adc.o
 .debug_aranges
                0x0000000000000658      0x1d8 ./Drivers/STM32H7xx_HAL_Driver/Src/stm32h7xx_hal_adc_ex.o
 .debug_aranges
                0x0000000000000830      0x130 ./Drivers/STM32H7xx_HAL_Driver/Src/stm32h7xx_hal_cortex.o
 .debug_aranges
                0x0000000000000960       0xa0 ./Drivers/STM32H7xx_HAL_Driver/Src/stm32h7xx_hal_dma.o
 .debug_aranges
                0x0000000000000a00      0x338 ./Drivers/STM32H7xx_HAL_Driver/Src/stm32h7xx_hal_fdcan.o
 .debug_aranges
                0x0000000000000d38       0x58 ./Drivers/STM32H7xx_HAL_Driver/Src/stm32h7xx_hal_gpio.o
 .debug_aranges
                0x0000000000000d90      0x2a0 ./Drivers/STM32H7xx_HAL_Driver/Src/stm32h7xx_hal_i2c.o
 .debug_aranges
                0x0000000000001030       0x48 ./Drivers/STM32H7xx_HAL_Driver/Src/stm32h7xx_hal_i2c_ex.o
 .debug_aranges
                0x0000000000001078      0x188 ./Drivers/STM32H7xx_HAL_Driver/Src/stm32h7xx_hal_pwr_ex.o
 .debug_aranges
                0x0000000000001200       0x88 ./Drivers/STM32H7xx_HAL_Driver/Src/stm32h7xx_hal_rcc.o
 .debug_aranges
                0x0000000000001288       0xf0 ./Drivers/STM32H7xx_HAL_Driver/Src/stm32h7xx_hal_rcc_ex.o
 .debug_aranges
                0x0000000000001378      0x3e0 ./Drivers/STM32H7xx_HAL_Driver/Src/stm32h7xx_hal_tim.o
 .debug_aranges
                0x0000000000001758      0x198 ./Drivers/STM32H7xx_HAL_Driver/Src/stm32h7xx_hal_tim_ex.o

.debug_rnglists
                0x0000000000000000     0x1377
 .debug_rnglists
                0x0000000000000000       0x21 ./Core/Src/config.o
 .debug_rnglists
                0x0000000000000021       0x34 ./Core/Src/functions.o
 .debug_rnglists
                0x0000000000000055       0x66 ./Core/Src/main.o
 .debug_rnglists
                0x00000000000000bb       0x48 ./Core/Src/stm32h7xx_hal_msp.o
 .debug_rnglists
                0x0000000000000103       0x5b ./Core/Src/stm32h7xx_it.o
 .debug_rnglists
                0x000000000000015e       0x1b ./Core/Src/system_stm32h7xx.o
 .debug_rnglists
                0x0000000000000179       0x67 ./Core/Src/transfer_functions.o
 .debug_rnglists
                0x00000000000001e0      0x137 ./Drivers/STM32H7xx_HAL_Driver/Src/stm32h7xx_hal.o
 .debug_rnglists
                0x0000000000000317      0x1a9 ./Drivers/STM32H7xx_HAL_Driver/Src/stm32h7xx_hal_adc.o
 .debug_rnglists
                0x00000000000004c0      0x16f ./Drivers/STM32H7xx_HAL_Driver/Src/stm32h7xx_hal_adc_ex.o
 .debug_rnglists
                0x000000000000062f       0xe0 ./Drivers/STM32H7xx_HAL_Driver/Src/stm32h7xx_hal_cortex.o
 .debug_rnglists
                0x000000000000070f       0x82 ./Drivers/STM32H7xx_HAL_Driver/Src/stm32h7xx_hal_dma.o
 .debug_rnglists
                0x0000000000000791      0x28b ./Drivers/STM32H7xx_HAL_Driver/Src/stm32h7xx_hal_fdcan.o
 .debug_rnglists
                0x0000000000000a1c       0x3f ./Drivers/STM32H7xx_HAL_Driver/Src/stm32h7xx_hal_gpio.o
 .debug_rnglists
                0x0000000000000a5b      0x22a ./Drivers/STM32H7xx_HAL_Driver/Src/stm32h7xx_hal_i2c.o
 .debug_rnglists
                0x0000000000000c85       0x35 ./Drivers/STM32H7xx_HAL_Driver/Src/stm32h7xx_hal_i2c_ex.o
 .debug_rnglists
                0x0000000000000cba      0x126 ./Drivers/STM32H7xx_HAL_Driver/Src/stm32h7xx_hal_pwr_ex.o
 .debug_rnglists
                0x0000000000000de0       0x68 ./Drivers/STM32H7xx_HAL_Driver/Src/stm32h7xx_hal_rcc.o
 .debug_rnglists
                0x0000000000000e48       0xba ./Drivers/STM32H7xx_HAL_Driver/Src/stm32h7xx_hal_rcc_ex.o
 .debug_rnglists
                0x0000000000000f02      0x328 ./Drivers/STM32H7xx_HAL_Driver/Src/stm32h7xx_hal_tim.o
 .debug_rnglists
                0x000000000000122a      0x14d ./Drivers/STM32H7xx_HAL_Driver/Src/stm32h7xx_hal_tim_ex.o

.debug_macro    0x0000000000000000    0x3406e
 .debug_macro   0x0000000000000000      0x300 ./Core/Src/config.o
 .debug_macro   0x0000000000000300      0xac0 ./Core/Src/config.o
 .debug_macro   0x0000000000000dc0      0x23e ./Core/Src/config.o
 .debug_macro   0x0000000000000ffe       0x2e ./Core/Src/config.o
 .debug_macro   0x000000000000102c       0x3b ./Core/Src/config.o
 .debug_macro   0x0000000000001067       0x22 ./Core/Src/config.o
 .debug_macro   0x0000000000001089       0x8e ./Core/Src/config.o
 .debug_macro   0x0000000000001117       0x51 ./Core/Src/config.o
 .debug_macro   0x0000000000001168      0x103 ./Core/Src/config.o
 .debug_macro   0x000000000000126b       0x6a ./Core/Src/config.o
 .debug_macro   0x00000000000012d5      0x1df ./Core/Src/config.o
 .debug_macro   0x00000000000014b4       0x1c ./Core/Src/config.o
 .debug_macro   0x00000000000014d0       0x22 ./Core/Src/config.o
 .debug_macro   0x00000000000014f2       0xfb ./Core/Src/config.o
 .debug_macro   0x00000000000015ed     0x1305 ./Core/Src/config.o
 .debug_macro   0x00000000000028f2      0x11f ./Core/Src/config.o
 .debug_macro   0x0000000000002a11       0x27 ./Core/Src/config.o
 .debug_macro   0x0000000000002a38    0x1f2aa ./Core/Src/config.o
 .debug_macro   0x0000000000021ce2       0x6d ./Core/Src/config.o
 .debug_macro   0x0000000000021d4f     0x3d80 ./Core/Src/config.o
 .debug_macro   0x0000000000025acf      0x174 ./Core/Src/config.o
 .debug_macro   0x0000000000025c43       0x61 ./Core/Src/config.o
 .debug_macro   0x0000000000025ca4       0x29 ./Core/Src/config.o
 .debug_macro   0x0000000000025ccd       0x43 ./Core/Src/config.o
 .debug_macro   0x0000000000025d10       0x34 ./Core/Src/config.o
 .debug_macro   0x0000000000025d44       0x16 ./Core/Src/config.o
 .debug_macro   0x0000000000025d5a       0x43 ./Core/Src/config.o
 .debug_macro   0x0000000000025d9d       0x34 ./Core/Src/config.o
 .debug_macro   0x0000000000025dd1       0x10 ./Core/Src/config.o
 .debug_macro   0x0000000000025de1       0x58 ./Core/Src/config.o
 .debug_macro   0x0000000000025e39       0x8e ./Core/Src/config.o
 .debug_macro   0x0000000000025ec7       0x1c ./Core/Src/config.o
 .debug_macro   0x0000000000025ee3      0x177 ./Core/Src/config.o
 .debug_macro   0x000000000002605a      0x369 ./Core/Src/config.o
 .debug_macro   0x00000000000263c3      0x19b ./Core/Src/config.o
 .debug_macro   0x000000000002655e       0x5d ./Core/Src/config.o
 .debug_macro   0x00000000000265bb     0x2606 ./Core/Src/config.o
 .debug_macro   0x0000000000028bc1     0x103a ./Core/Src/config.o
 .debug_macro   0x0000000000029bfb      0x154 ./Core/Src/config.o
 .debug_macro   0x0000000000029d4f      0x114 ./Core/Src/config.o
 .debug_macro   0x0000000000029e63      0x3d5 ./Core/Src/config.o
 .debug_macro   0x000000000002a238       0xac ./Core/Src/config.o
 .debug_macro   0x000000000002a2e4      0x70a ./Core/Src/config.o
 .debug_macro   0x000000000002a9ee      0x20c ./Core/Src/config.o
 .debug_macro   0x000000000002abfa       0x66 ./Core/Src/config.o
 .debug_macro   0x000000000002ac60      0x3c9 ./Core/Src/config.o
 .debug_macro   0x000000000002b029      0x3eb ./Core/Src/config.o
 .debug_macro   0x000000000002b414      0x275 ./Core/Src/config.o
 .debug_macro   0x000000000002b689     0x102f ./Core/Src/config.o
 .debug_macro   0x000000000002c6b8      0x6c5 ./Core/Src/config.o
 .debug_macro   0x000000000002cd7d      0x34b ./Core/Src/config.o
 .debug_macro   0x000000000002d0c8      0xe42 ./Core/Src/config.o
 .debug_macro   0x000000000002df0a      0x380 ./Core/Src/config.o
 .debug_macro   0x000000000002e28a      0x44e ./Core/Src/config.o
 .debug_macro   0x000000000002e6d8       0x43 ./Core/Src/config.o
 .debug_macro   0x000000000002e71b       0x4a ./Core/Src/config.o
 .debug_macro   0x000000000002e765      0x22c ./Core/Src/config.o
 .debug_macro   0x000000000002e991       0x67 ./Core/Src/config.o
 .debug_macro   0x000000000002e9f8       0xa5 ./Core/Src/config.o
 .debug_macro   0x000000000002ea9d      0x1bd ./Core/Src/config.o
 .debug_macro   0x000000000002ec5a      0x2ab ./Core/Src/config.o
 .debug_macro   0x000000000002ef05       0x35 ./Core/Src/config.o
 .debug_macro   0x000000000002ef3a      0xb24 ./Core/Src/config.o
 .debug_macro   0x000000000002fa5e      0x29f ./Core/Src/config.o
 .debug_macro   0x000000000002fcfd      0x5be ./Core/Src/config.o
 .debug_macro   0x00000000000302bb       0x22 ./Core/Src/config.o
 .debug_macro   0x00000000000302dd      0x302 ./Core/Src/functions.o
 .debug_macro   0x00000000000305df      0x35a ./Core/Src/main.o
 .debug_macro   0x0000000000030939       0x1c ./Core/Src/main.o
 .debug_macro   0x0000000000030955       0x35 ./Core/Src/main.o
 .debug_macro   0x000000000003098a       0x10 ./Core/Src/main.o
 .debug_macro   0x000000000003099a       0x1c ./Core/Src/main.o
 .debug_macro   0x00000000000309b6       0x16 ./Core/Src/main.o
 .debug_macro   0x00000000000309cc      0x147 ./Core/Src/main.o
 .debug_macro   0x0000000000030b13       0x16 ./Core/Src/main.o
 .debug_macro   0x0000000000030b29       0x20 ./Core/Src/main.o
 .debug_macro   0x0000000000030b49      0x2f6 ./Core/Src/stm32h7xx_hal_msp.o
 .debug_macro   0x0000000000030e3f      0x300 ./Core/Src/stm32h7xx_it.o
 .debug_macro   0x000000000003113f      0x2d3 ./Core/Src/system_stm32h7xx.o
 .debug_macro   0x0000000000031412      0x306 ./Core/Src/transfer_functions.o
 .debug_macro   0x0000000000031718      0x2eb ./Drivers/STM32H7xx_HAL_Driver/Src/stm32h7xx_hal.o
 .debug_macro   0x0000000000031a03      0x2e5 ./Drivers/STM32H7xx_HAL_Driver/Src/stm32h7xx_hal_adc.o
 .debug_macro   0x0000000000031ce8      0x2cd ./Drivers/STM32H7xx_HAL_Driver/Src/stm32h7xx_hal_adc_ex.o
 .debug_macro   0x0000000000031fb5      0x2c1 ./Drivers/STM32H7xx_HAL_Driver/Src/stm32h7xx_hal_cortex.o
 .debug_macro   0x0000000000032276      0x315 ./Drivers/STM32H7xx_HAL_Driver/Src/stm32h7xx_hal_dma.o
 .debug_macro   0x000000000003258b      0x386 ./Drivers/STM32H7xx_HAL_Driver/Src/stm32h7xx_hal_fdcan.o
 .debug_macro   0x0000000000032911      0x2c8 ./Drivers/STM32H7xx_HAL_Driver/Src/stm32h7xx_hal_gpio.o
 .debug_macro   0x0000000000032bd9      0x38d ./Drivers/STM32H7xx_HAL_Driver/Src/stm32h7xx_hal_i2c.o
 .debug_macro   0x0000000000032f66      0x2c1 ./Drivers/STM32H7xx_HAL_Driver/Src/stm32h7xx_hal_i2c_ex.o
 .debug_macro   0x0000000000033227      0x2fa ./Drivers/STM32H7xx_HAL_Driver/Src/stm32h7xx_hal_pwr_ex.o
 .debug_macro   0x0000000000033521      0x2e5 ./Drivers/STM32H7xx_HAL_Driver/Src/stm32h7xx_hal_rcc.o
 .debug_macro   0x0000000000033806      0x2df ./Drivers/STM32H7xx_HAL_Driver/Src/stm32h7xx_hal_rcc_ex.o
 .debug_macro   0x0000000000033ae5      0x2c2 ./Drivers/STM32H7xx_HAL_Driver/Src/stm32h7xx_hal_tim.o
 .debug_macro   0x0000000000033da7      0x2c7 ./Drivers/STM32H7xx_HAL_Driver/Src/stm32h7xx_hal_tim_ex.o

.debug_line     0x0000000000000000    0x1f5dc
 .debug_line    0x0000000000000000      0xa1f ./Core/Src/config.o
 .debug_line    0x0000000000000a1f      0xac0 ./Core/Src/functions.o
 .debug_line    0x00000000000014df      0xf0f ./Core/Src/main.o
 .debug_line    0x00000000000023ee      0xbef ./Core/Src/stm32h7xx_hal_msp.o
 .debug_line    0x0000000000002fdd      0xa6e ./Core/Src/stm32h7xx_it.o
 .debug_line    0x0000000000003a4b      0xabc ./Core/Src/system_stm32h7xx.o
 .debug_line    0x0000000000004507      0xb02 ./Core/Src/transfer_functions.o
 .debug_line    0x0000000000005009      0xec9 ./Drivers/STM32H7xx_HAL_Driver/Src/stm32h7xx_hal.o
 .debug_line    0x0000000000005ed2     0x20fc ./Drivers/STM32H7xx_HAL_Driver/Src/stm32h7xx_hal_adc.o
 .debug_line    0x0000000000007fce     0x1e21 ./Drivers/STM32H7xx_HAL_Driver/Src/stm32h7xx_hal_adc_ex.o
 .debug_line    0x0000000000009def      0xef3 ./Drivers/STM32H7xx_HAL_Driver/Src/stm32h7xx_hal_cortex.o
 .debug_line    0x000000000000ace2     0x293a ./Drivers/STM32H7xx_HAL_Driver/Src/stm32h7xx_hal_dma.o
 .debug_line    0x000000000000d61c     0x2821 ./Drivers/STM32H7xx_HAL_Driver/Src/stm32h7xx_hal_fdcan.o
 .debug_line    0x000000000000fe3d      0xd82 ./Drivers/STM32H7xx_HAL_Driver/Src/stm32h7xx_hal_gpio.o
 .debug_line    0x0000000000010bbf     0x3e88 ./Drivers/STM32H7xx_HAL_Driver/Src/stm32h7xx_hal_i2c.o
 .debug_line    0x0000000000014a47      0xb2f ./Drivers/STM32H7xx_HAL_Driver/Src/stm32h7xx_hal_i2c_ex.o
 .debug_line    0x0000000000015576     0x102e ./Drivers/STM32H7xx_HAL_Driver/Src/stm32h7xx_hal_pwr_ex.o
 .debug_line    0x00000000000165a4     0x141a ./Drivers/STM32H7xx_HAL_Driver/Src/stm32h7xx_hal_rcc.o
 .debug_line    0x00000000000179be     0x1c98 ./Drivers/STM32H7xx_HAL_Driver/Src/stm32h7xx_hal_rcc_ex.o
 .debug_line    0x0000000000019656     0x4034 ./Drivers/STM32H7xx_HAL_Driver/Src/stm32h7xx_hal_tim.o
 .debug_line    0x000000000001d68a     0x1f52 ./Drivers/STM32H7xx_HAL_Driver/Src/stm32h7xx_hal_tim_ex.o

.debug_str      0x0000000000000000   0x15a874
 .debug_str     0x0000000000000000   0x15050d ./Core/Src/config.o
                                     0x150bcd (size before relaxing)
 .debug_str     0x000000000015050d      0x6f9 ./Core/Src/functions.o
                                     0x151250 (size before relaxing)
 .debug_str     0x0000000000150c06     0x1f52 ./Core/Src/main.o
                                     0x153413 (size before relaxing)
 .debug_str     0x0000000000152b58      0x44a ./Core/Src/stm32h7xx_hal_msp.o
                                     0x152a0b (size before relaxing)
 .debug_str     0x0000000000152fa2      0x151 ./Core/Src/stm32h7xx_it.o
                                     0x1516d6 (size before relaxing)
 .debug_str     0x00000000001530f3      0x368 ./Core/Src/system_stm32h7xx.o
                                     0x150f99 (size before relaxing)
 .debug_str     0x000000000015345b       0xcb ./Core/Src/transfer_functions.o
                                     0x150beb (size before relaxing)
 .debug_str     0x0000000000153526      0x7f2 ./Drivers/STM32H7xx_HAL_Driver/Src/stm32h7xx_hal.o
                                     0x151e3c (size before relaxing)
 .debug_str     0x0000000000153d18      0xaff ./Drivers/STM32H7xx_HAL_Driver/Src/stm32h7xx_hal_adc.o
                                     0x151c9d (size before relaxing)
 .debug_str     0x0000000000154817      0x7c4 ./Drivers/STM32H7xx_HAL_Driver/Src/stm32h7xx_hal_adc_ex.o
                                     0x151ce9 (size before relaxing)
 .debug_str     0x0000000000154fdb      0x364 ./Drivers/STM32H7xx_HAL_Driver/Src/stm32h7xx_hal_cortex.o
                                     0x151884 (size before relaxing)
 .debug_str     0x000000000015533f      0x883 ./Drivers/STM32H7xx_HAL_Driver/Src/stm32h7xx_hal_dma.o
                                     0x15166e (size before relaxing)
 .debug_str     0x0000000000155bc2     0x1a1f ./Drivers/STM32H7xx_HAL_Driver/Src/stm32h7xx_hal_fdcan.o
                                     0x152c39 (size before relaxing)
 .debug_str     0x00000000001575e1       0xde ./Drivers/STM32H7xx_HAL_Driver/Src/stm32h7xx_hal_gpio.o
                                     0x150ef0 (size before relaxing)
 .debug_str     0x00000000001576bf      0xdc7 ./Drivers/STM32H7xx_HAL_Driver/Src/stm32h7xx_hal_i2c.o
                                     0x151f9a (size before relaxing)
 .debug_str     0x0000000000158486       0xb8 ./Drivers/STM32H7xx_HAL_Driver/Src/stm32h7xx_hal_i2c_ex.o
                                     0x151335 (size before relaxing)
 .debug_str     0x000000000015853e      0x738 ./Drivers/STM32H7xx_HAL_Driver/Src/stm32h7xx_hal_pwr_ex.o
                                     0x151475 (size before relaxing)
 .debug_str     0x0000000000158c76      0x21a ./Drivers/STM32H7xx_HAL_Driver/Src/stm32h7xx_hal_rcc.o
                                     0x151318 (size before relaxing)
 .debug_str     0x0000000000158e90      0x5f6 ./Drivers/STM32H7xx_HAL_Driver/Src/stm32h7xx_hal_rcc_ex.o
                                     0x1517ad (size before relaxing)
 .debug_str     0x0000000000159486      0xdf8 ./Drivers/STM32H7xx_HAL_Driver/Src/stm32h7xx_hal_tim.o
                                     0x152085 (size before relaxing)
 .debug_str     0x000000000015a27e      0x5f6 ./Drivers/STM32H7xx_HAL_Driver/Src/stm32h7xx_hal_tim_ex.o
                                     0x151a32 (size before relaxing)

.debug_frame    0x0000000000000000     0x6df8
 .debug_frame   0x0000000000000000       0x84 ./Core/Src/config.o
 .debug_frame   0x0000000000000084       0xec ./Core/Src/functions.o
 .debug_frame   0x0000000000000170      0x1b4 ./Core/Src/main.o
 .debug_frame   0x0000000000000324      0x160 ./Core/Src/stm32h7xx_hal_msp.o
 .debug_frame   0x0000000000000484      0x178 ./Core/Src/stm32h7xx_it.o
 .debug_frame   0x00000000000005fc       0x58 ./Core/Src/system_stm32h7xx.o
 .debug_frame   0x0000000000000654      0x268 ./Core/Src/transfer_functions.o
 .debug_frame   0x00000000000008bc      0x6a8 ./Drivers/STM32H7xx_HAL_Driver/Src/stm32h7xx_hal.o
 .debug_frame   0x0000000000000f64      0xa28 ./Drivers/STM32H7xx_HAL_Driver/Src/stm32h7xx_hal_adc.o
 .debug_frame   0x000000000000198c      0x88c ./Drivers/STM32H7xx_HAL_Driver/Src/stm32h7xx_hal_adc_ex.o
 .debug_frame   0x0000000000002218      0x508 ./Drivers/STM32H7xx_HAL_Driver/Src/stm32h7xx_hal_cortex.o
 .debug_frame   0x0000000000002720      0x2b4 ./Drivers/STM32H7xx_HAL_Driver/Src/stm32h7xx_hal_dma.o
 .debug_frame   0x00000000000029d4      0xf9c ./Drivers/STM32H7xx_HAL_Driver/Src/stm32h7xx_hal_fdcan.o
 .debug_frame   0x0000000000003970      0x14c ./Drivers/STM32H7xx_HAL_Driver/Src/stm32h7xx_hal_gpio.o
 .debug_frame   0x0000000000003abc      0xc40 ./Drivers/STM32H7xx_HAL_Driver/Src/stm32h7xx_hal_i2c.o
 .debug_frame   0x00000000000046fc      0x100 ./Drivers/STM32H7xx_HAL_Driver/Src/stm32h7xx_hal_i2c_ex.o
 .debug_frame   0x00000000000047fc      0x660 ./Drivers/STM32H7xx_HAL_Driver/Src/stm32h7xx_hal_pwr_ex.o
 .debug_frame   0x0000000000004e5c      0x1fc ./Drivers/STM32H7xx_HAL_Driver/Src/stm32h7xx_hal_rcc.o
 .debug_frame   0x0000000000005058      0x3ec ./Drivers/STM32H7xx_HAL_Driver/Src/stm32h7xx_hal_rcc_ex.o
 .debug_frame   0x0000000000005444     0x121c ./Drivers/STM32H7xx_HAL_Driver/Src/stm32h7xx_hal_tim.o
 .debug_frame   0x0000000000006660      0x724 ./Drivers/STM32H7xx_HAL_Driver/Src/stm32h7xx_hal_tim_ex.o
 .debug_frame   0x0000000000006d84       0x20 C:/ST/STM32CubeIDE_1.11.0/STM32CubeIDE/plugins/com.st.stm32cube.ide.mcu.externaltools.gnu-tools-for-stm32.11.3.rel1.win32_1.1.100.202309141235/tools/bin/../lib/gcc/arm-none-eabi/11.3.1/../../../../arm-none-eabi/lib/thumb/v7e-m+dp/hard\libc_nano.a(libc_a-memset.o)
 .debug_frame   0x0000000000006da4       0x2c C:/ST/STM32CubeIDE_1.11.0/STM32CubeIDE/plugins/com.st.stm32cube.ide.mcu.externaltools.gnu-tools-for-stm32.11.3.rel1.win32_1.1.100.202309141235/tools/bin/../lib/gcc/arm-none-eabi/11.3.1/../../../../arm-none-eabi/lib/thumb/v7e-m+dp/hard\libc_nano.a(libc_a-init.o)
 .debug_frame   0x0000000000006dd0       0x28 C:/ST/STM32CubeIDE_1.11.0/STM32CubeIDE/plugins/com.st.stm32cube.ide.mcu.externaltools.gnu-tools-for-stm32.11.3.rel1.win32_1.1.100.202309141235/tools/bin/../lib/gcc/arm-none-eabi/11.3.1/../../../../arm-none-eabi/lib/thumb/v7e-m+dp/hard\libc_nano.a(libc_a-memcpy-stub.o)
