../Core/Src/main.c:102:5:main	8
../Core/Src/main.c:170:6:SystemClock_Config	4
../Core/Src/main.c:229:13:MX_ADC1_Init	19
../Core/Src/main.c:432:13:MX_FDCAN1_Init	2
../Core/Src/main.c:494:13:MX_FDCAN2_Init	2
../Core/Src/main.c:555:13:MX_I2C1_Init	4
../Core/Src/main.c:603:13:MX_I2C3_Init	4
../Core/Src/main.c:651:13:MX_I2C4_Init	4
../Core/Src/main.c:699:13:MX_TIM3_Init	4
../Core/Src/main.c:742:13:MX_DMA_Init	1
../Core/Src/main.c:760:13:MX_GPIO_Init	1
../Core/Src/main.c:797:6:HAL_ADC_ConvCpltCallback	7
../Core/Src/main.c:827:6:Error_Handler	1
