../Core/Src/main.c:86:5:main	8	static
../Core/Src/main.c:138:6:SystemClock_Config	120	static
../Core/Src/main.c:201:13:MX_ADC1_Init	48	static
../Core/Src/main.c:404:13:MX_FDCAN1_Init	8	static
../Core/Src/main.c:457:13:MX_FDCAN2_Init	8	static
../Core/Src/main.c:510:13:MX_I2C1_Init	8	static
../Core/Src/main.c:558:13:MX_I2C3_Init	8	static
../Core/Src/main.c:606:13:MX_I2C4_Init	8	static
../Core/Src/main.c:652:13:MX_DMA_Init	16	static
../Core/Src/main.c:670:13:MX_GPIO_Init	24	static
../Core/Src/main.c:686:6:HAL_ADC_ConvCpltCallback	32	static
../Core/Src/main.c:708:6:print	16	static
../Core/Src/main.c:719:6:Error_Handler	4	static,ignoring_inline_asm
